<html>
<body>
<pre>
<h1>µVision Build Log</h1>
<h2>Project:</h2>
C:\Keil\EE319Kware\InputOutput_4C123\new project 2\delay function.uvproj
Project File Date:  06/06/2021

<h2>Output:</h2>
Build target 'Target 1'
compiling main.c...
main.c(28): warning:  #1-D: last line of file ends without a newline
                                        
main.c: 1 warning, 0 errors
linking...
Program Size: Code=1664 RO-data=636 RW-data=0 ZI-data=608  
".\delay function.axf" - 0 Error(s), 1 Warning(s).
</pre>
</body>
</html>
