ARM Linker, 5.03 [Build 76] [MDK-ARM Lite]

==============================================================================

Section Cross References

    startup_tm4c123.o(STACK) refers (Special) to heapauxi.o(.text) for __use_two_region_memory
    startup_tm4c123.o(HEAP) refers (Special) to heapauxi.o(.text) for __use_two_region_memory
    startup_tm4c123.o(RESET) refers (Special) to heapauxi.o(.text) for __use_two_region_memory
    startup_tm4c123.o(RESET) refers to startup_tm4c123.o(STACK) for __initial_sp
    startup_tm4c123.o(RESET) refers to startup_tm4c123.o(.text) for Reset_Handler
    startup_tm4c123.o(.text) refers (Special) to heapauxi.o(.text) for __use_two_region_memory
    startup_tm4c123.o(.text) refers to __main.o(!!!main) for __main
    startup_tm4c123.o(.text) refers to startup_tm4c123.o(HEAP) for Heap_Mem
    startup_tm4c123.o(.text) refers to startup_tm4c123.o(STACK) for Stack_Mem
    main.o(.text) refers to strtod.o(i.strtod) for strtod
    main.o(.text) refers to ddiv.o(x$fpl$ddiv) for __aeabi_ddiv
    main.o(.text) refers to dfix.o(x$fpl$dfix) for __aeabi_d2iz
    main.o(.text) refers to dflt_clz.o(x$fpl$dflt) for __aeabi_i2d
    main.o(.text) refers to daddsub_clz.o(x$fpl$drsb) for __aeabi_drsub
    main.o(.text) refers to dmul.o(x$fpl$dmul) for __aeabi_dmul
    main.o(.text) refers to daddsub_clz.o(x$fpl$dadd) for __aeabi_dadd
    main.o(.text) refers to dflt_clz.o(x$fpl$dfltu) for __aeabi_ui2d
    main.o(.text) refers to dfixu.o(x$fpl$dfixu) for __aeabi_d2uiz
    main.o(.text) refers to cos.o(i.cos) for cos
    main.o(.text) refers to daddsub_clz.o(x$fpl$dsub) for __aeabi_dsub
    main.o(.text) refers to sqrt.o(i.sqrt) for sqrt
    main.o(.text) refers to main.o(.data) for latitude
    main.o(.text) refers to rt_memclr_w.o(.text) for __aeabi_memclr4
    __main.o(!!!main) refers to rtentry.o(.ARM.Collect$$rtentry$$00000000) for __rt_entry
    daddsub_clz.o(x$fpl$dadd) refers (Special) to usenofp.o(x$fpl$usenofp) for __I$use$fp
    daddsub_clz.o(x$fpl$dadd) refers to daddsub_clz.o(x$fpl$dsub) for _dsub1
    daddsub_clz.o(x$fpl$dadd) refers to dretinf.o(x$fpl$dretinf) for __fpl_dretinf
    daddsub_clz.o(x$fpl$dadd) refers to dnaninf.o(x$fpl$dnaninf) for __fpl_dnaninf
    daddsub_clz.o(x$fpl$drsb) refers (Special) to usenofp.o(x$fpl$usenofp) for __I$use$fp
    daddsub_clz.o(x$fpl$drsb) refers to daddsub_clz.o(x$fpl$dadd) for _dadd1
    daddsub_clz.o(x$fpl$drsb) refers to daddsub_clz.o(x$fpl$dsub) for _dsub1
    daddsub_clz.o(x$fpl$dsub) refers (Special) to usenofp.o(x$fpl$usenofp) for __I$use$fp
    daddsub_clz.o(x$fpl$dsub) refers to daddsub_clz.o(x$fpl$dadd) for _dadd1
    daddsub_clz.o(x$fpl$dsub) refers to dnaninf.o(x$fpl$dnaninf) for __fpl_dnaninf
    ddiv.o(x$fpl$drdiv) refers (Special) to usenofp.o(x$fpl$usenofp) for __I$use$fp
    ddiv.o(x$fpl$drdiv) refers to ddiv.o(x$fpl$ddiv) for ddiv_entry
    ddiv.o(x$fpl$ddiv) refers (Special) to usenofp.o(x$fpl$usenofp) for __I$use$fp
    ddiv.o(x$fpl$ddiv) refers to dretinf.o(x$fpl$dretinf) for __fpl_dretinf
    ddiv.o(x$fpl$ddiv) refers to dnaninf.o(x$fpl$dnaninf) for __fpl_dnaninf
    dfix.o(x$fpl$dfix) refers (Special) to usenofp.o(x$fpl$usenofp) for __I$use$fp
    dfix.o(x$fpl$dfix) refers to dnaninf.o(x$fpl$dnaninf) for __fpl_dnaninf
    dfix.o(x$fpl$dfixr) refers (Special) to usenofp.o(x$fpl$usenofp) for __I$use$fp
    dfix.o(x$fpl$dfixr) refers to dnaninf.o(x$fpl$dnaninf) for __fpl_dnaninf
    dfixu.o(x$fpl$dfixu) refers (Special) to usenofp.o(x$fpl$usenofp) for __I$use$fp
    dfixu.o(x$fpl$dfixu) refers to dnaninf.o(x$fpl$dnaninf) for __fpl_dnaninf
    dfixu.o(x$fpl$dfixur) refers (Special) to usenofp.o(x$fpl$usenofp) for __I$use$fp
    dfixu.o(x$fpl$dfixur) refers to dnaninf.o(x$fpl$dnaninf) for __fpl_dnaninf
    dflt_clz.o(x$fpl$dfltu) refers (Special) to usenofp.o(x$fpl$usenofp) for __I$use$fp
    dflt_clz.o(x$fpl$dflt) refers (Special) to usenofp.o(x$fpl$usenofp) for __I$use$fp
    dflt_clz.o(x$fpl$dfltn) refers (Special) to usenofp.o(x$fpl$usenofp) for __I$use$fp
    dmul.o(x$fpl$dmul) refers (Special) to usenofp.o(x$fpl$usenofp) for __I$use$fp
    dmul.o(x$fpl$dmul) refers to dretinf.o(x$fpl$dretinf) for __fpl_dretinf
    dmul.o(x$fpl$dmul) refers to dnaninf.o(x$fpl$dnaninf) for __fpl_dnaninf
    cos.o(i.__softfp_cos) refers (Special) to usenofp.o(x$fpl$usenofp) for __I$use$fp
    cos.o(i.__softfp_cos) refers to cos.o(i.cos) for cos
    cos.o(i.cos) refers (Special) to usenofp.o(x$fpl$usenofp) for __I$use$fp
    cos.o(i.cos) refers to _rserrno.o(.text) for __set_errno
    cos.o(i.cos) refers to ddiv.o(x$fpl$ddiv) for __aeabi_ddiv
    cos.o(i.cos) refers to scalbn.o(x$fpl$scalbn) for __ARM_scalbn
    cos.o(i.cos) refers to rred.o(i.__ieee754_rem_pio2) for __ieee754_rem_pio2
    cos.o(i.cos) refers to sin_i.o(i.__kernel_sin) for __kernel_sin
    cos.o(i.cos) refers to cos_i.o(i.__kernel_cos) for __kernel_cos
    cos_x.o(i.____softfp_cos$lsc) refers (Special) to usenofp.o(x$fpl$usenofp) for __I$use$fp
[...]
    rtexit.o(.ARM.Collect$$rtexit$$00000000) refers (Special) to rtexit2.o(.ARM.Collect$$rtexit$$00000003) for __rt_exit_ls
    rtexit.o(.ARM.Collect$$rtexit$$00000000) refers (Special) to rtexit2.o(.ARM.Collect$$rtexit$$00000002) for __rt_exit_prels_1
    rtexit.o(.ARM.exidx) refers (Special) to rtexit2.o(.ARM.Collect$$rtexit$$00000004) for __rt_exit_exit
    rtexit.o(.ARM.exidx) refers (Special) to rtexit2.o(.ARM.Collect$$rtexit$$00000003) for __rt_exit_ls
    rtexit.o(.ARM.exidx) refers (Special) to rtexit2.o(.ARM.Collect$$rtexit$$00000002) for __rt_exit_prels_1
    rtexit.o(.ARM.exidx) refers to rtexit.o(.ARM.Collect$$rtexit$$00000000) for .ARM.Collect$$rtexit$$00000000
    rt_locale.o(.text) refers to rt_locale.o(.bss) for __rt_locale_data
    rt_locale_intlibspace.o(.text) refers to libspace.o(.bss) for __libspace_start
    bigflt0.o(.text) refers (Special) to usenofp.o(x$fpl$usenofp) for __I$use$fp
    bigflt0.o(.text) refers to btod.o(CL$$btod_emul) for _btod_emul
    bigflt0.o(.text) refers to btod.o(CL$$btod_ediv) for _btod_ediv
    bigflt0.o(.text) refers to bigflt0.o(.constdata) for .constdata
    bigflt0.o(.constdata) refers (Special) to usenofp.o(x$fpl$usenofp) for __I$use$fp
    btod.o(CL$$btod_d2e) refers (Special) to usenofp.o(x$fpl$usenofp) for __I$use$fp
    btod.o(CL$$btod_d2e) refers to btod.o(CL$$btod_d2e_norm_op1) for _d2e_norm_op1
    btod.o(CL$$btod_d2e_norm_op1) refers (Special) to usenofp.o(x$fpl$usenofp) for __I$use$fp
    btod.o(CL$$btod_d2e_norm_op1) refers to btod.o(CL$$btod_d2e_denorm_low) for _d2e_denorm_low
    btod.o(CL$$btod_d2e_denorm_low) refers (Special) to usenofp.o(x$fpl$usenofp) for __I$use$fp
    btod.o(CL$$btod_emul) refers (Special) to usenofp.o(x$fpl$usenofp) for __I$use$fp
    btod.o(CL$$btod_emul) refers to btod.o(CL$$btod_mult_common) for __btod_mult_common
    btod.o(CL$$btod_emul) refers to btod.o(CL$$btod_e2e) for _e2e
    btod.o(CL$$btod_ediv) refers (Special) to usenofp.o(x$fpl$usenofp) for __I$use$fp
    btod.o(CL$$btod_ediv) refers to btod.o(CL$$btod_div_common) for __btod_div_common
    btod.o(CL$$btod_ediv) refers to btod.o(CL$$btod_e2e) for _e2e
    btod.o(CL$$btod_emuld) refers (Special) to usenofp.o(x$fpl$usenofp) for __I$use$fp
    btod.o(CL$$btod_emuld) refers to btod.o(CL$$btod_mult_common) for __btod_mult_common
    btod.o(CL$$btod_emuld) refers to btod.o(CL$$btod_e2d) for _e2d
    btod.o(CL$$btod_edivd) refers (Special) to usenofp.o(x$fpl$usenofp) for __I$use$fp
    btod.o(CL$$btod_edivd) refers to btod.o(CL$$btod_div_common) for __btod_div_common
    btod.o(CL$$btod_edivd) refers to btod.o(CL$$btod_e2d) for _e2d
    btod.o(CL$$btod_e2e) refers (Special) to usenofp.o(x$fpl$usenofp) for __I$use$fp
    btod.o(CL$$btod_e2d) refers (Special) to usenofp.o(x$fpl$usenofp) for __I$use$fp
    btod.o(CL$$btod_e2d) refers to btod.o(CL$$btod_e2e) for _e2e
    btod.o(CL$$btod_mult_common) refers (Special) to usenofp.o(x$fpl$usenofp) for __I$use$fp
    btod.o(CL$$btod_div_common) refers (Special) to usenofp.o(x$fpl$usenofp) for __I$use$fp
    lc_ctype_c.o(locale$$data) refers (Special) to libinit2.o(.ARM.Collect$$libinit$$00000010) for __rt_lib_init_lc_ctype_2
    lc_ctype_c.o(locale$$code) refers (Special) to libinit2.o(.ARM.Collect$$libinit$$00000010) for __rt_lib_init_lc_ctype_2
    lc_ctype_c.o(locale$$code) refers to strcmpv7m.o(.text) for strcmp
    lc_ctype_c.o(locale$$code) refers to lc_ctype_c.o(locale$$data) for __lcctype_c_name
    argv_veneer.o(.emb_text) refers to no_argv.o(.text) for __ARM_get_argv
    fpconst.o(c$$dinf) refers (Special) to usenofp.o(x$fpl$usenofp) for __I$use$fp
    fpconst.o(c$$dnan) refers (Special) to usenofp.o(x$fpl$usenofp) for __I$use$fp
    fpconst.o(c$$finf) refers (Special) to usenofp.o(x$fpl$usenofp) for __I$use$fp
    istatus.o(x$fpl$ieeestatus) refers (Special) to usenofp.o(x$fpl$usenofp) for __I$use$fp
    scanf2.o(x$fpl$scanf2) refers to scanf_hexfp.o(.text) for _scanf_really_hex_real
    scanf2.o(x$fpl$scanf2) refers to scanf_infnan.o(.text) for _scanf_really_infnan
    scanf2b.o(x$fpl$scanf2) refers to scanf_hexfp.o(.text) for _scanf_really_hex_real
    scanf2b.o(x$fpl$scanf2) refers to scanf_infnan.o(.text) for _scanf_really_infnan
    trapv.o(x$fpl$trapveneer) refers (Special) to usenofp.o(x$fpl$usenofp) for __I$use$fp
    narrow.o(i.__mathlib_narrow) refers (Special) to usenofp.o(x$fpl$usenofp) for __I$use$fp
    narrow.o(i.__mathlib_narrow) refers to narrow.o(i.__mathlib_tofloat) for __mathlib_tofloat
    narrow.o(i.__mathlib_tofloat) refers (Special) to usenofp.o(x$fpl$usenofp) for __I$use$fp
    narrow.o(i.__mathlib_tofloat) refers to frexp.o(i.frexp) for frexp
    narrow.o(i.__mathlib_tofloat) refers to deqf.o(x$fpl$deqf) for __aeabi_cdcmpeq
    narrow.o(i.__mathlib_tofloat) refers to d2f.o(x$fpl$d2f) for __aeabi_d2f
    narrow.o(i.__mathlib_tofloat) refers to _rserrno.o(.text) for __set_errno
    narrow.o(i.__mathlib_tofloat) refers to drleqf.o(x$fpl$drleqf) for __aeabi_cdrcmple
    narrow.o(i.__softfp___mathlib_tofloat) refers (Special) to usenofp.o(x$fpl$usenofp) for __I$use$fp
    narrow.o(i.__softfp___mathlib_tofloat) refers to narrow.o(i.__mathlib_tofloat) for __mathlib_tofloat
    rtexit2.o(.ARM.Collect$$rtexit$$00000003) refers to libshutdown.o(.ARM.Collect$$libshutdown$$00000000) for __rt_lib_shutdown
    rtexit2.o(.ARM.Collect$$rtexit$$00000004) refers to sys_exit.o(.text) for _sys_exit
    rtexit2.o(.ARM.exidx) refers to rtexit2.o(.ARM.Collect$$rtexit$$00000001) for .ARM.Collect$$rtexit$$00000001
    rtexit2.o(.ARM.exidx) refers to rtexit2.o(.ARM.Collect$$rtexit$$00000003) for .ARM.Collect$$rtexit$$00000003
    rtexit2.o(.ARM.exidx) refers to rtexit2.o(.ARM.Collect$$rtexit$$00000004) for .ARM.Collect$$rtexit$$00000004
    scanf_hexfp.o(.text) refers to _chval.o(.text) for _chval
    scanf_hexfp.o(.text) refers to llshl.o(.text) for __aeabi_llsl
    scanf_hexfp.o(.text) refers to ldexp.o(i.__support_ldexp) for __support_ldexp
    scanf_hexfp.o(.text) refers to narrow.o(i.__mathlib_narrow) for __mathlib_narrow
    _get_argv_nomalloc.o(.text) refers (Special) to hrguard.o(.text) for __heap_region$guard
    _get_argv_nomalloc.o(.text) refers to defsig_rtmem_outer.o(.text) for __rt_SIGRTMEM
    _get_argv_nomalloc.o(.text) refers to sys_command.o(.text) for _sys_command_string
    d2f.o(x$fpl$d2f) refers (Special) to usenofp.o(x$fpl$usenofp) for __I$use$fp
    d2f.o(x$fpl$d2f) refers to fretinf.o(x$fpl$fretinf) for __fpl_fretinf
    d2f.o(x$fpl$d2f) refers to dnaninf.o(x$fpl$dnaninf) for __fpl_dnaninf
    deqf.o(x$fpl$deqf) refers (Special) to usenofp.o(x$fpl$usenofp) for __I$use$fp
    deqf.o(x$fpl$deqf) refers to dnaninf.o(x$fpl$dnaninf) for __fpl_dnaninf
    deqf.o(x$fpl$deqf) refers to dcmpi.o(x$fpl$dcmpinf) for __fpl_dcmp_Inf
    drleqf.o(x$fpl$drleqf) refers (Special) to usenofp.o(x$fpl$usenofp) for __I$use$fp
    drleqf.o(x$fpl$drleqf) refers to dleqf.o(x$fpl$dleqf) for __fpl_dcmple_InfNaN
    frexp.o(i.__softfp_frexp) refers (Special) to usenofp.o(x$fpl$usenofp) for __I$use$fp
    frexp.o(i.__softfp_frexp) refers to scalbn.o(x$fpl$scalbn) for __ARM_scalbn
    frexp.o(i.frexp) refers (Special) to usenofp.o(x$fpl$usenofp) for __I$use$fp
    frexp.o(i.frexp) refers to scalbn.o(x$fpl$scalbn) for __ARM_scalbn
    sys_command.o(.text) refers (Special) to use_no_semi.o(.text) for __I$use$semihosting
    sys_command.o(.text) refers (Special) to indicate_semi.o(.text) for __semihosting_library_function
    sys_exit.o(.text) refers (Special) to use_no_semi.o(.text) for __I$use$semihosting
    sys_exit.o(.text) refers (Special) to indicate_semi.o(.text) for __semihosting_library_function
    defsig_rtmem_outer.o(.text) refers to defsig_rtmem_inner.o(.text) for __rt_SIGRTMEM_inner
    defsig_rtmem_outer.o(.text) refers to defsig_exit.o(.text) for __sig_exit
    defsig_rtmem_formal.o(.text) refers to rt_raise.o(.text) for __rt_raise
    libshutdown.o(.ARM.Collect$$libshutdown$$00000000) refers (Special) to libshutdown2.o(.ARM.Collect$$libshutdown$$00000006) for __rt_lib_shutdown_fp_trap_1
    libshutdown.o(.ARM.Collect$$libshutdown$$00000000) refers (Special) to libshutdown2.o(.ARM.Collect$$libshutdown$$0000000E) for __rt_lib_shutdown_heap_1
    libshutdown.o(.ARM.Collect$$libshutdown$$00000000) refers (Special) to libshutdown2.o(.ARM.Collect$$libshutdown$$0000000F) for __rt_lib_shutdown_return
    libshutdown.o(.ARM.Collect$$libshutdown$$00000000) refers (Special) to libshutdown2.o(.ARM.Collect$$libshutdown$$00000009) for __rt_lib_shutdown_signal_1
    libshutdown.o(.ARM.Collect$$libshutdown$$00000000) refers (Special) to libshutdown2.o(.ARM.Collect$$libshutdown$$00000003) for __rt_lib_shutdown_stdio_1
    libshutdown.o(.ARM.Collect$$libshutdown$$00000000) refers (Special) to libshutdown2.o(.ARM.Collect$$libshutdown$$0000000B) for __rt_lib_shutdown_user_alloc_1
    fretinf.o(x$fpl$fretinf) refers (Special) to usenofp.o(x$fpl$usenofp) for __I$use$fp
    ldexp.o(i.__softfp_ldexp) refers (Special) to usenofp.o(x$fpl$usenofp) for __I$use$fp
    ldexp.o(i.__softfp_ldexp) refers to ldexp.o(i.ldexp) for ldexp
    ldexp.o(i.__support_ldexp) refers (Special) to usenofp.o(x$fpl$usenofp) for __I$use$fp
    ldexp.o(i.__support_ldexp) refers to ldexp.o(i.ldexp) for ldexp
    ldexp.o(i.ldexp) refers (Special) to usenofp.o(x$fpl$usenofp) for __I$use$fp
    ldexp.o(i.ldexp) refers to deqf.o(x$fpl$deqf) for __aeabi_cdcmpeq
    ldexp.o(i.ldexp) refers to scalbn.o(x$fpl$scalbn) for __ARM_scalbn
    ldexp.o(i.ldexp) refers to _rserrno.o(.text) for __set_errno
    ldexp.o(i.ldexp) refers to dunder.o(i.__mathlib_dbl_underflow) for __mathlib_dbl_underflow
    ldexp_x.o(i.____softfp_ldexp$lsc) refers (Special) to usenofp.o(x$fpl$usenofp) for __I$use$fp
    ldexp_x.o(i.____softfp_ldexp$lsc) refers to ldexp_x.o(i.__ldexp$lsc) for __ldexp$lsc
    ldexp_x.o(i.____support_ldexp$lsc) refers (Special) to usenofp.o(x$fpl$usenofp) for __I$use$fp
    ldexp_x.o(i.____support_ldexp$lsc) refers to ldexp_x.o(i.__ldexp$lsc) for __ldexp$lsc
    ldexp_x.o(i.__ldexp$lsc) refers (Special) to usenofp.o(x$fpl$usenofp) for __I$use$fp
    ldexp_x.o(i.__ldexp$lsc) refers to deqf.o(x$fpl$deqf) for __aeabi_cdcmpeq
    ldexp_x.o(i.__ldexp$lsc) refers to scalbn.o(x$fpl$scalbn) for __ARM_scalbn
    ldexp_x.o(i.__ldexp$lsc) refers to _rserrno.o(.text) for __set_errno
    ldexp_x.o(i.__ldexp$lsc) refers to qnan.o(.constdata) for __mathlib_zero
    rt_raise.o(.text) refers to __raise.o(.text) for __raise
    rt_raise.o(.text) refers to sys_exit.o(.text) for _sys_exit
    defsig_exit.o(.text) refers to sys_exit.o(.text) for _sys_exit
    defsig_rtmem_inner.o(.text) refers to defsig_general.o(.text) for __default_signal_display
    qnan.o(.constdata) refers (Special) to usenofp.o(x$fpl$usenofp) for __I$use$fp
    __raise.o(.text) refers to defsig.o(CL$$defsig) for __default_signal_handler
    defsig_general.o(.text) refers to sys_wrch.o(.text) for _ttywrch
    sys_wrch.o(.text) refers (Special) to use_no_semi.o(.text) for __I$use$semihosting
    sys_wrch.o(.text) refers (Special) to indicate_semi.o(.text) for __semihosting_library_function
    defsig.o(CL$$defsig) refers to defsig_rtmem_inner.o(.text) for __rt_SIGRTMEM_inner
    defsig_abrt_inner.o(.text) refers to defsig_general.o(.text) for __default_signal_display
    defsig_fpe_inner.o(.text) refers to defsig_general.o(.text) for __default_signal_display
    defsig_rtred_inner.o(.text) refers to defsig_general.o(.text) for __default_signal_display
    defsig_stak_inner.o(.text) refers to defsig_general.o(.text) for __default_signal_display
    defsig_pvfn_inner.o(.text) refers to defsig_general.o(.text) for __default_signal_display
    defsig_cppl_inner.o(.text) refers to defsig_general.o(.text) for __default_signal_display
    defsig_segv_inner.o(.text) refers to defsig_general.o(.text) for __default_signal_display
    defsig_other.o(.text) refers to defsig_general.o(.text) for __default_signal_display
    scanf_fp.o(i._is_digit) refers (Special) to usenofp.o(x$fpl$usenofp) for __I$use$fp
    scanf_fp.o(i._is_digit) refers (Special) to lc_numeric_c.o(locale$$code) for _get_lc_numeric


==============================================================================

Image Symbol Table

    Local Symbols

    Symbol Name                              Value     Ov Type        Size  Object(Section)

    RESET                                    0x00000000   Section      620  startup_tm4c123.o(RESET)
    ../clib/angel/boardlib.s                 0x00000000   Number         0  boardshut.o ABSOLUTE
    ../clib/angel/boardlib.s                 0x00000000   Number         0  boardinit1.o ABSOLUTE
    ../clib/angel/boardlib.s                 0x00000000   Number         0  boardinit2.o ABSOLUTE
    ../clib/angel/boardlib.s                 0x00000000   Number         0  boardinit3.o ABSOLUTE
    ../clib/angel/handlers.s                 0x00000000   Number         0  __scatter_zi.o ABSOLUTE
    ../clib/angel/handlers.s                 0x00000000   Number         0  __scatter_copy.o ABSOLUTE
    ../clib/angel/kernel.s                   0x00000000   Number         0  rtentry.o ABSOLUTE
    ../clib/angel/kernel.s                   0x00000000   Number         0  rtentry4.o ABSOLUTE
    ../clib/angel/kernel.s                   0x00000000   Number         0  rtexit2.o ABSOLUTE
    ../clib/angel/kernel.s                   0x00000000   Number         0  rtexit.o ABSOLUTE
    ../clib/angel/kernel.s                   0x00000000   Number         0  rtentry2.o ABSOLUTE
    ../clib/angel/rt.s                       0x00000000   Number         0  rt_errno_addr.o ABSOLUTE
    ../clib/angel/rt.s                       0x00000000   Number         0  rt_ctype_table.o ABSOLUTE
    ../clib/angel/rt.s                       0x00000000   Number         0  rt_errno_addr_intlibspace.o ABSOLUTE
    ../clib/angel/rt.s                       0x00000000   Number         0  rt_locale_intlibspace.o ABSOLUTE
    ../clib/angel/rt.s                       0x00000000   Number         0  rt_locale.o ABSOLUTE
    ../clib/angel/rt.s                       0x00000000   Number         0  rt_raise.o ABSOLUTE
    ../clib/angel/scatter.s                  0x00000000   Number         0  __scatter.o ABSOLUTE
    ../clib/angel/startup.s                  0x00000000   Number         0  __main.o ABSOLUTE
    ../clib/angel/sys.s                      0x00000000   Number         0  libspace.o ABSOLUTE
    ../clib/angel/sys.s                      0x00000000   Number         0  sys_stackheap_outer.o ABSOLUTE
    ../clib/angel/sys.s                      0x00000000   Number         0  indicate_semi.o ABSOLUTE
    ../clib/angel/sys.s                      0x00000000   Number         0  use_no_semi.o ABSOLUTE
    ../clib/angel/sysapp.c                   0x00000000   Number         0  sys_command.o ABSOLUTE
    ../clib/angel/sysapp.c                   0x00000000   Number         0  sys_wrch.o ABSOLUTE
    ../clib/angel/sysapp.c                   0x00000000   Number         0  sys_exit.o ABSOLUTE
    ../clib/armsys.c                         0x00000000   Number         0  argv_veneer.o ABSOLUTE
    ../clib/armsys.c                         0x00000000   Number         0  argv_veneer.o ABSOLUTE
    ../clib/armsys.c                         0x00000000   Number         0  _get_argv_nomalloc.o ABSOLUTE
    ../clib/armsys.c                         0x00000000   Number         0  no_argv.o ABSOLUTE
    ../clib/bigflt.c                         0x00000000   Number         0  bigflt0.o ABSOLUTE
    ../clib/btod.s                           0x00000000   Number         0  btod.o ABSOLUTE
    ../clib/ctype.c                          0x00000000   Number         0  isspace.o ABSOLUTE
    ../clib/fenv.c                           0x00000000   Number         0  _rserrno.o ABSOLUTE
    ../clib/heapalloc.c                      0x00000000   Number         0  hrguard.o ABSOLUTE
    ../clib/heapaux.c                        0x00000000   Number         0  heapauxi.o ABSOLUTE
    ../clib/libinit.s                        0x00000000   Number         0  libshutdown2.o ABSOLUTE
    ../clib/libinit.s                        0x00000000   Number         0  libinit2.o ABSOLUTE
    ../clib/libinit.s                        0x00000000   Number         0  libshutdown.o ABSOLUTE
    ../clib/libinit.s                        0x00000000   Number         0  libinit.o ABSOLUTE
    ../clib/locale.s                         0x00000000   Number         0  lc_numeric_c.o ABSOLUTE
    ../clib/locale.s                         0x00000000   Number         0  lc_ctype_c.o ABSOLUTE
    ../clib/longlong.s                       0x00000000   Number         0  llshl.o ABSOLUTE
    ../clib/memcpset.s                       0x00000000   Number         0  strcmpv7m.o ABSOLUTE
    ../clib/memcpset.s                       0x00000000   Number         0  rt_memclr_w.o ABSOLUTE
    ../clib/scanf.c                          0x00000000   Number         0  scanf_fp.o ABSOLUTE
    ../clib/scanf.c                          0x00000000   Number         0  _chval.o ABSOLUTE
    ../clib/scanf.c                          0x00000000   Number         0  scanf_infnan.o ABSOLUTE
    ../clib/scanf.c                          0x00000000   Number         0  _sgetc.o ABSOLUTE
    ../clib/scanf.c                          0x00000000   Number         0  scanf_hexfp.o ABSOLUTE
    ../clib/scanf.c                          0x00000000   Number         0  strtod.o ABSOLUTE
    ../clib/signal.c                         0x00000000   Number         0  defsig_cppl_inner.o ABSOLUTE
    ../clib/signal.c                         0x00000000   Number         0  defsig_pvfn_inner.o ABSOLUTE
    ../clib/signal.c                         0x00000000   Number         0  defsig_stak_inner.o ABSOLUTE
    ../clib/signal.c                         0x00000000   Number         0  defsig_rtred_inner.o ABSOLUTE
    ../clib/signal.c                         0x00000000   Number         0  defsig_fpe_inner.o ABSOLUTE
    ../clib/signal.c                         0x00000000   Number         0  defsig_abrt_inner.o ABSOLUTE
    ../clib/signal.c                         0x00000000   Number         0  defsig_general.o ABSOLUTE
    ../clib/signal.c                         0x00000000   Number         0  __raise.o ABSOLUTE
    ../clib/signal.c                         0x00000000   Number         0  defsig_rtmem_formal.o ABSOLUTE
    ../clib/signal.c                         0x00000000   Number         0  defsig_rtmem_inner.o ABSOLUTE
    ../clib/signal.c                         0x00000000   Number         0  defsig_exit.o ABSOLUTE
    ../clib/signal.c                         0x00000000   Number         0  defsig_rtmem_outer.o ABSOLUTE
    ../clib/signal.c                         0x00000000   Number         0  defsig_other.o ABSOLUTE
    ../clib/signal.c                         0x00000000   Number         0  defsig_segv_inner.o ABSOLUTE
    ../clib/signal.s                         0x00000000   Number         0  defsig.o ABSOLUTE
    ../clib/stdlib.c                         0x00000000   Number         0  exit.o ABSOLUTE
    ../fplib/d2f.s                           0x00000000   Number         0  d2f.o ABSOLUTE
    ../fplib/daddsub.s                       0x00000000   Number         0  daddsub_clz.o ABSOLUTE
    ../fplib/dcheck1.s                       0x00000000   Number         0  dcheck1.o ABSOLUTE
    ../fplib/dcmpi.s                         0x00000000   Number         0  dcmpi.o ABSOLUTE
    ../fplib/ddiv.s                          0x00000000   Number         0  ddiv.o ABSOLUTE
    ../fplib/deqf.s                          0x00000000   Number         0  deqf.o ABSOLUTE
    ../fplib/dfix.s                          0x00000000   Number         0  dfix.o ABSOLUTE
    ../fplib/dfixu.s                         0x00000000   Number         0  dfixu.o ABSOLUTE
    ../fplib/dflt.s                          0x00000000   Number         0  dflt_clz.o ABSOLUTE
    ../fplib/dleqf.s                         0x00000000   Number         0  dleqf.o ABSOLUTE
    ../fplib/dmul.s                          0x00000000   Number         0  dmul.o ABSOLUTE
    ../fplib/dnaninf.s                       0x00000000   Number         0  dnaninf.o ABSOLUTE
    ../fplib/dretinf.s                       0x00000000   Number         0  dretinf.o ABSOLUTE
    ../fplib/drleqf.s                        0x00000000   Number         0  drleqf.o ABSOLUTE
    ../fplib/dsqrt.s                         0x00000000   Number         0  dsqrt_umaal.o ABSOLUTE
    ../fplib/fpconst.s                       0x00000000   Number         0  fpconst.o ABSOLUTE
    ../fplib/fpinit.s                        0x00000000   Number         0  fpinit.o ABSOLUTE
    ../fplib/fretinf.s                       0x00000000   Number         0  fretinf.o ABSOLUTE
    ../fplib/istatus.s                       0x00000000   Number         0  istatus.o ABSOLUTE
    ../fplib/retnan.s                        0x00000000   Number         0  retnan.o ABSOLUTE
    ../fplib/scalbn.s                        0x00000000   Number         0  scalbn.o ABSOLUTE
    ../fplib/scanf1.s                        0x00000000   Number         0  scanf1.o ABSOLUTE
    ../fplib/scanf2.s                        0x00000000   Number         0  scanf2.o ABSOLUTE
    ../fplib/scanf2a.s                       0x00000000   Number         0  scanf2a.o ABSOLUTE
    ../fplib/scanf2b.s                       0x00000000   Number         0  scanf2b.o ABSOLUTE
    ../fplib/trapv.s                         0x00000000   Number         0  trapv.o ABSOLUTE
    ../fplib/usenofp.s                       0x00000000   Number         0  usenofp.o ABSOLUTE
    ../mathlib/cos.c                         0x00000000   Number         0  cos_x.o ABSOLUTE
    ../mathlib/cos.c                         0x00000000   Number         0  cos.o ABSOLUTE
    ../mathlib/cos_i.c                       0x00000000   Number         0  cos_i.o ABSOLUTE
    ../mathlib/dunder.c                      0x00000000   Number         0  dunder.o ABSOLUTE
    ../mathlib/fpclassify.c                  0x00000000   Number         0  fpclassify.o ABSOLUTE
    ../mathlib/frexp.c                       0x00000000   Number         0  frexp.o ABSOLUTE
    ../mathlib/ldexp.c                       0x00000000   Number         0  ldexp.o ABSOLUTE
    ../mathlib/ldexp.c                       0x00000000   Number         0  ldexp_x.o ABSOLUTE
    ../mathlib/narrow.c                      0x00000000   Number         0  narrow.o ABSOLUTE
    ../mathlib/poly.c                        0x00000000   Number         0  poly.o ABSOLUTE
    ../mathlib/qnan.c                        0x00000000   Number         0  qnan.o ABSOLUTE
    ../mathlib/rred.c                        0x00000000   Number         0  rred.o ABSOLUTE
    ../mathlib/sin_i.c                       0x00000000   Number         0  sin_i.o ABSOLUTE
    ../mathlib/sin_i.c                       0x00000000   Number         0  sin_i_x.o ABSOLUTE
    ../mathlib/sqrt.c                        0x00000000   Number         0  sqrt.o ABSOLUTE
    ../mathlib/sqrt.c                        0x00000000   Number         0  sqrt_x.o ABSOLUTE
    ../mathlib/strtod.c                      0x00000000   Number         0  strtod.o ABSOLUTE
    dc.s                                     0x00000000   Number         0  dc.o ABSOLUTE
    main.c                                   0x00000000   Number         0  main.o ABSOLUTE
    startup_TM4C123.s                        0x00000000   Number         0  startup_tm4c123.o ABSOLUTE
    !!!main                                  0x0000026c   Section        8  __main.o(!!!main)
    !!!scatter                               0x00000274   Section       52  __scatter.o(!!!scatter)
    !!handler_copy                           0x000002a8   Section       26  __scatter_copy.o(!!handler_copy)
    !!handler_zi                             0x000002c4   Section       28  __scatter_zi.o(!!handler_zi)
    .ARM.Collect$$libinit$$00000000          0x000002e0   Section        2  libinit.o(.ARM.Collect$$libinit$$00000000)
    .ARM.Collect$$libinit$$00000002          0x000002e2   Section        0  libinit2.o(.ARM.Collect$$libinit$$00000002)
    .ARM.Collect$$libinit$$00000008          0x000002e2   Section        0  libinit2.o(.ARM.Collect$$libinit$$00000008)
    .ARM.Collect$$libinit$$0000000A          0x000002e2   Section        0  libinit2.o(.ARM.Collect$$libinit$$0000000A)
    .ARM.Collect$$libinit$$0000000C          0x000002e2   Section        0  libinit2.o(.ARM.Collect$$libinit$$0000000C)
    .ARM.Collect$$libinit$$0000000D          0x000002e2   Section        6  libinit2.o(.ARM.Collect$$libinit$$0000000D)
    .ARM.Collect$$libinit$$0000000F          0x000002e8   Section        0  libinit2.o(.ARM.Collect$$libinit$$0000000F)
    .ARM.Collect$$libinit$$00000010          0x000002e8   Section       12  libinit2.o(.ARM.Collect$$libinit$$00000010)
    .ARM.Collect$$libinit$$00000011          0x000002f4   Section        0  libinit2.o(.ARM.Collect$$libinit$$00000011)
    .ARM.Collect$$libinit$$00000013          0x000002f4   Section        0  libinit2.o(.ARM.Collect$$libinit$$00000013)
    .ARM.Collect$$libinit$$00000014          0x000002f4   Section       10  libinit2.o(.ARM.Collect$$libinit$$00000014)
    .ARM.Collect$$libinit$$00000015          0x000002fe   Section        0  libinit2.o(.ARM.Collect$$libinit$$00000015)
    .ARM.Collect$$libinit$$00000017          0x000002fe   Section        0  libinit2.o(.ARM.Collect$$libinit$$00000017)
    .ARM.Collect$$libinit$$00000019          0x000002fe   Section        0  libinit2.o(.ARM.Collect$$libinit$$00000019)
    .ARM.Collect$$libinit$$0000001B          0x000002fe   Section        0  libinit2.o(.ARM.Collect$$libinit$$0000001B)
    .ARM.Collect$$libinit$$0000001D          0x000002fe   Section        0  libinit2.o(.ARM.Collect$$libinit$$0000001D)
    .ARM.Collect$$libinit$$0000001F          0x000002fe   Section        0  libinit2.o(.ARM.Collect$$libinit$$0000001F)
    .ARM.Collect$$libinit$$00000021          0x000002fe   Section        0  libinit2.o(.ARM.Collect$$libinit$$00000021)
    .ARM.Collect$$libinit$$00000023          0x000002fe   Section        0  libinit2.o(.ARM.Collect$$libinit$$00000023)
    .ARM.Collect$$libinit$$0000002A          0x000002fe   Section        0  libinit2.o(.ARM.Collect$$libinit$$0000002A)
    .ARM.Collect$$libinit$$0000002C          0x000002fe   Section        0  libinit2.o(.ARM.Collect$$libinit$$0000002C)
    .ARM.Collect$$libinit$$0000002E          0x000002fe   Section        0  libinit2.o(.ARM.Collect$$libinit$$0000002E)
    .ARM.Collect$$libinit$$00000030          0x000002fe   Section        0  libinit2.o(.ARM.Collect$$libinit$$00000030)
    .ARM.Collect$$libinit$$00000031          0x000002fe   Section        2  libinit2.o(.ARM.Collect$$libinit$$00000031)
    .ARM.Collect$$libshutdown$$00000000      0x00000300   Section        2  libshutdown.o(.ARM.Collect$$libshutdown$$00000000)
    .ARM.Collect$$libshutdown$$00000003      0x00000302   Section        0  libshutdown2.o(.ARM.Collect$$libshutdown$$00000003)
    .ARM.Collect$$libshutdown$$00000006      0x00000302   Section        0  libshutdown2.o(.ARM.Collect$$libshutdown$$00000006)
    .ARM.Collect$$libshutdown$$00000009      0x00000302   Section        0  libshutdown2.o(.ARM.Collect$$libshutdown$$00000009)
    .ARM.Collect$$libshutdown$$0000000B      0x00000302   Section        0  libshutdown2.o(.ARM.Collect$$libshutdown$$0000000B)
    .ARM.Collect$$libshutdown$$0000000E      0x00000302   Section        0  libshutdown2.o(.ARM.Collect$$libshutdown$$0000000E)
    .ARM.Collect$$libshutdown$$0000000F      0x00000302   Section        2  libshutdown2.o(.ARM.Collect$$libshutdown$$0000000F)
    .ARM.Collect$$rtentry$$00000000          0x00000304   Section        0  rtentry.o(.ARM.Collect$$rtentry$$00000000)
    .ARM.Collect$$rtentry$$00000002          0x00000304   Section        0  rtentry2.o(.ARM.Collect$$rtentry$$00000002)
    .ARM.Collect$$rtentry$$00000004          0x00000304   Section        6  rtentry4.o(.ARM.Collect$$rtentry$$00000004)
    .ARM.Collect$$rtentry$$00000009          0x0000030a   Section        0  rtentry2.o(.ARM.Collect$$rtentry$$00000009)
    .ARM.Collect$$rtentry$$0000000A          0x0000030a   Section        4  rtentry2.o(.ARM.Collect$$rtentry$$0000000A)
    .ARM.Collect$$rtentry$$0000000C          0x0000030e   Section        0  rtentry2.o(.ARM.Collect$$rtentry$$0000000C)
    .ARM.Collect$$rtentry$$0000000D          0x0000030e   Section        8  rtentry2.o(.ARM.Collect$$rtentry$$0000000D)
    .ARM.Collect$$rtexit$$00000000           0x00000316   Section        2  rtexit.o(.ARM.Collect$$rtexit$$00000000)
    .ARM.Collect$$rtexit$$00000002           0x00000318   Section        0  rtexit2.o(.ARM.Collect$$rtexit$$00000002)
    .ARM.Collect$$rtexit$$00000003           0x00000318   Section        4  rtexit2.o(.ARM.Collect$$rtexit$$00000003)
    .ARM.Collect$$rtexit$$00000004           0x0000031c   Section        6  rtexit2.o(.ARM.Collect$$rtexit$$00000004)
    .text                                    0x00000324   Section      268  startup_tm4c123.o(.text)
    .text                                    0x00000430   Section        0  main.o(.text)
    .text                                    0x000008a0   Section       78  rt_memclr_w.o(.text)
    .text                                    0x000008ee   Section        0  heapauxi.o(.text)
    .text                                    0x000008f4   Section        0  _rserrno.o(.text)
    .text                                    0x0000090c   Section        0  strtod.o(.text)
    _local_sscanf                            0x0000090d   Thumb Code    60  strtod.o(.text)
    .text                                    0x000009ac   Section        8  rt_errno_addr_intlibspace.o(.text)
    .text                                    0x000009b4   Section        0  isspace.o(.text)
    .text                                    0x000009c6   Section        0  _sgetc.o(.text)
    .text                                    0x00000a08   Section        8  libspace.o(.text)
    .text                                    0x00000a10   Section       74  sys_stackheap_outer.o(.text)
    .text                                    0x00000a5c   Section       16  rt_ctype_table.o(.text)
    .text                                    0x00000a6c   Section        0  scanf_fp.o(.text)
    _fp_value                                0x00000a6d   Thumb Code   504  scanf_fp.o(.text)
    .text                                    0x00000f10   Section        0  exit.o(.text)
    .text                                    0x00000f1c   Section      128  strcmpv7m.o(.text)
    .text                                    0x00000f9c   Section        8  rt_locale_intlibspace.o(.text)
    .text                                    0x00000fa4   Section        0  bigflt0.o(.text)
    .text                                    0x00001088   Section        0  scanf_hexfp.o(.text)
    .text                                    0x0000139c   Section        0  scanf_infnan.o(.text)
    .text                                    0x000014d8   Section        0  sys_exit.o(.text)
    .text                                    0x000014e4   Section       38  llshl.o(.text)
    .text                                    0x0000150a   Section        0  _chval.o(.text)
    .text                                    0x00001526   Section        2  use_no_semi.o(.text)
    .text                                    0x00001528   Section        0  indicate_semi.o(.text)
    CL$$btod_div_common                      0x00001528   Section      824  btod.o(CL$$btod_div_common)
    CL$$btod_e2d                             0x00001860   Section       84  btod.o(CL$$btod_e2d)
    CL$$btod_e2e                             0x000018b4   Section      198  btod.o(CL$$btod_e2e)
    CL$$btod_ediv                            0x0000197a   Section       40  btod.o(CL$$btod_ediv)
    CL$$btod_edivd                           0x000019a2   Section       40  btod.o(CL$$btod_edivd)
    CL$$btod_emul                            0x000019ca   Section       40  btod.o(CL$$btod_emul)
    CL$$btod_emuld                           0x000019f2   Section       40  btod.o(CL$$btod_emuld)
    CL$$btod_mult_common                     0x00001a1a   Section      580  btod.o(CL$$btod_mult_common)
    i.__ARM_fpclassify                       0x00001c5e   Section        0  fpclassify.o(i.__ARM_fpclassify)
    i.__ieee754_rem_pio2                     0x00001c88   Section        0  rred.o(i.__ieee754_rem_pio2)
    i.__kernel_cos                           0x00002010   Section        0  cos_i.o(i.__kernel_cos)
    i.__kernel_poly                          0x0000210c   Section        0  poly.o(i.__kernel_poly)
    i.__kernel_sin                           0x000021b8   Section        0  sin_i.o(i.__kernel_sin)
    i.__mathlib_dbl_underflow                0x000022a4   Section        0  dunder.o(i.__mathlib_dbl_underflow)
    i.__mathlib_narrow                       0x000022b4   Section        0  narrow.o(i.__mathlib_narrow)
    i.__mathlib_tofloat                      0x000022c4   Section        0  narrow.o(i.__mathlib_tofloat)
    i.__support_ldexp                        0x0000234c   Section        0  ldexp.o(i.__support_ldexp)
    i._is_digit                              0x00002362   Section        0  scanf_fp.o(i._is_digit)
    i.cos                                    0x00002370   Section        0  cos.o(i.cos)
    i.frexp                                  0x0000241c   Section        0  frexp.o(i.frexp)
    i.ldexp                                  0x00002474   Section        0  ldexp.o(i.ldexp)
    i.sqrt                                   0x000024f2   Section        0  sqrt.o(i.sqrt)
    i.strtod                                 0x0000253e   Section        0  strtod.o(i.strtod)
    locale$$code                             0x0000255c   Section       44  lc_numeric_c.o(locale$$code)
    locale$$code                             0x00002588   Section       44  lc_ctype_c.o(locale$$code)
    x$fpl$d2f                                0x000025b4   Section       98  d2f.o(x$fpl$d2f)
    x$fpl$dadd                               0x00002618   Section      336  daddsub_clz.o(x$fpl$dadd)
    _dadd1                                   0x00002629   Thumb Code     0  daddsub_clz.o(x$fpl$dadd)
    x$fpl$dcheck1                            0x00002768   Section       16  dcheck1.o(x$fpl$dcheck1)
    x$fpl$dcmpinf                            0x00002778   Section       24  dcmpi.o(x$fpl$dcmpinf)
    x$fpl$ddiv                               0x00002790   Section      688  ddiv.o(x$fpl$ddiv)
    ddiv_entry                               0x00002797   Thumb Code     0  ddiv.o(x$fpl$ddiv)
    x$fpl$deqf                               0x00002a40   Section      120  deqf.o(x$fpl$deqf)
    x$fpl$dfix                               0x00002ab8   Section       94  dfix.o(x$fpl$dfix)
    x$fpl$dfixu                              0x00002b18   Section       90  dfixu.o(x$fpl$dfixu)
    x$fpl$dflt                               0x00002b72   Section       46  dflt_clz.o(x$fpl$dflt)
    x$fpl$dfltu                              0x00002ba0   Section       38  dflt_clz.o(x$fpl$dfltu)
    x$fpl$dleqf                              0x00002bc8   Section      120  dleqf.o(x$fpl$dleqf)
    x$fpl$dmul                               0x00002c40   Section      340  dmul.o(x$fpl$dmul)
    x$fpl$dnaninf                            0x00002d94   Section      156  dnaninf.o(x$fpl$dnaninf)
    x$fpl$dretinf                            0x00002e30   Section       12  dretinf.o(x$fpl$dretinf)
    x$fpl$drleqf                             0x00002e3c   Section      108  drleqf.o(x$fpl$drleqf)
    x$fpl$drsb                               0x00002ea8   Section       22  daddsub_clz.o(x$fpl$drsb)
    x$fpl$dsqrt                              0x00002ec0   Section      408  dsqrt_umaal.o(x$fpl$dsqrt)
    x$fpl$dsub                               0x00003058   Section      468  daddsub_clz.o(x$fpl$dsub)
    _dsub1                                   0x00003069   Thumb Code     0  daddsub_clz.o(x$fpl$dsub)
    x$fpl$fretinf                            0x0000322c   Section       10  fretinf.o(x$fpl$fretinf)
    x$fpl$retnan                             0x00003236   Section      100  retnan.o(x$fpl$retnan)
    x$fpl$scalbn                             0x0000329a   Section       92  scalbn.o(x$fpl$scalbn)
    x$fpl$scanf1                             0x000032f6   Section        4  scanf1.o(x$fpl$scanf1)
    x$fpl$scanf2                             0x000032fa   Section        8  scanf2.o(x$fpl$scanf2)
    x$fpl$trapveneer                         0x00003302   Section       48  trapv.o(x$fpl$trapveneer)
    x$fpl$usenofp                            0x00003332   Section        0  usenofp.o(x$fpl$usenofp)
    .constdata                               0x00003338   Section       48  cos_i.o(.constdata)
    C                                        0x00003338   Data          48  cos_i.o(.constdata)
    .constdata                               0x00003368   Section      200  rred.o(.constdata)
    pio2s                                    0x00003368   Data          48  rred.o(.constdata)
    twooverpi                                0x00003398   Data         152  rred.o(.constdata)
    .constdata                               0x00003430   Section       40  sin_i.o(.constdata)
    S                                        0x00003430   Data          40  sin_i.o(.constdata)
    .constdata                               0x00003458   Section      148  bigflt0.o(.constdata)
    tenpwrs_x                                0x00003458   Data          60  bigflt0.o(.constdata)
    tenpwrs_i                                0x00003494   Data          64  bigflt0.o(.constdata)
    c$$dinf                                  0x0000350c   Section        8  fpconst.o(c$$dinf)
    locale$$data                             0x00003514   Section       28  lc_numeric_c.o(locale$$data)
    __lcnum_c_name                           0x00003518   Data           2  lc_numeric_c.o(locale$$data)
    __lcnum_c_start                          0x00003520   Data           0  lc_numeric_c.o(locale$$data)
    __lcnum_c_point                          0x0000352c   Data           0  lc_numeric_c.o(locale$$data)
    __lcnum_c_thousands                      0x0000352e   Data           0  lc_numeric_c.o(locale$$data)
    __lcnum_c_grouping                       0x0000352f   Data           0  lc_numeric_c.o(locale$$data)
    locale$$data                             0x00003530   Section      272  lc_ctype_c.o(locale$$data)
    __lcnum_c_end                            0x00003530   Data           0  lc_numeric_c.o(locale$$data)
    __lcctype_c_name                         0x00003534   Data           2  lc_ctype_c.o(locale$$data)
    __lcctype_c_start                        0x0000353c   Data           0  lc_ctype_c.o(locale$$data)
    __lcctype_c_end                          0x00003640   Data           0  lc_ctype_c.o(locale$$data)
    .data                                    0x20000000   Section       16  main.o(.data)
    z                                        0x20000008   Data           8  main.o(.data)
    .bss                                     0x20000010   Section       96  libspace.o(.bss)
    HEAP                                     0x20000070   Section        0  startup_tm4c123.o(HEAP)
    STACK                                    0x20000070   Section      512  startup_tm4c123.o(STACK)
    Heap_Mem                                 0x20000070   Data           0  startup_tm4c123.o(HEAP)
    Stack_Mem                                0x20000070   Data         512  startup_tm4c123.o(STACK)
    __initial_sp                             0x20000270   Data           0  startup_tm4c123.o(STACK)

    Global Symbols

    Symbol Name                              Value     Ov Type        Size  Object(Section)

    BuildAttributes$$THM_ISAv4$E$P$D$K$B$S$7EM$PE$A:L22UL41UL21$X:L11$S22US41US21$IEEE1$IW$USESV6$~STKCKD$USESV7$~SHL$OTIME$ROPI$IEEEX$EBA8$UX$STANDARDLIB$REQ8$PRES8$EABIv2 0x00000000   Number         0  anon$$obj.o ABSOLUTE
    __ARM_use_no_argv                        0x00000000   Number         0  main.o ABSOLUTE
    __Vectors                                0x00000000   Data           4  startup_tm4c123.o(RESET)
    __ARM_exceptions_init                     - Undefined Weak Reference
    __alloca_initialize                       - Undefined Weak Reference
    __cpp_initialize__aeabi_                  - Undefined Weak Reference
    __cxa_finalize                            - Undefined Weak Reference
    __sigvec_lookup                           - Undefined Weak Reference
    _atexit_init                              - Undefined Weak Reference
    _call_atexit_fns                          - Undefined Weak Reference
    _clock_init                               - Undefined Weak Reference
    _fp_trap_init                             - Undefined Weak Reference
    _fp_trap_shutdown                         - Undefined Weak Reference
    _get_lc_collate                           - Undefined Weak Reference
    _get_lc_monetary                          - Undefined Weak Reference
    _get_lc_time                              - Undefined Weak Reference
    _getenv_init                              - Undefined Weak Reference
    _handle_redirection                       - Undefined Weak Reference
    _init_alloc                               - Undefined Weak Reference
    _init_user_alloc                          - Undefined Weak Reference
    _initio                                   - Undefined Weak Reference
    _rand_init                                - Undefined Weak Reference
    _signal_finish                            - Undefined Weak Reference
    _signal_init                              - Undefined Weak Reference
    _terminate_alloc                          - Undefined Weak Reference
    _terminate_user_alloc                     - Undefined Weak Reference
    _terminateio                              - Undefined Weak Reference
    __Vectors_End                            0x0000026c   Data           0  startup_tm4c123.o(RESET)
    __Vectors_Size                           0x0000026c   Number         0  startup_tm4c123.o ABSOLUTE
    __main                                   0x0000026d   Thumb Code     8  __main.o(!!!main)
    __scatterload                            0x00000275   Thumb Code     0  __scatter.o(!!!scatter)
    __scatterload_rt2                        0x00000275   Thumb Code    44  __scatter.o(!!!scatter)
    __scatterload_rt2_thumb_only             0x00000275   Thumb Code     0  __scatter.o(!!!scatter)
    __scatterload_null                       0x00000283   Thumb Code     0  __scatter.o(!!!scatter)
    __scatterload_copy                       0x000002a9   Thumb Code    26  __scatter_copy.o(!!handler_copy)
    __scatterload_zeroinit                   0x000002c5   Thumb Code    28  __scatter_zi.o(!!handler_zi)
    __rt_lib_init                            0x000002e1   Thumb Code     0  libinit.o(.ARM.Collect$$libinit$$00000000)
    __rt_lib_init_fp_1                       0x000002e3   Thumb Code     0  libinit2.o(.ARM.Collect$$libinit$$00000002)
    __rt_lib_init_heap_1                     0x000002e3   Thumb Code     0  libinit2.o(.ARM.Collect$$libinit$$00000008)
    __rt_lib_init_lc_common                  0x000002e3   Thumb Code     0  libinit2.o(.ARM.Collect$$libinit$$0000000D)
    __rt_lib_init_rand_1                     0x000002e3   Thumb Code     0  libinit2.o(.ARM.Collect$$libinit$$0000000C)
    __rt_lib_init_user_alloc_1               0x000002e3   Thumb Code     0  libinit2.o(.ARM.Collect$$libinit$$0000000A)
    __rt_lib_init_lc_collate_1               0x000002e9   Thumb Code     0  libinit2.o(.ARM.Collect$$libinit$$0000000F)
    __rt_lib_init_lc_ctype_2                 0x000002e9   Thumb Code     0  libinit2.o(.ARM.Collect$$libinit$$00000010)
    __rt_lib_init_lc_ctype_1                 0x000002f5   Thumb Code     0  libinit2.o(.ARM.Collect$$libinit$$00000011)
    __rt_lib_init_lc_monetary_1              0x000002f5   Thumb Code     0  libinit2.o(.ARM.Collect$$libinit$$00000013)
    __rt_lib_init_lc_numeric_2               0x000002f5   Thumb Code     0  libinit2.o(.ARM.Collect$$libinit$$00000014)
    __rt_lib_init_alloca_1                   0x000002ff   Thumb Code     0  libinit2.o(.ARM.Collect$$libinit$$0000002C)
    __rt_lib_init_argv_1                     0x000002ff   Thumb Code     0  libinit2.o(.ARM.Collect$$libinit$$0000002A)
    __rt_lib_init_atexit_1                   0x000002ff   Thumb Code     0  libinit2.o(.ARM.Collect$$libinit$$00000019)
    __rt_lib_init_clock_1                    0x000002ff   Thumb Code     0  libinit2.o(.ARM.Collect$$libinit$$0000001F)
    __rt_lib_init_cpp_1                      0x000002ff   Thumb Code     0  libinit2.o(.ARM.Collect$$libinit$$00000030)
    __rt_lib_init_exceptions_1               0x000002ff   Thumb Code     0  libinit2.o(.ARM.Collect$$libinit$$0000002E)
    __rt_lib_init_fp_trap_1                  0x000002ff   Thumb Code     0  libinit2.o(.ARM.Collect$$libinit$$0000001D)
    __rt_lib_init_getenv_1                   0x000002ff   Thumb Code     0  libinit2.o(.ARM.Collect$$libinit$$00000021)
    __rt_lib_init_lc_numeric_1               0x000002ff   Thumb Code     0  libinit2.o(.ARM.Collect$$libinit$$00000015)
    __rt_lib_init_lc_time_1                  0x000002ff   Thumb Code     0  libinit2.o(.ARM.Collect$$libinit$$00000017)
    __rt_lib_init_return                     0x000002ff   Thumb Code     0  libinit2.o(.ARM.Collect$$libinit$$00000031)
    __rt_lib_init_signal_1                   0x000002ff   Thumb Code     0  libinit2.o(.ARM.Collect$$libinit$$0000001B)
    __rt_lib_init_stdio_1                    0x000002ff   Thumb Code     0  libinit2.o(.ARM.Collect$$libinit$$00000023)
    __rt_lib_shutdown                        0x00000301   Thumb Code     0  libshutdown.o(.ARM.Collect$$libshutdown$$00000000)
    __rt_lib_shutdown_fp_trap_1              0x00000303   Thumb Code     0  libshutdown2.o(.ARM.Collect$$libshutdown$$00000006)
    __rt_lib_shutdown_heap_1                 0x00000303   Thumb Code     0  libshutdown2.o(.ARM.Collect$$libshutdown$$0000000E)
    __rt_lib_shutdown_return                 0x00000303   Thumb Code     0  libshutdown2.o(.ARM.Collect$$libshutdown$$0000000F)
    __rt_lib_shutdown_signal_1               0x00000303   Thumb Code     0  libshutdown2.o(.ARM.Collect$$libshutdown$$00000009)
    __rt_lib_shutdown_stdio_1                0x00000303   Thumb Code     0  libshutdown2.o(.ARM.Collect$$libshutdown$$00000003)
    __rt_lib_shutdown_user_alloc_1           0x00000303   Thumb Code     0  libshutdown2.o(.ARM.Collect$$libshutdown$$0000000B)
    __rt_entry                               0x00000305   Thumb Code     0  rtentry.o(.ARM.Collect$$rtentry$$00000000)
    __rt_entry_presh_1                       0x00000305   Thumb Code     0  rtentry2.o(.ARM.Collect$$rtentry$$00000002)
    __rt_entry_sh                            0x00000305   Thumb Code     0  rtentry4.o(.ARM.Collect$$rtentry$$00000004)
    __rt_entry_li                            0x0000030b   Thumb Code     0  rtentry2.o(.ARM.Collect$$rtentry$$0000000A)
    __rt_entry_postsh_1                      0x0000030b   Thumb Code     0  rtentry2.o(.ARM.Collect$$rtentry$$00000009)
    __rt_entry_main                          0x0000030f   Thumb Code     0  rtentry2.o(.ARM.Collect$$rtentry$$0000000D)
    __rt_entry_postli_1                      0x0000030f   Thumb Code     0  rtentry2.o(.ARM.Collect$$rtentry$$0000000C)
    __rt_exit                                0x00000317   Thumb Code     0  rtexit.o(.ARM.Collect$$rtexit$$00000000)
    __rt_exit_ls                             0x00000319   Thumb Code     0  rtexit2.o(.ARM.Collect$$rtexit$$00000003)
    __rt_exit_prels_1                        0x00000319   Thumb Code     0  rtexit2.o(.ARM.Collect$$rtexit$$00000002)
    __rt_exit_exit                           0x0000031d   Thumb Code     0  rtexit2.o(.ARM.Collect$$rtexit$$00000004)
    Reset_Handler                            0x00000325   Thumb Code     4  startup_tm4c123.o(.text)
    NMI_Handler                              0x00000329   Thumb Code     2  startup_tm4c123.o(.text)
    HardFault_Handler                        0x0000032b   Thumb Code     2  startup_tm4c123.o(.text)
    MemManage_Handler                        0x0000032d   Thumb Code     2  startup_tm4c123.o(.text)
    BusFault_Handler                         0x0000032f   Thumb Code     2  startup_tm4c123.o(.text)
    UsageFault_Handler                       0x00000331   Thumb Code     2  startup_tm4c123.o(.text)
    SVC_Handler                              0x00000333   Thumb Code     2  startup_tm4c123.o(.text)
    DebugMon_Handler                         0x00000335   Thumb Code     2  startup_tm4c123.o(.text)
    PendSV_Handler                           0x00000337   Thumb Code     2  startup_tm4c123.o(.text)
    SysTick_Handler                          0x00000339   Thumb Code     2  startup_tm4c123.o(.text)
    GPIOA_Handler                            0x0000033b   Thumb Code     2  startup_tm4c123.o(.text)
    GPIOB_Handler                            0x0000033d   Thumb Code     2  startup_tm4c123.o(.text)
    GPIOC_Handler                            0x0000033f   Thumb Code     2  startup_tm4c123.o(.text)
    GPIOD_Handler                            0x00000341   Thumb Code     2  startup_tm4c123.o(.text)
    GPIOE_Handler                            0x00000343   Thumb Code     2  startup_tm4c123.o(.text)
    UART0_Handler                            0x00000345   Thumb Code     2  startup_tm4c123.o(.text)
    UART1_Handler                            0x00000347   Thumb Code     2  startup_tm4c123.o(.text)
    SSI0_Handler                             0x00000349   Thumb Code     2  startup_tm4c123.o(.text)
    I2C0_Handler                             0x0000034b   Thumb Code     2  startup_tm4c123.o(.text)
    PMW0_FAULT_Handler                       0x0000034d   Thumb Code     2  startup_tm4c123.o(.text)
    PWM0_0_Handler                           0x0000034f   Thumb Code     2  startup_tm4c123.o(.text)
    PWM0_1_Handler                           0x00000351   Thumb Code     2  startup_tm4c123.o(.text)
    PWM0_2_Handler                           0x00000353   Thumb Code     2  startup_tm4c123.o(.text)
    QEI0_Handler                             0x00000355   Thumb Code     2  startup_tm4c123.o(.text)
    ADC0SS0_Handler                          0x00000357   Thumb Code     2  startup_tm4c123.o(.text)
    ADC0SS1_Handler                          0x00000359   Thumb Code     2  startup_tm4c123.o(.text)
    ADC0SS2_Handler                          0x0000035b   Thumb Code     2  startup_tm4c123.o(.text)
    ADC0SS3_Handler                          0x0000035d   Thumb Code     2  startup_tm4c123.o(.text)
    WDT0_Handler                             0x0000035f   Thumb Code     2  startup_tm4c123.o(.text)
    TIMER0A_Handler                          0x00000361   Thumb Code     2  startup_tm4c123.o(.text)
    TIMER0B_Handler                          0x00000363   Thumb Code     2  startup_tm4c123.o(.text)
    TIMER1A_Handler                          0x00000365   Thumb Code     2  startup_tm4c123.o(.text)
    TIMER1B_Handler                          0x00000367   Thumb Code     2  startup_tm4c123.o(.text)
    TIMER2A_Handler                          0x00000369   Thumb Code     2  startup_tm4c123.o(.text)
    TIMER2B_Handler                          0x0000036b   Thumb Code     2  startup_tm4c123.o(.text)
    COMP0_Handler                            0x0000036d   Thumb Code     2  startup_tm4c123.o(.text)
    COMP1_Handler                            0x0000036f   Thumb Code     2  startup_tm4c123.o(.text)
    COMP2_Handler                            0x00000371   Thumb Code     2  startup_tm4c123.o(.text)
    SYSCTL_Handler                           0x00000373   Thumb Code     2  startup_tm4c123.o(.text)
    FLASH_Handler                            0x00000375   Thumb Code     2  startup_tm4c123.o(.text)
    GPIOF_Handler                            0x00000377   Thumb Code     2  startup_tm4c123.o(.text)
    GPIOG_Handler                            0x00000379   Thumb Code     2  startup_tm4c123.o(.text)
    GPIOH_Handler                            0x0000037b   Thumb Code     2  startup_tm4c123.o(.text)
    UART2_Handler                            0x0000037d   Thumb Code     2  startup_tm4c123.o(.text)
    SSI1_Handler                             0x0000037f   Thumb Code     2  startup_tm4c123.o(.text)
    TIMER3A_Handler                          0x00000381   Thumb Code     2  startup_tm4c123.o(.text)
    TIMER3B_Handler                          0x00000383   Thumb Code     2  startup_tm4c123.o(.text)
    I2C1_Handler                             0x00000385   Thumb Code     2  startup_tm4c123.o(.text)
    QEI1_Handler                             0x00000387   Thumb Code     2  startup_tm4c123.o(.text)
    CAN0_Handler                             0x00000389   Thumb Code     2  startup_tm4c123.o(.text)
    CAN1_Handler                             0x0000038b   Thumb Code     2  startup_tm4c123.o(.text)
    CAN2_Handler                             0x0000038d   Thumb Code     2  startup_tm4c123.o(.text)
    HIB_Handler                              0x0000038f   Thumb Code     2  startup_tm4c123.o(.text)
    USB0_Handler                             0x00000391   Thumb Code     2  startup_tm4c123.o(.text)
    PWM0_3_Handler                           0x00000393   Thumb Code     2  startup_tm4c123.o(.text)
    UDMA_Handler                             0x00000395   Thumb Code     2  startup_tm4c123.o(.text)
    UDMAERR_Handler                          0x00000397   Thumb Code     2  startup_tm4c123.o(.text)
    ADC1SS0_Handler                          0x00000399   Thumb Code     2  startup_tm4c123.o(.text)
    ADC1SS1_Handler                          0x0000039b   Thumb Code     2  startup_tm4c123.o(.text)
    ADC1SS2_Handler                          0x0000039d   Thumb Code     2  startup_tm4c123.o(.text)
    ADC1SS3_Handler                          0x0000039f   Thumb Code     2  startup_tm4c123.o(.text)
    GPIOJ_Handler                            0x000003a1   Thumb Code     2  startup_tm4c123.o(.text)
    GPIOK_Handler                            0x000003a3   Thumb Code     2  startup_tm4c123.o(.text)
    GPIOL_Handler                            0x000003a5   Thumb Code     2  startup_tm4c123.o(.text)
    SSI2_Handler                             0x000003a7   Thumb Code     2  startup_tm4c123.o(.text)
    SSI3_Handler                             0x000003a9   Thumb Code     2  startup_tm4c123.o(.text)
    UART3_Handler                            0x000003ab   Thumb Code     2  startup_tm4c123.o(.text)
    UART4_Handler                            0x000003ad   Thumb Code     2  startup_tm4c123.o(.text)
    UART5_Handler                            0x000003af   Thumb Code     2  startup_tm4c123.o(.text)
    UART6_Handler                            0x000003b1   Thumb Code     2  startup_tm4c123.o(.text)
    UART7_Handler                            0x000003b3   Thumb Code     2  startup_tm4c123.o(.text)
    I2C2_Handler                             0x000003b5   Thumb Code     2  startup_tm4c123.o(.text)
    I2C3_Handler                             0x000003b7   Thumb Code     2  startup_tm4c123.o(.text)
    TIMER4A_Handler                          0x000003b9   Thumb Code     2  startup_tm4c123.o(.text)
    TIMER4B_Handler                          0x000003bb   Thumb Code     2  startup_tm4c123.o(.text)
    TIMER5A_Handler                          0x000003bd   Thumb Code     2  startup_tm4c123.o(.text)
    TIMER5B_Handler                          0x000003bf   Thumb Code     2  startup_tm4c123.o(.text)
    WTIMER0A_Handler                         0x000003c1   Thumb Code     2  startup_tm4c123.o(.text)
    WTIMER0B_Handler                         0x000003c3   Thumb Code     2  startup_tm4c123.o(.text)
    WTIMER1A_Handler                         0x000003c5   Thumb Code     2  startup_tm4c123.o(.text)
    WTIMER1B_Handler                         0x000003c7   Thumb Code     2  startup_tm4c123.o(.text)
    WTIMER2A_Handler                         0x000003c9   Thumb Code     2  startup_tm4c123.o(.text)
    WTIMER2B_Handler                         0x000003cb   Thumb Code     2  startup_tm4c123.o(.text)
    WTIMER3A_Handler                         0x000003cd   Thumb Code     2  startup_tm4c123.o(.text)
    WTIMER3B_Handler                         0x000003cf   Thumb Code     2  startup_tm4c123.o(.text)
    WTIMER4A_Handler                         0x000003d1   Thumb Code     2  startup_tm4c123.o(.text)
    WTIMER4B_Handler                         0x000003d3   Thumb Code     2  startup_tm4c123.o(.text)
    WTIMER5A_Handler                         0x000003d5   Thumb Code     2  startup_tm4c123.o(.text)
    WTIMER5B_Handler                         0x000003d7   Thumb Code     2  startup_tm4c123.o(.text)
    FPU_Handler                              0x000003d9   Thumb Code     2  startup_tm4c123.o(.text)
    I2C4_Handler                             0x000003db   Thumb Code     2  startup_tm4c123.o(.text)
    I2C5_Handler                             0x000003dd   Thumb Code     2  startup_tm4c123.o(.text)
    GPIOM_Handler                            0x000003df   Thumb Code     2  startup_tm4c123.o(.text)
    GPION_Handler                            0x000003e1   Thumb Code     2  startup_tm4c123.o(.text)
    QEI2_Handler                             0x000003e3   Thumb Code     2  startup_tm4c123.o(.text)
    GPIOP0_Handler                           0x000003e5   Thumb Code     2  startup_tm4c123.o(.text)
    GPIOP1_Handler                           0x000003e7   Thumb Code     2  startup_tm4c123.o(.text)
    GPIOP2_Handler                           0x000003e9   Thumb Code     2  startup_tm4c123.o(.text)
    GPIOP3_Handler                           0x000003eb   Thumb Code     2  startup_tm4c123.o(.text)
    GPIOP4_Handler                           0x000003ed   Thumb Code     2  startup_tm4c123.o(.text)
    GPIOP5_Handler                           0x000003ef   Thumb Code     2  startup_tm4c123.o(.text)
    GPIOP6_Handler                           0x000003f1   Thumb Code     2  startup_tm4c123.o(.text)
    GPIOP7_Handler                           0x000003f3   Thumb Code     2  startup_tm4c123.o(.text)
    GPIOQ0_Handler                           0x000003f5   Thumb Code     2  startup_tm4c123.o(.text)
    GPIOQ1_Handler                           0x000003f7   Thumb Code     2  startup_tm4c123.o(.text)
    GPIOQ2_Handler                           0x000003f9   Thumb Code     2  startup_tm4c123.o(.text)
    GPIOQ3_Handler                           0x000003fb   Thumb Code     2  startup_tm4c123.o(.text)
    GPIOQ4_Handler                           0x000003fd   Thumb Code     2  startup_tm4c123.o(.text)
    GPIOQ5_Handler                           0x000003ff   Thumb Code     2  startup_tm4c123.o(.text)
    GPIOQ6_Handler                           0x00000401   Thumb Code     2  startup_tm4c123.o(.text)
    GPIOQ7_Handler                           0x00000403   Thumb Code     2  startup_tm4c123.o(.text)
    GPIOR_Handler                            0x00000405   Thumb Code     2  startup_tm4c123.o(.text)
    GPIOS_Handler                            0x00000407   Thumb Code     2  startup_tm4c123.o(.text)
    PMW1_0_Handler                           0x00000409   Thumb Code     2  startup_tm4c123.o(.text)
    PWM1_1_Handler                           0x0000040b   Thumb Code     2  startup_tm4c123.o(.text)
    PWM1_2_Handler                           0x0000040d   Thumb Code     2  startup_tm4c123.o(.text)
    PWM1_3_Handler                           0x0000040f   Thumb Code     2  startup_tm4c123.o(.text)
    PWM1_FAULT_Handler                       0x00000411   Thumb Code     2  startup_tm4c123.o(.text)
    __user_initial_stackheap                 0x00000415   Thumb Code     0  startup_tm4c123.o(.text)
    init_UART0                               0x00000431   Thumb Code   126  main.o(.text)
    init_UART2                               0x000004af   Thumb Code   166  main.o(.text)
    Read_data                                0x00000555   Thumb Code    22  main.o(.text)
    Write_data                               0x0000056b   Thumb Code    20  main.o(.text)
    Read_command                             0x0000057f   Thumb Code    38  main.o(.text)
    print_command                            0x000005a5   Thumb Code    32  main.o(.text)
    GPRMC                                    0x000005c5   Thumb Code   128  main.o(.text)
    ascii_number                             0x00000645   Thumb Code    16  main.o(.text)
    decimel                                  0x00000655   Thumb Code   114  main.o(.text)
    sys_delay                                0x000006c7   Thumb Code    70  main.o(.text)
    lot_delay                                0x0000070d   Thumb Code    24  main.o(.text)
    distance                                 0x00000725   Thumb Code    28  main.o(.text)
    rad                                      0x00000741   Thumb Code    44  main.o(.text)
    gps_distance                             0x0000076d   Thumb Code   272  main.o(.text)
    main                                     0x0000087d   Thumb Code    36  main.o(.text)
    __aeabi_memclr4                          0x000008a1   Thumb Code     0  rt_memclr_w.o(.text)
    __aeabi_memclr8                          0x000008a1   Thumb Code     0  rt_memclr_w.o(.text)
    __rt_memclr_w                            0x000008a1   Thumb Code    78  rt_memclr_w.o(.text)
    _memset_w                                0x000008a5   Thumb Code     0  rt_memclr_w.o(.text)
    __use_two_region_memory                  0x000008ef   Thumb Code     2  heapauxi.o(.text)
    __rt_heap_escrow$2region                 0x000008f1   Thumb Code     2  heapauxi.o(.text)
    __rt_heap_expand$2region                 0x000008f3   Thumb Code     2  heapauxi.o(.text)
    __read_errno                             0x000008f5   Thumb Code    10  _rserrno.o(.text)
    __set_errno                              0x000008ff   Thumb Code    12  _rserrno.o(.text)
    __strtod_int                             0x00000949   Thumb Code    88  strtod.o(.text)
    __aeabi_errno_addr                       0x000009ad   Thumb Code     8  rt_errno_addr_intlibspace.o(.text)
    __errno$intlibspace                      0x000009ad   Thumb Code     0  rt_errno_addr_intlibspace.o(.text)
    __rt_errno_addr$intlibspace              0x000009ad   Thumb Code     0  rt_errno_addr_intlibspace.o(.text)
    isspace                                  0x000009b5   Thumb Code    18  isspace.o(.text)
    _sgetc                                   0x000009c7   Thumb Code    30  _sgetc.o(.text)
    _sbackspace                              0x000009e5   Thumb Code    34  _sgetc.o(.text)
    __user_libspace                          0x00000a09   Thumb Code     8  libspace.o(.text)
    __user_perproc_libspace                  0x00000a09   Thumb Code     0  libspace.o(.text)
    __user_perthread_libspace                0x00000a09   Thumb Code     0  libspace.o(.text)
    __user_setup_stackheap                   0x00000a11   Thumb Code    74  sys_stackheap_outer.o(.text)
    __rt_ctype_table                         0x00000a5d   Thumb Code    16  rt_ctype_table.o(.text)
    _scanf_really_real                       0x00000c65   Thumb Code   672  scanf_fp.o(.text)
    exit                                     0x00000f11   Thumb Code    12  exit.o(.text)
    strcmp                                   0x00000f1d   Thumb Code   128  strcmpv7m.o(.text)
    __rt_locale                              0x00000f9d   Thumb Code     8  rt_locale_intlibspace.o(.text)
    _btod_etento                             0x00000fa5   Thumb Code   222  bigflt0.o(.text)
    _scanf_really_hex_real                   0x00001089   Thumb Code   776  scanf_hexfp.o(.text)
    _scanf_really_infnan                     0x0000139d   Thumb Code   298  scanf_infnan.o(.text)
    _sys_exit                                0x000014d9   Thumb Code     8  sys_exit.o(.text)
    __aeabi_llsl                             0x000014e5   Thumb Code     0  llshl.o(.text)
    _ll_shift_l                              0x000014e5   Thumb Code    38  llshl.o(.text)
    _chval                                   0x0000150b   Thumb Code    28  _chval.o(.text)
    __I$use$semihosting                      0x00001527   Thumb Code     0  use_no_semi.o(.text)
    __use_no_semihosting_swi                 0x00001527   Thumb Code     2  use_no_semi.o(.text)
    __btod_div_common                        0x00001529   Thumb Code   696  btod.o(CL$$btod_div_common)
    __semihosting_library_function           0x00001529   Thumb Code     0  indicate_semi.o(.text)
    _e2d                                     0x00001861   Thumb Code    80  btod.o(CL$$btod_e2d)
    _e2e                                     0x000018b5   Thumb Code   198  btod.o(CL$$btod_e2e)
    _btod_ediv                               0x0000197b   Thumb Code    40  btod.o(CL$$btod_ediv)
    _btod_edivd                              0x000019a3   Thumb Code    40  btod.o(CL$$btod_edivd)
    _btod_emul                               0x000019cb   Thumb Code    40  btod.o(CL$$btod_emul)
    _btod_emuld                              0x000019f3   Thumb Code    40  btod.o(CL$$btod_emuld)
    __btod_mult_common                       0x00001a1b   Thumb Code   580  btod.o(CL$$btod_mult_common)
    __ARM_fpclassify                         0x00001c5f   Thumb Code    40  fpclassify.o(i.__ARM_fpclassify)
    __ieee754_rem_pio2                       0x00001c89   Thumb Code   832  rred.o(i.__ieee754_rem_pio2)
    __kernel_cos                             0x00002011   Thumb Code   230  cos_i.o(i.__kernel_cos)
    __kernel_poly                            0x0000210d   Thumb Code   170  poly.o(i.__kernel_poly)
    __kernel_sin                             0x000021b9   Thumb Code   224  sin_i.o(i.__kernel_sin)
    __mathlib_dbl_underflow                  0x000022a5   Thumb Code    10  dunder.o(i.__mathlib_dbl_underflow)
    __mathlib_narrow                         0x000022b5   Thumb Code    16  narrow.o(i.__mathlib_narrow)
    __mathlib_tofloat                        0x000022c5   Thumb Code   132  narrow.o(i.__mathlib_tofloat)
    __support_ldexp                          0x0000234d   Thumb Code    22  ldexp.o(i.__support_ldexp)
    _is_digit                                0x00002363   Thumb Code    14  scanf_fp.o(i._is_digit)
    cos                                      0x00002371   Thumb Code   164  cos.o(i.cos)
    frexp                                    0x0000241d   Thumb Code    80  frexp.o(i.frexp)
    ldexp                                    0x00002475   Thumb Code   126  ldexp.o(i.ldexp)
    sqrt                                     0x000024f3   Thumb Code    76  sqrt.o(i.sqrt)
    strtod                                   0x0000253f   Thumb Code    28  strtod.o(i.strtod)
    _get_lc_numeric                          0x0000255d   Thumb Code    44  lc_numeric_c.o(locale$$code)
    _get_lc_ctype                            0x00002589   Thumb Code    44  lc_ctype_c.o(locale$$code)
    __aeabi_d2f                              0x000025b5   Thumb Code     0  d2f.o(x$fpl$d2f)
    _d2f                                     0x000025b5   Thumb Code    98  d2f.o(x$fpl$d2f)
    __aeabi_dadd                             0x00002619   Thumb Code     0  daddsub_clz.o(x$fpl$dadd)
    _dadd                                    0x00002619   Thumb Code   332  daddsub_clz.o(x$fpl$dadd)
    __fpl_dcheck_NaN1                        0x00002769   Thumb Code    10  dcheck1.o(x$fpl$dcheck1)
    __fpl_dcmp_Inf                           0x00002779   Thumb Code    24  dcmpi.o(x$fpl$dcmpinf)
    __aeabi_ddiv                             0x00002791   Thumb Code     0  ddiv.o(x$fpl$ddiv)
    _ddiv                                    0x00002791   Thumb Code   552  ddiv.o(x$fpl$ddiv)
    __aeabi_cdcmpeq                          0x00002a41   Thumb Code     0  deqf.o(x$fpl$deqf)
    _dcmpeq                                  0x00002a41   Thumb Code   120  deqf.o(x$fpl$deqf)
    __aeabi_d2iz                             0x00002ab9   Thumb Code     0  dfix.o(x$fpl$dfix)
    _dfix                                    0x00002ab9   Thumb Code    94  dfix.o(x$fpl$dfix)
    __aeabi_d2uiz                            0x00002b19   Thumb Code     0  dfixu.o(x$fpl$dfixu)
    _dfixu                                   0x00002b19   Thumb Code    90  dfixu.o(x$fpl$dfixu)
    __aeabi_i2d                              0x00002b73   Thumb Code     0  dflt_clz.o(x$fpl$dflt)
    _dflt                                    0x00002b73   Thumb Code    46  dflt_clz.o(x$fpl$dflt)
    __aeabi_ui2d                             0x00002ba1   Thumb Code     0  dflt_clz.o(x$fpl$dfltu)
    _dfltu                                   0x00002ba1   Thumb Code    38  dflt_clz.o(x$fpl$dfltu)
    __aeabi_cdcmple                          0x00002bc9   Thumb Code     0  dleqf.o(x$fpl$dleqf)
    _dcmple                                  0x00002bc9   Thumb Code   120  dleqf.o(x$fpl$dleqf)
    __fpl_dcmple_InfNaN                      0x00002c2b   Thumb Code     0  dleqf.o(x$fpl$dleqf)
    __aeabi_dmul                             0x00002c41   Thumb Code     0  dmul.o(x$fpl$dmul)
    _dmul                                    0x00002c41   Thumb Code   332  dmul.o(x$fpl$dmul)
    __fpl_dnaninf                            0x00002d95   Thumb Code   156  dnaninf.o(x$fpl$dnaninf)
    __fpl_dretinf                            0x00002e31   Thumb Code    12  dretinf.o(x$fpl$dretinf)
    __aeabi_cdrcmple                         0x00002e3d   Thumb Code     0  drleqf.o(x$fpl$drleqf)
    _drcmple                                 0x00002e3d   Thumb Code   108  drleqf.o(x$fpl$drleqf)
    __aeabi_drsub                            0x00002ea9   Thumb Code     0  daddsub_clz.o(x$fpl$drsb)
    _drsb                                    0x00002ea9   Thumb Code    22  daddsub_clz.o(x$fpl$drsb)
    _dsqrt                                   0x00002ec1   Thumb Code   404  dsqrt_umaal.o(x$fpl$dsqrt)
    __aeabi_dsub                             0x00003059   Thumb Code     0  daddsub_clz.o(x$fpl$dsub)
    _dsub                                    0x00003059   Thumb Code   464  daddsub_clz.o(x$fpl$dsub)
    __fpl_fretinf                            0x0000322d   Thumb Code    10  fretinf.o(x$fpl$fretinf)
    __fpl_return_NaN                         0x00003237   Thumb Code   100  retnan.o(x$fpl$retnan)
    __ARM_scalbn                             0x0000329b   Thumb Code    92  scalbn.o(x$fpl$scalbn)
    _scanf_real                              0x000032f7   Thumb Code     4  scanf1.o(x$fpl$scanf1)
    _scanf_hex_real                          0x000032fb   Thumb Code     4  scanf2.o(x$fpl$scanf2)
    _scanf_infnan                            0x000032ff   Thumb Code     4  scanf2.o(x$fpl$scanf2)
    __fpl_cmpreturn                          0x00003303   Thumb Code    48  trapv.o(x$fpl$trapveneer)
    __I$use$fp                               0x00003332   Number         0  usenofp.o(x$fpl$usenofp)
    Region$$Table$$Base                      0x000034ec   Number         0  anon$$obj.o(Region$$Table)
    Region$$Table$$Limit                     0x0000350c   Number         0  anon$$obj.o(Region$$Table)
    __aeabi_HUGE_VAL                         0x0000350c   Data           0  fpconst.o(c$$dinf)
    __aeabi_HUGE_VALL                        0x0000350c   Data           0  fpconst.o(c$$dinf)
    __aeabi_INFINITY                         0x0000350c   Data           0  fpconst.o(c$$dinf)
    __dInf                                   0x0000350c   Data           0  fpconst.o(c$$dinf)
    __huge_val                               0x0000350c   Data           0  fpconst.o(c$$dinf)
    __ctype                                  0x0000353d   Data           0  lc_ctype_c.o(locale$$data)
    latitude                                 0x20000000   Data           1  main.o(.data)
    longitude                                0x20000001   Data           1  main.o(.data)
    __libspace_start                         0x20000010   Data          96  libspace.o(.bss)
    __temporary_stack_top$libspace           0x20000070   Data           0  libspace.o(.bss)



==============================================================================

Memory Map of the image

  Image Entry point : 0x00000325

  Load Region LR_1 (Base: 0x00000000, Size: 0x00003650, Max: 0xffffffff, ABSOLUTE)

    Execution Region ER_RO (Base: 0x00000000, Size: 0x00003640, Max: 0xffffffff, ABSOLUTE)

    Base Addr    Size         Type   Attr      Idx    E Section Name        Object

    0x00000000   0x0000026c   Data   RO            3    RESET               startup_tm4c123.o
    0x0000026c   0x00000008   Code   RO           48  * !!!main             c_w.l(__main.o)
    0x00000274   0x00000034   Code   RO          396    !!!scatter          c_w.l(__scatter.o)
    0x000002a8   0x0000001a   Code   RO          398    !!handler_copy      c_w.l(__scatter_copy.o)
    0x000002c2   0x00000002   PAD
    0x000002c4   0x0000001c   Code   RO          400    !!handler_zi        c_w.l(__scatter_zi.o)
    0x000002e0   0x00000002   Code   RO          185    .ARM.Collect$$libinit$$00000000  c_w.l(libinit.o)
    0x000002e2   0x00000000   Code   RO          187    .ARM.Collect$$libinit$$00000002  c_w.l(libinit2.o)
    0x000002e2   0x00000000   Code   RO          190    .ARM.Collect$$libinit$$00000008  c_w.l(libinit2.o)
    0x000002e2   0x00000000   Code   RO          192    .ARM.Collect$$libinit$$0000000A  c_w.l(libinit2.o)
    0x000002e2   0x00000000   Code   RO          194    .ARM.Collect$$libinit$$0000000C  c_w.l(libinit2.o)
    0x000002e2   0x00000006   Code   RO          195    .ARM.Collect$$libinit$$0000000D  c_w.l(libinit2.o)
    0x000002e8   0x00000000   Code   RO          197    .ARM.Collect$$libinit$$0000000F  c_w.l(libinit2.o)
    0x000002e8   0x0000000c   Code   RO          198    .ARM.Collect$$libinit$$00000010  c_w.l(libinit2.o)
    0x000002f4   0x00000000   Code   RO          199    .ARM.Collect$$libinit$$00000011  c_w.l(libinit2.o)
    0x000002f4   0x00000000   Code   RO          201    .ARM.Collect$$libinit$$00000013  c_w.l(libinit2.o)
    0x000002f4   0x0000000a   Code   RO          202    .ARM.Collect$$libinit$$00000014  c_w.l(libinit2.o)
    0x000002fe   0x00000000   Code   RO          203    .ARM.Collect$$libinit$$00000015  c_w.l(libinit2.o)
    0x000002fe   0x00000000   Code   RO          205    .ARM.Collect$$libinit$$00000017  c_w.l(libinit2.o)
    0x000002fe   0x00000000   Code   RO          207    .ARM.Collect$$libinit$$00000019  c_w.l(libinit2.o)
    0x000002fe   0x00000000   Code   RO          209    .ARM.Collect$$libinit$$0000001B  c_w.l(libinit2.o)
    0x000002fe   0x00000000   Code   RO          211    .ARM.Collect$$libinit$$0000001D  c_w.l(libinit2.o)
    0x000002fe   0x00000000   Code   RO          213    .ARM.Collect$$libinit$$0000001F  c_w.l(libinit2.o)
    0x000002fe   0x00000000   Code   RO          215    .ARM.Collect$$libinit$$00000021  c_w.l(libinit2.o)
    0x000002fe   0x00000000   Code   RO          217    .ARM.Collect$$libinit$$00000023  c_w.l(libinit2.o)
    0x000002fe   0x00000000   Code   RO          221    .ARM.Collect$$libinit$$0000002A  c_w.l(libinit2.o)
    0x000002fe   0x00000000   Code   RO          223    .ARM.Collect$$libinit$$0000002C  c_w.l(libinit2.o)
    0x000002fe   0x00000000   Code   RO          225    .ARM.Collect$$libinit$$0000002E  c_w.l(libinit2.o)
    0x000002fe   0x00000000   Code   RO          227    .ARM.Collect$$libinit$$00000030  c_w.l(libinit2.o)
    0x000002fe   0x00000002   Code   RO          228    .ARM.Collect$$libinit$$00000031  c_w.l(libinit2.o)
    0x00000300   0x00000002   Code   RO          330    .ARM.Collect$$libshutdown$$00000000  c_w.l(libshutdown.o)
    0x00000302   0x00000000   Code   RO          356    .ARM.Collect$$libshutdown$$00000003  c_w.l(libshutdown2.o)
    0x00000302   0x00000000   Code   RO          359    .ARM.Collect$$libshutdown$$00000006  c_w.l(libshutdown2.o)
    0x00000302   0x00000000   Code   RO          362    .ARM.Collect$$libshutdown$$00000009  c_w.l(libshutdown2.o)
    0x00000302   0x00000000   Code   RO          364    .ARM.Collect$$libshutdown$$0000000B  c_w.l(libshutdown2.o)
    0x00000302   0x00000000   Code   RO          367    .ARM.Collect$$libshutdown$$0000000E  c_w.l(libshutdown2.o)
    0x00000302   0x00000002   Code   RO          368    .ARM.Collect$$libshutdown$$0000000F  c_w.l(libshutdown2.o)
    0x00000304   0x00000000   Code   RO           96    .ARM.Collect$$rtentry$$00000000  c_w.l(rtentry.o)
    0x00000304   0x00000000   Code   RO          127    .ARM.Collect$$rtentry$$00000002  c_w.l(rtentry2.o)
    0x00000304   0x00000006   Code   RO          139    .ARM.Collect$$rtentry$$00000004  c_w.l(rtentry4.o)
    0x0000030a   0x00000000   Code   RO          129    .ARM.Collect$$rtentry$$00000009  c_w.l(rtentry2.o)
    0x0000030a   0x00000004   Code   RO          130    .ARM.Collect$$rtentry$$0000000A  c_w.l(rtentry2.o)
    0x0000030e   0x00000000   Code   RO          132    .ARM.Collect$$rtentry$$0000000C  c_w.l(rtentry2.o)
    0x0000030e   0x00000008   Code   RO          133    .ARM.Collect$$rtentry$$0000000D  c_w.l(rtentry2.o)
    0x00000316   0x00000002   Code   RO          231    .ARM.Collect$$rtexit$$00000000  c_w.l(rtexit.o)
    0x00000318   0x00000000   Code   RO          290    .ARM.Collect$$rtexit$$00000002  c_w.l(rtexit2.o)
    0x00000318   0x00000004   Code   RO          291    .ARM.Collect$$rtexit$$00000003  c_w.l(rtexit2.o)
    0x0000031c   0x00000006   Code   RO          292    .ARM.Collect$$rtexit$$00000004  c_w.l(rtexit2.o)
    0x00000322   0x00000002   PAD
    0x00000324   0x0000010c   Code   RO            4  * .text               startup_tm4c123.o
    0x00000430   0x00000470   Code   RO           10    .text               main.o
    0x000008a0   0x0000004e   Code   RO           44    .text               c_w.l(rt_memclr_w.o)
    0x000008ee   0x00000006   Code   RO           46    .text               c_w.l(heapauxi.o)
    0x000008f4   0x00000016   Code   RO           97    .text               c_w.l(_rserrno.o)
    0x0000090a   0x00000002   PAD
    0x0000090c   0x000000a0   Code   RO           99    .text               c_w.l(strtod.o)
    0x000009ac   0x00000008   Code   RO          144    .text               c_w.l(rt_errno_addr_intlibspace.o)
    0x000009b4   0x00000012   Code   RO          146    .text               c_w.l(isspace.o)
    0x000009c6   0x00000040   Code   RO          148    .text               c_w.l(_sgetc.o)
    0x00000a06   0x00000002   PAD
    0x00000a08   0x00000008   Code   RO          165    .text               c_w.l(libspace.o)
    0x00000a10   0x0000004a   Code   RO          168    .text               c_w.l(sys_stackheap_outer.o)
    0x00000a5a   0x00000002   PAD
    0x00000a5c   0x00000010   Code   RO          170    .text               c_w.l(rt_ctype_table.o)
    0x00000a6c   0x000004a4   Code   RO          172    .text               c_w.l(scanf_fp.o)
    0x00000f10   0x0000000c   Code   RO          176    .text               c_w.l(exit.o)
    0x00000f1c   0x00000080   Code   RO          178    .text               c_w.l(strcmpv7m.o)
    0x00000f9c   0x00000008   Code   RO          236    .text               c_w.l(rt_locale_intlibspace.o)
    0x00000fa4   0x000000e4   Code   RO          238    .text               c_w.l(bigflt0.o)
    0x00001088   0x00000314   Code   RO          296    .text               c_w.l(scanf_hexfp.o)
    0x0000139c   0x0000013c   Code   RO          298    .text               c_w.l(scanf_infnan.o)
    0x000014d8   0x0000000c   Code   RO          316    .text               c_w.l(sys_exit.o)
    0x000014e4   0x00000026   Code   RO          320    .text               c_w.l(llshl.o)
    0x0000150a   0x0000001c   Code   RO          322    .text               c_w.l(_chval.o)
    0x00001526   0x00000002   Code   RO          345    .text               c_w.l(use_no_semi.o)
    0x00001528   0x00000000   Code   RO          347    .text               c_w.l(indicate_semi.o)
    0x00001528   0x00000338   Code   RO          251    CL$$btod_div_common  c_w.l(btod.o)
    0x00001860   0x00000054   Code   RO          249    CL$$btod_e2d        c_w.l(btod.o)
    0x000018b4   0x000000c6   Code   RO          248    CL$$btod_e2e        c_w.l(btod.o)
    0x0000197a   0x00000028   Code   RO          245    CL$$btod_ediv       c_w.l(btod.o)
    0x000019a2   0x00000028   Code   RO          247    CL$$btod_edivd      c_w.l(btod.o)
    0x000019ca   0x00000028   Code   RO          244    CL$$btod_emul       c_w.l(btod.o)
    0x000019f2   0x00000028   Code   RO          246    CL$$btod_emuld      c_w.l(btod.o)
    0x00001a1a   0x00000244   Code   RO          250    CL$$btod_mult_common  c_w.l(btod.o)
    0x00001c5e   0x00000028   Code   RO          161    i.__ARM_fpclassify  m_ws.l(fpclassify.o)
    0x00001c86   0x00000002   PAD
    0x00001c88   0x00000388   Code   RO          115    i.__ieee754_rem_pio2  m_ws.l(rred.o)
    0x00002010   0x000000fc   Code   RO          112    i.__kernel_cos      m_ws.l(cos_i.o)
    0x0000210c   0x000000aa   Code   RO          163    i.__kernel_poly     m_ws.l(poly.o)
    0x000021b6   0x00000002   PAD
    0x000021b8   0x000000ec   Code   RO          120    i.__kernel_sin      m_ws.l(sin_i.o)
    0x000022a4   0x00000010   Code   RO          159    i.__mathlib_dbl_underflow  m_ws.l(dunder.o)
    0x000022b4   0x00000010   Code   RO          283    i.__mathlib_narrow  m_ws.l(narrow.o)
    0x000022c4   0x00000088   Code   RO          284    i.__mathlib_tofloat  m_ws.l(narrow.o)
    0x0000234c   0x00000016   Code   RO          334    i.__support_ldexp   m_ws.l(ldexp.o)
    0x00002362   0x0000000e   Code   RO          174    i._is_digit         c_w.l(scanf_fp.o)
    0x00002370   0x000000ac   Code   RO           77    i.cos               m_ws.l(cos.o)
    0x0000241c   0x00000058   Code   RO          311    i.frexp             m_ws.l(frexp.o)
    0x00002474   0x0000007e   Code   RO          335    i.ldexp             m_ws.l(ldexp.o)
    0x000024f2   0x0000004c   Code   RO           85    i.sqrt              m_ws.l(sqrt.o)
    0x0000253e   0x0000001c   Code   RO           93    i.strtod            m_ws.l(strtod.o)
    0x0000255a   0x00000002   PAD
    0x0000255c   0x0000002c   Code   RO          151    locale$$code        c_w.l(lc_numeric_c.o)
    0x00002588   0x0000002c   Code   RO          264    locale$$code        c_w.l(lc_ctype_c.o)
    0x000025b4   0x00000062   Code   RO          304    x$fpl$d2f           fz_ws.l(d2f.o)
    0x00002616   0x00000002   PAD
    0x00002618   0x00000150   Code   RO           50    x$fpl$dadd          fz_ws.l(daddsub_clz.o)
    0x00002768   0x00000010   Code   RO          153    x$fpl$dcheck1       fz_ws.l(dcheck1.o)
    0x00002778   0x00000018   Code   RO          155    x$fpl$dcmpinf       fz_ws.l(dcmpi.o)
    0x00002790   0x000002b0   Code   RO           57    x$fpl$ddiv          fz_ws.l(ddiv.o)
    0x00002a40   0x00000078   Code   RO          306    x$fpl$deqf          fz_ws.l(deqf.o)
    0x00002ab8   0x0000005e   Code   RO           60    x$fpl$dfix          fz_ws.l(dfix.o)
    0x00002b16   0x00000002   PAD
    0x00002b18   0x0000005a   Code   RO           64    x$fpl$dfixu         fz_ws.l(dfixu.o)
    0x00002b72   0x0000002e   Code   RO           69    x$fpl$dflt          fz_ws.l(dflt_clz.o)
    0x00002ba0   0x00000026   Code   RO           68    x$fpl$dfltu         fz_ws.l(dflt_clz.o)
    0x00002bc6   0x00000002   PAD
    0x00002bc8   0x00000078   Code   RO          101    x$fpl$dleqf         fz_ws.l(dleqf.o)
    0x00002c40   0x00000154   Code   RO           74    x$fpl$dmul          fz_ws.l(dmul.o)
    0x00002d94   0x0000009c   Code   RO          103    x$fpl$dnaninf       fz_ws.l(dnaninf.o)
    0x00002e30   0x0000000c   Code   RO          105    x$fpl$dretinf       fz_ws.l(dretinf.o)
    0x00002e3c   0x0000006c   Code   RO          308    x$fpl$drleqf        fz_ws.l(drleqf.o)
    0x00002ea8   0x00000016   Code   RO           51    x$fpl$drsb          fz_ws.l(daddsub_clz.o)
    0x00002ebe   0x00000002   PAD
    0x00002ec0   0x00000198   Code   RO          107    x$fpl$dsqrt         fz_ws.l(dsqrt_umaal.o)
    0x00003058   0x000001d4   Code   RO           52    x$fpl$dsub          fz_ws.l(daddsub_clz.o)
    0x0000322c   0x0000000a   Code   RO          331    x$fpl$fretinf       fz_ws.l(fretinf.o)
    0x00003236   0x00000064   Code   RO          229    x$fpl$retnan        fz_ws.l(retnan.o)
    0x0000329a   0x0000005c   Code   RO          109    x$fpl$scalbn        fz_ws.l(scalbn.o)
    0x000032f6   0x00000004   Code   RO          157    x$fpl$scanf1        fz_ws.l(scanf1.o)
    0x000032fa   0x00000008   Code   RO          275    x$fpl$scanf2        fz_ws.l(scanf2.o)
    0x00003302   0x00000030   Code   RO          281    x$fpl$trapveneer    fz_ws.l(trapv.o)
    0x00003332   0x00000000   Code   RO          111    x$fpl$usenofp       fz_ws.l(usenofp.o)
    0x00003332   0x00000006   PAD
    0x00003338   0x00000030   Data   RO          113    .constdata          m_ws.l(cos_i.o)
    0x00003368   0x000000c8   Data   RO          117    .constdata          m_ws.l(rred.o)
    0x00003430   0x00000028   Data   RO          121    .constdata          m_ws.l(sin_i.o)
    0x00003458   0x00000094   Data   RO          239    .constdata          c_w.l(bigflt0.o)
    0x000034ec   0x00000020   Data   RO          394    Region$$Table       anon$$obj.o
    0x0000350c   0x00000008   Data   RO          268    c$$dinf             fz_ws.l(fpconst.o)
    0x00003514   0x0000001c   Data   RO          150    locale$$data        c_w.l(lc_numeric_c.o)
    0x00003530   0x00000110   Data   RO          263    locale$$data        c_w.l(lc_ctype_c.o)


    Execution Region ER_RW (Base: 0x20000000, Size: 0x00000010, Max: 0xffffffff, ABSOLUTE)

    Base Addr    Size         Type   Attr      Idx    E Section Name        Object

    0x20000000   0x00000010   Data   RW           11    .data               main.o


    Execution Region ER_ZI (Base: 0x20000010, Size: 0x00000260, Max: 0xffffffff, ABSOLUTE)

    Base Addr    Size         Type   Attr      Idx    E Section Name        Object

    0x20000010   0x00000060   Zero   RW          166    .bss                c_w.l(libspace.o)
    0x20000070   0x00000000   Zero   RW            2    HEAP                startup_tm4c123.o
    0x20000070   0x00000200   Zero   RW            1    STACK               startup_tm4c123.o


==============================================================================

Image component sizes


      Code (inc. data)   RO Data    RW Data    ZI Data      Debug   Object Name

      1136         90          0         16          0       8523   main.o
       268         20        620          0        512       5376   startup_tm4c123.o

    ----------------------------------------------------------------------
      1404        110        652         16        512      13899   Object Totals
         0          0         32          0          0          0   (incl. Generated)
         0          0          0          0          0          0   (incl. Padding)

    ----------------------------------------------------------------------

      Code (inc. data)   RO Data    RW Data    ZI Data      Debug   Library Member Name

         8          0          0          0          0         68   __main.o
        52          8          0          0          0          0   __scatter.o
        26          0          0          0          0          0   __scatter_copy.o
        28          0          0          0          0          0   __scatter_zi.o
        28          0          0          0          0         68   _chval.o
        22          0          0          0          0        100   _rserrno.o
        64          0          0          0          0         84   _sgetc.o
       228          6        148          0          0         96   bigflt0.o
      1846        132          0          0          0        736   btod.o
        12          0          0          0          0         72   exit.o
         6          0          0          0          0        152   heapauxi.o
         0          0          0          0          0          0   indicate_semi.o
        18          0          0          0          0         76   isspace.o
        44         10        272          0          0         76   lc_ctype_c.o
        44         10         28          0          0         76   lc_numeric_c.o
         2          0          0          0          0          0   libinit.o
        30          0          0          0          0          0   libinit2.o
         2          0          0          0          0          0   libshutdown.o
         2          0          0          0          0          0   libshutdown2.o
         8          4          0          0         96         68   libspace.o
        38          0          0          0          0         68   llshl.o
        16          4          0          0          0         76   rt_ctype_table.o
         8          4          0          0          0         68   rt_errno_addr_intlibspace.o
         8          4          0          0          0         68   rt_locale_intlibspace.o
        78          0          0          0          0         80   rt_memclr_w.o
         0          0          0          0          0          0   rtentry.o
        12          0          0          0          0          0   rtentry2.o
         6          0          0          0          0          0   rtentry4.o
         2          0          0          0          0          0   rtexit.o
        10          0          0          0          0          0   rtexit2.o
      1202         12          0          0          0        216   scanf_fp.o
       788         12          0          0          0        100   scanf_hexfp.o
       316         18          0          0          0        100   scanf_infnan.o
       128          0          0          0          0         68   strcmpv7m.o
       160         12          0          0          0        120   strtod.o
        12          4          0          0          0         68   sys_exit.o
        74          0          0          0          0         80   sys_stackheap_outer.o
         2          0          0          0          0         68   use_no_semi.o
        98          4          0          0          0         92   d2f.o
       826         16          0          0          0        348   daddsub_clz.o
        16          4          0          0          0         68   dcheck1.o
        24          0          0          0          0         68   dcmpi.o
       688        140          0          0          0        208   ddiv.o
       120          4          0          0          0         92   deqf.o
        94          4          0          0          0         92   dfix.o
        90          4          0          0          0         92   dfixu.o
        84          0          0          0          0        136   dflt_clz.o
       120          4          0          0          0         92   dleqf.o
       340         12          0          0          0        104   dmul.o
       156          4          0          0          0         92   dnaninf.o
        12          0          0          0          0         68   dretinf.o
       108          0          0          0          0         80   drleqf.o
       408         56          0          0          0        120   dsqrt_umaal.o
         0          0          8          0          0          0   fpconst.o
        10          0          0          0          0         68   fretinf.o
       100          0          0          0          0         68   retnan.o
        92          0          0          0          0         68   scalbn.o
         4          0          0          0          0         68   scanf1.o
         8          0          0          0          0         84   scanf2.o
        48          0          0          0          0         68   trapv.o
         0          0          0          0          0          0   usenofp.o
       172          8          0          0          0        112   cos.o
       252         22         48          0          0        124   cos_i.o
        16          6          0          0          0         68   dunder.o
        40          0          0          0          0         68   fpclassify.o
        88          8          0          0          0         76   frexp.o
       148          0          0          0          0        160   ldexp.o
       152          4          0          0          0        160   narrow.o
       170          0          0          0          0         96   poly.o
       904         72        200          0          0        140   rred.o
       236         12         40          0          0        128   sin_i.o
        76          0          0          0          0         84   sqrt.o
        28          0          0          0          0         80   strtod.o

    ----------------------------------------------------------------------
     11088        624        744          0         96       6324   Library Totals
        30          0          0          0          0          0   (incl. Padding)

    ----------------------------------------------------------------------

      Code (inc. data)   RO Data    RW Data    ZI Data      Debug   Library Name

      5330        240        448          0         96       2852   c_w.l
      3446        252          8          0          0       2176   fz_ws.l
      2282        132        288          0          0       1296   m_ws.l

    ----------------------------------------------------------------------
     11088        624        744          0         96       6324   Library Totals

    ----------------------------------------------------------------------

==============================================================================


      Code (inc. data)   RO Data    RW Data    ZI Data      Debug   

     12492        734       1396         16        608      16531   Grand Totals
     12492        734       1396         16        608      16531   ELF Image Totals
     12492        734       1396         16          0          0   ROM Totals

==============================================================================

    Total RO  Size (Code + RO Data)                13888 (  13.56kB)
    Total RW  Size (RW Data + ZI Data)               624 (   0.61kB)
    Total ROM Size (Code + RO Data + RW Data)      13904 (  13.58kB)

==============================================================================

