ARM Linker, 5.03 [Build 76] [MDK-ARM Lite]

==============================================================================

Section Cross References

    startup_tm4c123.o(STACK) refers (Special) to heapauxi.o(.text) for __use_two_region_memory
    startup_tm4c123.o(HEAP) refers (Special) to heapauxi.o(.text) for __use_two_region_memory
    startup_tm4c123.o(RESET) refers (Special) to heapauxi.o(.text) for __use_two_region_memory
    startup_tm4c123.o(RESET) refers to startup_tm4c123.o(STACK) for __initial_sp
    startup_tm4c123.o(RESET) refers to startup_tm4c123.o(.text) for Reset_Handler
    startup_tm4c123.o(.text) refers (Special) to heapauxi.o(.text) for __use_two_region_memory
    startup_tm4c123.o(.text) refers to __main.o(!!!main) for __main
    startup_tm4c123.o(.text) refers to startup_tm4c123.o(HEAP) for Heap_Mem
    startup_tm4c123.o(.text) refers to startup_tm4c123.o(STACK) for Stack_Mem
    main.o(.text) refers to _printf_percent.o(.ARM.Collect$$_printf_percent$$00000000) for _printf_percent
    main.o(.text) refers to _printf_f.o(.ARM.Collect$$_printf_percent$$00000003) for _printf_f
    main.o(.text) refers to printf1.o(x$fpl$printf1) for _printf_fp_dec
    main.o(.text) refers to daddsub_clz.o(x$fpl$dadd) for __aeabi_dadd
    main.o(.text) refers to dmul.o(x$fpl$dmul) for __aeabi_dmul
    main.o(.text) refers to ddiv.o(x$fpl$ddiv) for __aeabi_ddiv
    main.o(.text) refers to cos.o(i.__hardfp_cos) for __hardfp_cos
    main.o(.text) refers to daddsub_clz.o(x$fpl$dsub) for __aeabi_dsub
    main.o(.text) refers to sqrt.o(i.__hardfp_sqrt) for __hardfp_sqrt
    main.o(.text) refers to noretval__2printf.o(.text) for __2printf
    main.o(.text) refers to main.o(.data) for z
    __2printf.o(.text) refers to _printf_char_file.o(.text) for _printf_char_file
    __2printf.o(.text) refers to stdio_streams.o(.bss) for __stdout
    noretval__2printf.o(.text) refers to _printf_char_file.o(.text) for _printf_char_file
    noretval__2printf.o(.text) refers to stdio_streams.o(.bss) for __stdout
    __printf.o(.text) refers to _printf_percent.o(.ARM.Collect$$_printf_percent$$00000000) for _printf_percent
    __printf_flags.o(.text) refers to _printf_percent.o(.ARM.Collect$$_printf_percent$$00000000) for _printf_percent
    __printf_flags.o(.text) refers to __printf_flags.o(.constdata) for .constdata
    __printf_ss.o(.text) refers to _printf_percent.o(.ARM.Collect$$_printf_percent$$00000000) for _printf_percent
    __printf_flags_ss.o(.text) refers to _printf_percent.o(.ARM.Collect$$_printf_percent$$00000000) for _printf_percent
    __printf_flags_ss.o(.text) refers to __printf_flags_ss.o(.constdata) for .constdata
    __printf_wp.o(.text) refers to __printf_wp.o(i._is_digit) for _is_digit
    __printf_wp.o(.text) refers to _printf_percent.o(.ARM.Collect$$_printf_percent$$00000000) for _printf_percent
    __printf_flags_wp.o(.text) refers to __printf_wp.o(i._is_digit) for _is_digit
    __printf_flags_wp.o(.text) refers to _printf_percent.o(.ARM.Collect$$_printf_percent$$00000000) for _printf_percent
    __printf_flags_wp.o(.text) refers to __printf_flags_wp.o(.constdata) for .constdata
    __printf_ss_wp.o(.text) refers to __printf_wp.o(i._is_digit) for _is_digit
    __printf_ss_wp.o(.text) refers to _printf_percent.o(.ARM.Collect$$_printf_percent$$00000000) for _printf_percent
    __printf_flags_ss_wp.o(.text) refers to __printf_wp.o(i._is_digit) for _is_digit
    __printf_flags_ss_wp.o(.text) refers to _printf_percent.o(.ARM.Collect$$_printf_percent$$00000000) for _printf_percent
    __printf_flags_ss_wp.o(.text) refers to __printf_flags_ss_wp.o(.constdata) for .constdata
    _printf_f.o(.ARM.Collect$$_printf_percent$$00000003) refers (Weak) to printf1.o(x$fpl$printf1) for _printf_fp_dec
    _printf_percent.o(.ARM.Collect$$_printf_percent$$00000000) refers (Special) to _printf_percent_end.o(.ARM.Collect$$_printf_percent$$00000017) for _printf_percent_end
    __main.o(!!!main) refers to rtentry.o(.ARM.Collect$$rtentry$$00000000) for __rt_entry
    daddsub_clz.o(x$fpl$dadd) refers (Special) to usenofp.o(x$fpl$usenofp) for __I$use$fp
    daddsub_clz.o(x$fpl$dadd) refers to daddsub_clz.o(x$fpl$dsub) for _dsub1
    daddsub_clz.o(x$fpl$dadd) refers to dretinf.o(x$fpl$dretinf) for __fpl_dretinf
    daddsub_clz.o(x$fpl$dadd) refers to dnaninf.o(x$fpl$dnaninf) for __fpl_dnaninf
    daddsub_clz.o(x$fpl$drsb) refers (Special) to usenofp.o(x$fpl$usenofp) for __I$use$fp
    daddsub_clz.o(x$fpl$drsb) refers to daddsub_clz.o(x$fpl$dadd) for _dadd1
    daddsub_clz.o(x$fpl$drsb) refers to daddsub_clz.o(x$fpl$dsub) for _dsub1
    daddsub_clz.o(x$fpl$dsub) refers (Special) to usenofp.o(x$fpl$usenofp) for __I$use$fp
    daddsub_clz.o(x$fpl$dsub) refers to daddsub_clz.o(x$fpl$dadd) for _dadd1
    daddsub_clz.o(x$fpl$dsub) refers to dnaninf.o(x$fpl$dnaninf) for __fpl_dnaninf
    ddiv.o(x$fpl$drdiv) refers (Special) to usenofp.o(x$fpl$usenofp) for __I$use$fp
    ddiv.o(x$fpl$drdiv) refers to ddiv.o(x$fpl$ddiv) for ddiv_entry
[...]
    ../clib/armsys.c                         0x00000000   Number         0  no_argv.o ABSOLUTE
    ../clib/armsys.c                         0x00000000   Number         0  argv_veneer.o ABSOLUTE
    ../clib/armsys.c                         0x00000000   Number         0  argv_veneer.o ABSOLUTE
    ../clib/armsys.c                         0x00000000   Number         0  _get_argv_nomalloc.o ABSOLUTE
    ../clib/armsys.c                         0x00000000   Number         0  _get_argv.o ABSOLUTE
    ../clib/assert.c                         0x00000000   Number         0  assert_stdio.o ABSOLUTE
    ../clib/bigflt.c                         0x00000000   Number         0  bigflt0.o ABSOLUTE
    ../clib/btod.s                           0x00000000   Number         0  btod.o ABSOLUTE
    ../clib/fenv.c                           0x00000000   Number         0  _rserrno.o ABSOLUTE
    ../clib/heap1.c                          0x00000000   Number         0  h1_init.o ABSOLUTE
    ../clib/heap1.c                          0x00000000   Number         0  h1_extend.o ABSOLUTE
    ../clib/heap1.c                          0x00000000   Number         0  h1_extend_mt.o ABSOLUTE
    ../clib/heap1.c                          0x00000000   Number         0  h1_final_mt.o ABSOLUTE
    ../clib/heap1.c                          0x00000000   Number         0  h1_free_mt.o ABSOLUTE
    ../clib/heap1.c                          0x00000000   Number         0  h1_free.o ABSOLUTE
    ../clib/heap1.c                          0x00000000   Number         0  h1_final.o ABSOLUTE
    ../clib/heap1.c                          0x00000000   Number         0  h1_init_mt.o ABSOLUTE
    ../clib/heap1.c                          0x00000000   Number         0  h1_alloc_mt.o ABSOLUTE
    ../clib/heap1.c                          0x00000000   Number         0  h1_alloc.o ABSOLUTE
    ../clib/heap2.c                          0x00000000   Number         0  fdtree.o ABSOLUTE
    ../clib/heap2.c                          0x00000000   Number         0  heap2mt.o ABSOLUTE
    ../clib/heap2.c                          0x00000000   Number         0  heap2.o ABSOLUTE
    ../clib/heapalloc.c                      0x00000000   Number         0  malloc.o ABSOLUTE
    ../clib/heapalloc.c                      0x00000000   Number         0  heapstubs.o ABSOLUTE
    ../clib/heapalloc.c                      0x00000000   Number         0  term_alloc.o ABSOLUTE
    ../clib/heapalloc.c                      0x00000000   Number         0  hrguard.o ABSOLUTE
    ../clib/heapalloc.c                      0x00000000   Number         0  init_alloc.o ABSOLUTE
    ../clib/heapalloc.c                      0x00000000   Number         0  maybetermalloc2.o ABSOLUTE
    ../clib/heapalloc.c                      0x00000000   Number         0  maybetermalloc1.o ABSOLUTE
    ../clib/heapalloc.c                      0x00000000   Number         0  maybetermalloc1.o ABSOLUTE
    ../clib/heapalloc.c                      0x00000000   Number         0  maybetermalloc2.o ABSOLUTE
    ../clib/heapalloc.c                      0x00000000   Number         0  free.o ABSOLUTE
    ../clib/heapalloc.c                      0x00000000   Number         0  hguard.o ABSOLUTE
    ../clib/heapaux.c                        0x00000000   Number         0  heapauxi.o ABSOLUTE
    ../clib/heapaux.c                        0x00000000   Number         0  heapauxa.o ABSOLUTE
    ../clib/libinit.s                        0x00000000   Number         0  libshutdown.o ABSOLUTE
    ../clib/libinit.s                        0x00000000   Number         0  libinit.o ABSOLUTE
    ../clib/libinit.s                        0x00000000   Number         0  libshutdown2.o ABSOLUTE
    ../clib/libinit.s                        0x00000000   Number         0  libinit2.o ABSOLUTE
    ../clib/locale.s                         0x00000000   Number         0  lc_numeric_c.o ABSOLUTE
    ../clib/longlong.s                       0x00000000   Number         0  lludiv10.o ABSOLUTE
    ../clib/memcpset.s                       0x00000000   Number         0  rt_memcpy_v6.o ABSOLUTE
    ../clib/memcpset.s                       0x00000000   Number         0  rt_memcpy_w.o ABSOLUTE
    ../clib/memcpset.s                       0x00000000   Number         0  rt_memclr_w.o ABSOLUTE
    ../clib/memcpset.s                       0x00000000   Number         0  strcmpv7m.o ABSOLUTE
    ../clib/misc.s                           0x00000000   Number         0  printf_stubs.o ABSOLUTE
    ../clib/printf.c                         0x00000000   Number         0  __printf_nopercent.o ABSOLUTE
    ../clib/printf.c                         0x00000000   Number         0  _printf_fp_dec.o ABSOLUTE
    ../clib/printf.c                         0x00000000   Number         0  noretval__2printf.o ABSOLUTE
    ../clib/printf.c                         0x00000000   Number         0  _printf_char_file.o ABSOLUTE
    ../clib/printf.c                         0x00000000   Number         0  __printf_flags_wp.o ABSOLUTE
    ../clib/printf.c                         0x00000000   Number         0  _printf_char_file_locked.o ABSOLUTE
    ../clib/printf.c                         0x00000000   Number         0  __printf_flags_ss.o ABSOLUTE
    ../clib/printf.c                         0x00000000   Number         0  _printf_char_common.o ABSOLUTE
    ../clib/printf.c                         0x00000000   Number         0  __printf_flags_ss_wp.o ABSOLUTE
    ../clib/printf.c                         0x00000000   Number         0  _printf_fp_infnan.o ABSOLUTE
    ../clib/printf.c                         0x00000000   Number         0  __printf_ss_wp.o ABSOLUTE
    ../clib/printf.c                         0x00000000   Number         0  __2printf.o ABSOLUTE
    ../clib/printf.c                         0x00000000   Number         0  __printf_wp.o ABSOLUTE
    ../clib/printf.c                         0x00000000   Number         0  __printf_ss.o ABSOLUTE
    ../clib/printf.c                         0x00000000   Number         0  __printf_flags.o ABSOLUTE
    ../clib/printf.c                         0x00000000   Number         0  __printf.o ABSOLUTE
    ../clib/printf_percent.s                 0x00000000   Number         0  _printf_percent.o ABSOLUTE
    ../clib/printf_percent.s                 0x00000000   Number         0  _printf_percent_end.o ABSOLUTE
    ../clib/printf_percent.s                 0x00000000   Number         0  _printf_f.o ABSOLUTE
    ../clib/signal.c                         0x00000000   Number         0  defsig_rtmem_outer.o ABSOLUTE
    ../clib/signal.c                         0x00000000   Number         0  __raise.o ABSOLUTE
    ../clib/signal.c                         0x00000000   Number         0  defsig_stak_inner.o ABSOLUTE
    ../clib/signal.c                         0x00000000   Number         0  defsig_pvfn_inner.o ABSOLUTE
    ../clib/signal.c                         0x00000000   Number         0  defsig_fpe_inner.o ABSOLUTE
    ../clib/signal.c                         0x00000000   Number         0  defsig_exit.o ABSOLUTE
    ../clib/signal.c                         0x00000000   Number         0  defsig_rtred_formal.o ABSOLUTE
    ../clib/signal.c                         0x00000000   Number         0  defsig_rtred_outer.o ABSOLUTE
    ../clib/signal.c                         0x00000000   Number         0  defsig_abrt_inner.o ABSOLUTE
    ../clib/signal.c                         0x00000000   Number         0  defsig_rtred_inner.o ABSOLUTE
    ../clib/signal.c                         0x00000000   Number         0  defsig_rtmem_inner.o ABSOLUTE
    ../clib/signal.c                         0x00000000   Number         0  defsig_cppl_inner.o ABSOLUTE
    ../clib/signal.c                         0x00000000   Number         0  defsig_segv_inner.o ABSOLUTE
    ../clib/signal.c                         0x00000000   Number         0  defsig_general.o ABSOLUTE
    ../clib/signal.c                         0x00000000   Number         0  defsig_other.o ABSOLUTE
    ../clib/signal.c                         0x00000000   Number         0  defsig_rtmem_formal.o ABSOLUTE
    ../clib/signal.s                         0x00000000   Number         0  defsig.o ABSOLUTE
    ../clib/stdio.c                          0x00000000   Number         0  fwritefast_locked.o ABSOLUTE
    ../clib/stdio.c                          0x00000000   Number         0  fputc.o ABSOLUTE
    ../clib/stdio.c                          0x00000000   Number         0  fwritefast.o ABSOLUTE
    ../clib/stdio.c                          0x00000000   Number         0  initio.o ABSOLUTE
    ../clib/stdio.c                          0x00000000   Number         0  fputc_locked.o ABSOLUTE
    ../clib/stdio.c                          0x00000000   Number         0  ferror_locked.o ABSOLUTE
    ../clib/stdio.c                          0x00000000   Number         0  initio_locked.o ABSOLUTE
    ../clib/stdio.c                          0x00000000   Number         0  stdio.o ABSOLUTE
    ../clib/stdio.c                          0x00000000   Number         0  setvbuf_locked.o ABSOLUTE
    ../clib/stdio.c                          0x00000000   Number         0  fclose.o ABSOLUTE
    ../clib/stdio.c                          0x00000000   Number         0  fopen.o ABSOLUTE
    ../clib/stdio.c                          0x00000000   Number         0  streamlock.o ABSOLUTE
    ../clib/stdio.c                          0x00000000   Number         0  setvbuf.o ABSOLUTE
    ../clib/stdio.c                          0x00000000   Number         0  flsbuf.o ABSOLUTE
    ../clib/stdio.c                          0x00000000   Number         0  fseek.o ABSOLUTE
    ../clib/stdio.c                          0x00000000   Number         0  fflush_locked.o ABSOLUTE
    ../clib/stdio.c                          0x00000000   Number         0  stdio_streams.o ABSOLUTE
    ../clib/stdio.c                          0x00000000   Number         0  fputs_locked.o ABSOLUTE
    ../clib/stdio.c                          0x00000000   Number         0  ftell.o ABSOLUTE
    ../clib/stdio.c                          0x00000000   Number         0  fputs.o ABSOLUTE
    ../clib/stdio.c                          0x00000000   Number         0  fflush.o ABSOLUTE
    ../clib/stdio.c                          0x00000000   Number         0  fopen_locked.o ABSOLUTE
    ../clib/stdio.c                          0x00000000   Number         0  ferror.o ABSOLUTE
    ../clib/stdlib.c                         0x00000000   Number         0  exit.o ABSOLUTE
    ../clib/string.c                         0x00000000   Number         0  strlen.o ABSOLUTE
    ../clib/wchar.c                          0x00000000   Number         0  flsbuf_fwide.o ABSOLUTE
    ../fplib/basic.s                         0x00000000   Number         0  basic.o ABSOLUTE
    ../fplib/daddsub.s                       0x00000000   Number         0  daddsub_clz.o ABSOLUTE
    ../fplib/dcmpi.s                         0x00000000   Number         0  dcmpi.o ABSOLUTE
    ../fplib/ddiv.s                          0x00000000   Number         0  ddiv.o ABSOLUTE
    ../fplib/dfix.s                          0x00000000   Number         0  dfix.o ABSOLUTE
    ../fplib/dflt.s                          0x00000000   Number         0  dflt_clz.o ABSOLUTE
    ../fplib/dleqf.s                         0x00000000   Number         0  dleqf.o ABSOLUTE
    ../fplib/dmul.s                          0x00000000   Number         0  dmul.o ABSOLUTE
    ../fplib/dnaninf.s                       0x00000000   Number         0  dnaninf.o ABSOLUTE
    ../fplib/dretinf.s                       0x00000000   Number         0  dretinf.o ABSOLUTE
    ../fplib/dsqrt.s                         0x00000000   Number         0  dsqrt_umaal.o ABSOLUTE
    ../fplib/fpinit.s                        0x00000000   Number         0  fpinit.o ABSOLUTE
    ../fplib/istatus.s                       0x00000000   Number         0  istatus.o ABSOLUTE
    ../fplib/printf1.s                       0x00000000   Number         0  printf1.o ABSOLUTE
    ../fplib/usenofp.s                       0x00000000   Number         0  usenofp.o ABSOLUTE
    ../mathlib/cos.c                         0x00000000   Number         0  cos_x.o ABSOLUTE
    ../mathlib/cos.c                         0x00000000   Number         0  cos.o ABSOLUTE
    ../mathlib/cos_i.c                       0x00000000   Number         0  cos_i.o ABSOLUTE
    ../mathlib/dunder.c                      0x00000000   Number         0  dunder.o ABSOLUTE
    ../mathlib/fabs.c                        0x00000000   Number         0  fabs.o ABSOLUTE
    ../mathlib/fpclassify.c                  0x00000000   Number         0  fpclassify.o ABSOLUTE
    ../mathlib/poly.c                        0x00000000   Number         0  poly.o ABSOLUTE
    ../mathlib/rred.c                        0x00000000   Number         0  rred.o ABSOLUTE
    ../mathlib/sin_i.c                       0x00000000   Number         0  sin_i.o ABSOLUTE
    ../mathlib/sin_i.c                       0x00000000   Number         0  sin_i_x.o ABSOLUTE
    ../mathlib/sqrt.c                        0x00000000   Number         0  sqrt_x.o ABSOLUTE
    ../mathlib/sqrt.c                        0x00000000   Number         0  sqrt.o ABSOLUTE
    dc.s                                     0x00000000   Number         0  dc.o ABSOLUTE
    main.c                                   0x00000000   Number         0  main.o ABSOLUTE
    main.c                                   0x00000000   Number         0  main.o ABSOLUTE
    startup_TM4C123.s                        0x00000000   Number         0  startup_tm4c123.o ABSOLUTE
    !!!main                                  0x0000026c   Section        8  __main.o(!!!main)
    !!!scatter                               0x00000274   Section       52  __scatter.o(!!!scatter)
    !!handler_copy                           0x000002a8   Section       26  __scatter_copy.o(!!handler_copy)
    !!handler_zi                             0x000002c4   Section       28  __scatter_zi.o(!!handler_zi)
    .ARM.Collect$$_printf_percent$$00000000  0x000002e0   Section        0  _printf_percent.o(.ARM.Collect$$_printf_percent$$00000000)
    .ARM.Collect$$_printf_percent$$00000003  0x000002e0   Section        6  _printf_f.o(.ARM.Collect$$_printf_percent$$00000003)
    .ARM.Collect$$_printf_percent$$00000017  0x000002e6   Section        4  _printf_percent_end.o(.ARM.Collect$$_printf_percent$$00000017)
    .ARM.Collect$$libinit$$00000000          0x000002ea   Section        2  libinit.o(.ARM.Collect$$libinit$$00000000)
    .ARM.Collect$$libinit$$00000001          0x000002ec   Section        4  libinit2.o(.ARM.Collect$$libinit$$00000001)
    .ARM.Collect$$libinit$$00000003          0x000002f0   Section        8  libinit2.o(.ARM.Collect$$libinit$$00000003)
    .ARM.Collect$$libinit$$00000008          0x000002f8   Section        0  libinit2.o(.ARM.Collect$$libinit$$00000008)
    .ARM.Collect$$libinit$$0000000A          0x000002f8   Section        0  libinit2.o(.ARM.Collect$$libinit$$0000000A)
    .ARM.Collect$$libinit$$0000000C          0x000002f8   Section        0  libinit2.o(.ARM.Collect$$libinit$$0000000C)
    .ARM.Collect$$libinit$$0000000D          0x000002f8   Section        6  libinit2.o(.ARM.Collect$$libinit$$0000000D)
    .ARM.Collect$$libinit$$0000000F          0x000002fe   Section        0  libinit2.o(.ARM.Collect$$libinit$$0000000F)
    .ARM.Collect$$libinit$$00000011          0x000002fe   Section        0  libinit2.o(.ARM.Collect$$libinit$$00000011)
    .ARM.Collect$$libinit$$00000013          0x000002fe   Section        0  libinit2.o(.ARM.Collect$$libinit$$00000013)
    .ARM.Collect$$libinit$$00000014          0x000002fe   Section       10  libinit2.o(.ARM.Collect$$libinit$$00000014)
    .ARM.Collect$$libinit$$00000015          0x00000308   Section        0  libinit2.o(.ARM.Collect$$libinit$$00000015)
    .ARM.Collect$$libinit$$00000017          0x00000308   Section        0  libinit2.o(.ARM.Collect$$libinit$$00000017)
    .ARM.Collect$$libinit$$00000019          0x00000308   Section        0  libinit2.o(.ARM.Collect$$libinit$$00000019)
    .ARM.Collect$$libinit$$0000001B          0x00000308   Section        0  libinit2.o(.ARM.Collect$$libinit$$0000001B)
    .ARM.Collect$$libinit$$0000001D          0x00000308   Section        0  libinit2.o(.ARM.Collect$$libinit$$0000001D)
    .ARM.Collect$$libinit$$0000001F          0x00000308   Section        0  libinit2.o(.ARM.Collect$$libinit$$0000001F)
    .ARM.Collect$$libinit$$00000021          0x00000308   Section        0  libinit2.o(.ARM.Collect$$libinit$$00000021)
    .ARM.Collect$$libinit$$00000022          0x00000308   Section        4  libinit2.o(.ARM.Collect$$libinit$$00000022)
    .ARM.Collect$$libinit$$00000023          0x0000030c   Section        0  libinit2.o(.ARM.Collect$$libinit$$00000023)
    .ARM.Collect$$libinit$$0000002A          0x0000030c   Section        0  libinit2.o(.ARM.Collect$$libinit$$0000002A)
    .ARM.Collect$$libinit$$0000002C          0x0000030c   Section        0  libinit2.o(.ARM.Collect$$libinit$$0000002C)
    .ARM.Collect$$libinit$$0000002E          0x0000030c   Section        0  libinit2.o(.ARM.Collect$$libinit$$0000002E)
    .ARM.Collect$$libinit$$00000030          0x0000030c   Section        0  libinit2.o(.ARM.Collect$$libinit$$00000030)
    .ARM.Collect$$libinit$$00000031          0x0000030c   Section        2  libinit2.o(.ARM.Collect$$libinit$$00000031)
    .ARM.Collect$$libshutdown$$00000000      0x0000030e   Section        2  libshutdown.o(.ARM.Collect$$libshutdown$$00000000)
    .ARM.Collect$$libshutdown$$00000002      0x00000310   Section        4  libshutdown2.o(.ARM.Collect$$libshutdown$$00000002)
    .ARM.Collect$$libshutdown$$00000003      0x00000314   Section        0  libshutdown2.o(.ARM.Collect$$libshutdown$$00000003)
    .ARM.Collect$$libshutdown$$00000006      0x00000314   Section        0  libshutdown2.o(.ARM.Collect$$libshutdown$$00000006)
    .ARM.Collect$$libshutdown$$00000009      0x00000314   Section        0  libshutdown2.o(.ARM.Collect$$libshutdown$$00000009)
    .ARM.Collect$$libshutdown$$0000000B      0x00000314   Section        0  libshutdown2.o(.ARM.Collect$$libshutdown$$0000000B)
    .ARM.Collect$$libshutdown$$0000000E      0x00000314   Section        0  libshutdown2.o(.ARM.Collect$$libshutdown$$0000000E)
    .ARM.Collect$$libshutdown$$0000000F      0x00000314   Section        2  libshutdown2.o(.ARM.Collect$$libshutdown$$0000000F)
    .ARM.Collect$$rtentry$$00000000          0x00000316   Section        0  rtentry.o(.ARM.Collect$$rtentry$$00000000)
    .ARM.Collect$$rtentry$$00000002          0x00000316   Section        0  rtentry2.o(.ARM.Collect$$rtentry$$00000002)
    .ARM.Collect$$rtentry$$00000004          0x00000316   Section        6  rtentry4.o(.ARM.Collect$$rtentry$$00000004)
    .ARM.Collect$$rtentry$$00000009          0x0000031c   Section        0  rtentry2.o(.ARM.Collect$$rtentry$$00000009)
    .ARM.Collect$$rtentry$$0000000A          0x0000031c   Section        4  rtentry2.o(.ARM.Collect$$rtentry$$0000000A)
    .ARM.Collect$$rtentry$$0000000C          0x00000320   Section        0  rtentry2.o(.ARM.Collect$$rtentry$$0000000C)
    .ARM.Collect$$rtentry$$0000000D          0x00000320   Section        8  rtentry2.o(.ARM.Collect$$rtentry$$0000000D)
    .ARM.Collect$$rtexit$$00000000           0x00000328   Section        2  rtexit.o(.ARM.Collect$$rtexit$$00000000)
    .ARM.Collect$$rtexit$$00000002           0x0000032a   Section        0  rtexit2.o(.ARM.Collect$$rtexit$$00000002)
    .ARM.Collect$$rtexit$$00000003           0x0000032a   Section        4  rtexit2.o(.ARM.Collect$$rtexit$$00000003)
    .ARM.Collect$$rtexit$$00000004           0x0000032e   Section        6  rtexit2.o(.ARM.Collect$$rtexit$$00000004)
    .emb_text                                0x00000334   Section        0  maybetermalloc1.o(.emb_text)
    .text                                    0x00000334   Section      268  startup_tm4c123.o(.text)
    $v0                                      0x00000334   Number         0  startup_tm4c123.o(.text)
    .text                                    0x00000440   Section        0  main.o(.text)
    .text                                    0x0000069c   Section        0  noretval__2printf.o(.text)
    .text                                    0x000006b4   Section        0  __printf_ss.o(.text)
    .text                                    0x0000076c   Section        0  heapauxi.o(.text)
    .text                                    0x00000772   Section        0  _rserrno.o(.text)
    .text                                    0x00000788   Section        0  _printf_fp_dec.o(.text)
    _fp_digits                               0x0000078b   Thumb Code   426  _printf_fp_dec.o(.text)
    .text                                    0x00000ba8   Section        0  _printf_char_file.o(.text)
    .text                                    0x00000bcc   Section        8  rt_locale_intlibspace.o(.text)
    .text                                    0x00000bd4   Section        8  rt_errno_addr_intlibspace.o(.text)
    .text                                    0x00000bdc   Section      138  lludiv10.o(.text)
    .text                                    0x00000c68   Section        0  _printf_char_common.o(.text)
    _printf_input_char                       0x00000c69   Thumb Code    10  _printf_char_common.o(.text)
    .text                                    0x00000c98   Section        0  _printf_fp_infnan.o(.text)
    .text                                    0x00000d18   Section        0  bigflt0.o(.text)
    .text                                    0x00000dfc   Section        0  ferror.o(.text)
    .text                                    0x00000e04   Section        0  initio.o(.text)
    .text                                    0x00000f3c   Section        0  sys_io.o(.text)
    .text                                    0x00000fa4   Section        8  libspace.o(.text)
    .text                                    0x00000fac   Section       74  sys_stackheap_outer.o(.text)
    .text                                    0x00000ff6   Section        0  h1_free.o(.text)
    .text                                    0x00001044   Section        0  flsbuf.o(.text)
    .text                                    0x00001222   Section        0  setvbuf.o(.text)
    .text                                    0x00001268   Section        0  fopen.o(.text)
    _freopen_locked                          0x00001269   Thumb Code     0  fopen.o(.text)
    .text                                    0x00001354   Section        0  fclose.o(.text)
    .text                                    0x000013a0   Section        0  exit.o(.text)
    .text                                    0x000013ac   Section        0  defsig_rtred_outer.o(.text)
    .text                                    0x000013ba   Section       78  rt_memclr_w.o(.text)
    .text                                    0x00001408   Section      128  strcmpv7m.o(.text)
    .text                                    0x00001488   Section        2  use_no_semi.o(.text)
    .text                                    0x0000148a   Section        0  indicate_semi.o(.text)
    .text                                    0x0000148c   Section        8  rt_heap_descriptor_intlibspace.o(.text)
    .text                                    0x00001494   Section        0  hguard.o(.text)
    .text                                    0x00001498   Section        0  init_alloc.o(.text)
    .text                                    0x00001522   Section        0  h1_alloc.o(.text)
    .text                                    0x00001580   Section        0  fseek.o(.text)
    .text                                    0x00001678   Section        0  stdio.o(.text)
    .text                                    0x00001768   Section        0  defsig_exit.o(.text)
    .text                                    0x00001774   Section        0  defsig_rtred_inner.o(.text)
    .text                                    0x000017a8   Section        0  strlen.o(.text)
    .text                                    0x000017e8   Section        0  sys_exit.o(.text)
    .text                                    0x000017f4   Section        0  h1_init.o(.text)
    .text                                    0x00001802   Section        0  h1_extend.o(.text)
    .text                                    0x00001836   Section        0  ftell.o(.text)
    .text                                    0x0000187c   Section        0  defsig_general.o(.text)
    .text                                    0x000018ae   Section        0  defsig_rtmem_outer.o(.text)
    .text                                    0x000018bc   Section        0  sys_wrch.o(.text)
    .text                                    0x000018cc   Section        0  defsig_rtmem_inner.o(.text)
    CL$$btod_d2e                             0x0000191c   Section       62  btod.o(CL$$btod_d2e)
    CL$$btod_d2e_denorm_low                  0x0000195a   Section       70  btod.o(CL$$btod_d2e_denorm_low)
    CL$$btod_d2e_norm_op1                    0x000019a0   Section       96  btod.o(CL$$btod_d2e_norm_op1)
    CL$$btod_div_common                      0x00001a00   Section      824  btod.o(CL$$btod_div_common)
    CL$$btod_e2e                             0x00001d38   Section      198  btod.o(CL$$btod_e2e)
    CL$$btod_ediv                            0x00001dfe   Section       40  btod.o(CL$$btod_ediv)
    CL$$btod_emul                            0x00001e26   Section       40  btod.o(CL$$btod_emul)
    CL$$btod_mult_common                     0x00001e4e   Section      580  btod.o(CL$$btod_mult_common)
    i.__ARM_fpclassify                       0x00002092   Section        0  fpclassify.o(i.__ARM_fpclassify)
    i.__hardfp_cos                           0x000020c8   Section        0  cos.o(i.__hardfp_cos)
    i.__hardfp_sqrt                          0x000021a0   Section        0  sqrt.o(i.__hardfp_sqrt)
    i.__ieee754_rem_pio2                     0x00002220   Section        0  rred.o(i.__ieee754_rem_pio2)
    i.__kernel_cos                           0x00002678   Section        0  cos_i.o(i.__kernel_cos)
    i.__kernel_poly                          0x000027e8   Section        0  poly.o(i.__kernel_poly)
    i.__kernel_sin                           0x000028e0   Section        0  sin_i.o(i.__kernel_sin)
    i.__mathlib_dbl_underflow                0x00002a10   Section        0  dunder.o(i.__mathlib_dbl_underflow)
    i.fabs                                   0x00002a30   Section        0  fabs.o(i.fabs)
    i.fputc                                  0x00002a50   Section        0  fputc.o(i.fputc)
    locale$$code                             0x00002a6c   Section       44  lc_numeric_c.o(locale$$code)
    x$fpl$basic                              0x00002a98   Section       24  basic.o(x$fpl$basic)
    $v0                                      0x00002a98   Number         0  basic.o(x$fpl$basic)
    x$fpl$dadd                               0x00002ab0   Section      336  daddsub_clz.o(x$fpl$dadd)
    $v0                                      0x00002ab0   Number         0  daddsub_clz.o(x$fpl$dadd)
    _dadd1                                   0x00002ac1   Thumb Code     0  daddsub_clz.o(x$fpl$dadd)
    x$fpl$ddiv                               0x00002c00   Section      688  ddiv.o(x$fpl$ddiv)
    $v0                                      0x00002c00   Number         0  ddiv.o(x$fpl$ddiv)
    ddiv_entry                               0x00002c07   Thumb Code     0  ddiv.o(x$fpl$ddiv)
    x$fpl$dfix                               0x00002eb0   Section       94  dfix.o(x$fpl$dfix)
    $v0                                      0x00002eb0   Number         0  dfix.o(x$fpl$dfix)
    x$fpl$dflt                               0x00002f0e   Section       46  dflt_clz.o(x$fpl$dflt)
    $v0                                      0x00002f0e   Number         0  dflt_clz.o(x$fpl$dflt)
    x$fpl$dfltu                              0x00002f3c   Section       38  dflt_clz.o(x$fpl$dfltu)
    $v0                                      0x00002f3c   Number         0  dflt_clz.o(x$fpl$dfltu)
    x$fpl$dmul                               0x00002f64   Section      340  dmul.o(x$fpl$dmul)
    $v0                                      0x00002f64   Number         0  dmul.o(x$fpl$dmul)
    x$fpl$dnaninf                            0x000030b8   Section      156  dnaninf.o(x$fpl$dnaninf)
    $v0                                      0x000030b8   Number         0  dnaninf.o(x$fpl$dnaninf)
    x$fpl$dretinf                            0x00003154   Section       12  dretinf.o(x$fpl$dretinf)
    $v0                                      0x00003154   Number         0  dretinf.o(x$fpl$dretinf)
    x$fpl$drsb                               0x00003160   Section       22  daddsub_clz.o(x$fpl$drsb)
    $v0                                      0x00003160   Number         0  daddsub_clz.o(x$fpl$drsb)
    x$fpl$dsqrt                              0x00003178   Section      408  dsqrt_umaal.o(x$fpl$dsqrt)
    $v0                                      0x00003178   Number         0  dsqrt_umaal.o(x$fpl$dsqrt)
    x$fpl$dsub                               0x00003310   Section      468  daddsub_clz.o(x$fpl$dsub)
    $v0                                      0x00003310   Number         0  daddsub_clz.o(x$fpl$dsub)
    _dsub1                                   0x00003321   Thumb Code     0  daddsub_clz.o(x$fpl$dsub)
    x$fpl$fpinit                             0x000034e4   Section       10  fpinit.o(x$fpl$fpinit)
    $v0                                      0x000034e4   Number         0  fpinit.o(x$fpl$fpinit)
    x$fpl$printf1                            0x000034ee   Section        4  printf1.o(x$fpl$printf1)
    $v0                                      0x000034ee   Number         0  printf1.o(x$fpl$printf1)
    x$fpl$usenofp                            0x000034f2   Section        0  usenofp.o(x$fpl$usenofp)
    .constdata                               0x000034f8   Section       48  cos_i.o(.constdata)
    C                                        0x000034f8   Data          48  cos_i.o(.constdata)
    .constdata                               0x00003528   Section      200  rred.o(.constdata)
    pio2s                                    0x00003528   Data          48  rred.o(.constdata)
    twooverpi                                0x00003558   Data         152  rred.o(.constdata)
    .constdata                               0x000035f0   Section       40  sin_i.o(.constdata)
    S                                        0x000035f0   Data          40  sin_i.o(.constdata)
    .constdata                               0x00003618   Section      148  bigflt0.o(.constdata)
    tenpwrs_x                                0x00003618   Data          60  bigflt0.o(.constdata)
    tenpwrs_i                                0x00003654   Data          64  bigflt0.o(.constdata)
    .constdata                               0x000036ac   Section        4  sys_io.o(.constdata)
    .constdata                               0x000036b0   Section        4  sys_io.o(.constdata)
    .constdata                               0x000036b4   Section        4  sys_io.o(.constdata)
    locale$$data                             0x000036d8   Section       28  lc_numeric_c.o(locale$$data)
    __lcnum_c_name                           0x000036dc   Data           2  lc_numeric_c.o(locale$$data)
    __lcnum_c_start                          0x000036e4   Data           0  lc_numeric_c.o(locale$$data)
    __lcnum_c_point                          0x000036f0   Data           0  lc_numeric_c.o(locale$$data)
    __lcnum_c_thousands                      0x000036f2   Data           0  lc_numeric_c.o(locale$$data)
    __lcnum_c_grouping                       0x000036f3   Data           0  lc_numeric_c.o(locale$$data)
    __lcnum_c_end                            0x000036f4   Data           0  lc_numeric_c.o(locale$$data)
    .data                                    0x20000000   Section        8  main.o(.data)
    z                                        0x20000000   Data           8  main.o(.data)
    .data                                    0x20000008   Section        4  stdio_streams.o(.data)
    .data                                    0x2000000c   Section        4  stdio_streams.o(.data)
    .data                                    0x20000010   Section        4  stdio_streams.o(.data)
    .bss                                     0x20000014   Section       84  stdio_streams.o(.bss)
    .bss                                     0x20000068   Section       84  stdio_streams.o(.bss)
    .bss                                     0x200000bc   Section       84  stdio_streams.o(.bss)
    .bss                                     0x20000110   Section       96  libspace.o(.bss)
    HEAP                                     0x20000170   Section        0  startup_tm4c123.o(HEAP)
    STACK                                    0x20000170   Section      512  startup_tm4c123.o(STACK)
    Heap_Mem                                 0x20000170   Data           0  startup_tm4c123.o(HEAP)
    Stack_Mem                                0x20000170   Data         512  startup_tm4c123.o(STACK)
    __initial_sp                             0x20000370   Data           0  startup_tm4c123.o(STACK)

    Global Symbols

    Symbol Name                              Value     Ov Type        Size  Object(Section)

    BuildAttributes$$THM_ISAv4$E$P$D$K$B$S$7EM$VFPi3$EXTD16$VFPS$VFMA$PE$A:L22UL41UL21$X:L11$S22US41US21$IEEE1$IW$USESV6$~STKCKD$USESV7$~SHL$OTIME$ROPI$IEEEX$EBA8$UX$STANDARDLIB$REQ8$PRES8$EABIv2 0x00000000   Number         0  anon$$obj.o ABSOLUTE
    __ARM_use_no_argv                        0x00000000   Number         0  main.o ABSOLUTE
    __Vectors                                0x00000000   Data           4  startup_tm4c123.o(RESET)
    _printf_flags                            0x00000000   Number         0  printf_stubs.o ABSOLUTE
    _printf_return_value                     0x00000000   Number         0  printf_stubs.o ABSOLUTE
    _printf_sizespec                         0x00000000   Number         0  printf_stubs.o ABSOLUTE
    _printf_widthprec                        0x00000000   Number         0  printf_stubs.o ABSOLUTE
    __ARM_exceptions_init                     - Undefined Weak Reference
    __alloca_initialize                       - Undefined Weak Reference
    __cpp_initialize__aeabi_                  - Undefined Weak Reference
    __cxa_finalize                            - Undefined Weak Reference
    __sigvec_lookup                           - Undefined Weak Reference
    __user_heap_extent                        - Undefined Weak Reference
    _atexit_init                              - Undefined Weak Reference
    _call_atexit_fns                          - Undefined Weak Reference
    _clock_init                               - Undefined Weak Reference
    _fp_trap_init                             - Undefined Weak Reference
    _fp_trap_shutdown                         - Undefined Weak Reference
    _get_lc_collate                           - Undefined Weak Reference
    _get_lc_ctype                             - Undefined Weak Reference
    _get_lc_monetary                          - Undefined Weak Reference
    _get_lc_time                              - Undefined Weak Reference
    _getenv_init                              - Undefined Weak Reference
    _handle_redirection                       - Undefined Weak Reference
    _mutex_acquire                            - Undefined Weak Reference
    _mutex_free                               - Undefined Weak Reference
    _mutex_release                            - Undefined Weak Reference
    _printf_post_padding                      - Undefined Weak Reference
    _printf_pre_padding                       - Undefined Weak Reference
    _rand_init                                - Undefined Weak Reference
    _signal_finish                            - Undefined Weak Reference
    _signal_init                              - Undefined Weak Reference
    __Vectors_End                            0x0000026c   Data           0  startup_tm4c123.o(RESET)
    __Vectors_Size                           0x0000026c   Number         0  startup_tm4c123.o ABSOLUTE
    __main                                   0x0000026d   Thumb Code     8  __main.o(!!!main)
    __scatterload                            0x00000275   Thumb Code     0  __scatter.o(!!!scatter)
    __scatterload_rt2                        0x00000275   Thumb Code    44  __scatter.o(!!!scatter)
    __scatterload_rt2_thumb_only             0x00000275   Thumb Code     0  __scatter.o(!!!scatter)
    __scatterload_null                       0x00000283   Thumb Code     0  __scatter.o(!!!scatter)
    __scatterload_copy                       0x000002a9   Thumb Code    26  __scatter_copy.o(!!handler_copy)
    __scatterload_zeroinit                   0x000002c5   Thumb Code    28  __scatter_zi.o(!!handler_zi)
    _printf_f                                0x000002e1   Thumb Code     0  _printf_f.o(.ARM.Collect$$_printf_percent$$00000003)
    _printf_percent                          0x000002e1   Thumb Code     0  _printf_percent.o(.ARM.Collect$$_printf_percent$$00000000)
    _printf_percent_end                      0x000002e7   Thumb Code     0  _printf_percent_end.o(.ARM.Collect$$_printf_percent$$00000017)
    __rt_lib_init                            0x000002eb   Thumb Code     0  libinit.o(.ARM.Collect$$libinit$$00000000)
    __rt_lib_init_fp_1                       0x000002ed   Thumb Code     0  libinit2.o(.ARM.Collect$$libinit$$00000001)
    __rt_lib_init_heap_2                     0x000002f1   Thumb Code     0  libinit2.o(.ARM.Collect$$libinit$$00000003)
    __rt_lib_init_heap_1                     0x000002f9   Thumb Code     0  libinit2.o(.ARM.Collect$$libinit$$00000008)
    __rt_lib_init_lc_common                  0x000002f9   Thumb Code     0  libinit2.o(.ARM.Collect$$libinit$$0000000D)
    __rt_lib_init_rand_1                     0x000002f9   Thumb Code     0  libinit2.o(.ARM.Collect$$libinit$$0000000C)
    __rt_lib_init_user_alloc_1               0x000002f9   Thumb Code     0  libinit2.o(.ARM.Collect$$libinit$$0000000A)
    __rt_lib_init_lc_collate_1               0x000002ff   Thumb Code     0  libinit2.o(.ARM.Collect$$libinit$$0000000F)
    __rt_lib_init_lc_ctype_1                 0x000002ff   Thumb Code     0  libinit2.o(.ARM.Collect$$libinit$$00000011)
    __rt_lib_init_lc_monetary_1              0x000002ff   Thumb Code     0  libinit2.o(.ARM.Collect$$libinit$$00000013)
    __rt_lib_init_lc_numeric_2               0x000002ff   Thumb Code     0  libinit2.o(.ARM.Collect$$libinit$$00000014)
    __rt_lib_init_atexit_1                   0x00000309   Thumb Code     0  libinit2.o(.ARM.Collect$$libinit$$00000019)
    __rt_lib_init_clock_1                    0x00000309   Thumb Code     0  libinit2.o(.ARM.Collect$$libinit$$0000001F)
    __rt_lib_init_fp_trap_1                  0x00000309   Thumb Code     0  libinit2.o(.ARM.Collect$$libinit$$0000001D)
    __rt_lib_init_getenv_1                   0x00000309   Thumb Code     0  libinit2.o(.ARM.Collect$$libinit$$00000021)
    __rt_lib_init_lc_numeric_1               0x00000309   Thumb Code     0  libinit2.o(.ARM.Collect$$libinit$$00000015)
    __rt_lib_init_lc_time_1                  0x00000309   Thumb Code     0  libinit2.o(.ARM.Collect$$libinit$$00000017)
    __rt_lib_init_signal_1                   0x00000309   Thumb Code     0  libinit2.o(.ARM.Collect$$libinit$$0000001B)
    __rt_lib_init_stdio_2                    0x00000309   Thumb Code     0  libinit2.o(.ARM.Collect$$libinit$$00000022)
    __rt_lib_init_alloca_1                   0x0000030d   Thumb Code     0  libinit2.o(.ARM.Collect$$libinit$$0000002C)
    __rt_lib_init_argv_1                     0x0000030d   Thumb Code     0  libinit2.o(.ARM.Collect$$libinit$$0000002A)
    __rt_lib_init_cpp_1                      0x0000030d   Thumb Code     0  libinit2.o(.ARM.Collect$$libinit$$00000030)
    __rt_lib_init_exceptions_1               0x0000030d   Thumb Code     0  libinit2.o(.ARM.Collect$$libinit$$0000002E)
    __rt_lib_init_return                     0x0000030d   Thumb Code     0  libinit2.o(.ARM.Collect$$libinit$$00000031)
    __rt_lib_init_stdio_1                    0x0000030d   Thumb Code     0  libinit2.o(.ARM.Collect$$libinit$$00000023)
    __rt_lib_shutdown                        0x0000030f   Thumb Code     0  libshutdown.o(.ARM.Collect$$libshutdown$$00000000)
    __rt_lib_shutdown_stdio_2                0x00000311   Thumb Code     0  libshutdown2.o(.ARM.Collect$$libshutdown$$00000002)
    __rt_lib_shutdown_fp_trap_1              0x00000315   Thumb Code     0  libshutdown2.o(.ARM.Collect$$libshutdown$$00000006)
    __rt_lib_shutdown_heap_1                 0x00000315   Thumb Code     0  libshutdown2.o(.ARM.Collect$$libshutdown$$0000000E)
    __rt_lib_shutdown_return                 0x00000315   Thumb Code     0  libshutdown2.o(.ARM.Collect$$libshutdown$$0000000F)
    __rt_lib_shutdown_signal_1               0x00000315   Thumb Code     0  libshutdown2.o(.ARM.Collect$$libshutdown$$00000009)
    __rt_lib_shutdown_stdio_1                0x00000315   Thumb Code     0  libshutdown2.o(.ARM.Collect$$libshutdown$$00000003)
    __rt_lib_shutdown_user_alloc_1           0x00000315   Thumb Code     0  libshutdown2.o(.ARM.Collect$$libshutdown$$0000000B)
    __rt_entry                               0x00000317   Thumb Code     0  rtentry.o(.ARM.Collect$$rtentry$$00000000)
    __rt_entry_presh_1                       0x00000317   Thumb Code     0  rtentry2.o(.ARM.Collect$$rtentry$$00000002)
    __rt_entry_sh                            0x00000317   Thumb Code     0  rtentry4.o(.ARM.Collect$$rtentry$$00000004)
    __rt_entry_li                            0x0000031d   Thumb Code     0  rtentry2.o(.ARM.Collect$$rtentry$$0000000A)
    __rt_entry_postsh_1                      0x0000031d   Thumb Code     0  rtentry2.o(.ARM.Collect$$rtentry$$00000009)
    __rt_entry_main                          0x00000321   Thumb Code     0  rtentry2.o(.ARM.Collect$$rtentry$$0000000D)
    __rt_entry_postli_1                      0x00000321   Thumb Code     0  rtentry2.o(.ARM.Collect$$rtentry$$0000000C)
    __rt_exit                                0x00000329   Thumb Code     0  rtexit.o(.ARM.Collect$$rtexit$$00000000)
    __rt_exit_ls                             0x0000032b   Thumb Code     0  rtexit2.o(.ARM.Collect$$rtexit$$00000003)
    __rt_exit_prels_1                        0x0000032b   Thumb Code     0  rtexit2.o(.ARM.Collect$$rtexit$$00000002)
    __rt_exit_exit                           0x0000032f   Thumb Code     0  rtexit2.o(.ARM.Collect$$rtexit$$00000004)
    Reset_Handler                            0x00000335   Thumb Code     4  startup_tm4c123.o(.text)
    _maybe_terminate_alloc                   0x00000335   Thumb Code     0  maybetermalloc1.o(.emb_text)
    NMI_Handler                              0x00000339   Thumb Code     2  startup_tm4c123.o(.text)
    HardFault_Handler                        0x0000033b   Thumb Code     2  startup_tm4c123.o(.text)
    MemManage_Handler                        0x0000033d   Thumb Code     2  startup_tm4c123.o(.text)
    BusFault_Handler                         0x0000033f   Thumb Code     2  startup_tm4c123.o(.text)
    UsageFault_Handler                       0x00000341   Thumb Code     2  startup_tm4c123.o(.text)
    SVC_Handler                              0x00000343   Thumb Code     2  startup_tm4c123.o(.text)
    DebugMon_Handler                         0x00000345   Thumb Code     2  startup_tm4c123.o(.text)
    PendSV_Handler                           0x00000347   Thumb Code     2  startup_tm4c123.o(.text)
    SysTick_Handler                          0x00000349   Thumb Code     2  startup_tm4c123.o(.text)
    GPIOA_Handler                            0x0000034b   Thumb Code     2  startup_tm4c123.o(.text)
    GPIOB_Handler                            0x0000034d   Thumb Code     2  startup_tm4c123.o(.text)
    GPIOC_Handler                            0x0000034f   Thumb Code     2  startup_tm4c123.o(.text)
    GPIOD_Handler                            0x00000351   Thumb Code     2  startup_tm4c123.o(.text)
    GPIOE_Handler                            0x00000353   Thumb Code     2  startup_tm4c123.o(.text)
    UART0_Handler                            0x00000355   Thumb Code     2  startup_tm4c123.o(.text)
    UART1_Handler                            0x00000357   Thumb Code     2  startup_tm4c123.o(.text)
    SSI0_Handler                             0x00000359   Thumb Code     2  startup_tm4c123.o(.text)
    I2C0_Handler                             0x0000035b   Thumb Code     2  startup_tm4c123.o(.text)
    PMW0_FAULT_Handler                       0x0000035d   Thumb Code     2  startup_tm4c123.o(.text)
    PWM0_0_Handler                           0x0000035f   Thumb Code     2  startup_tm4c123.o(.text)
    PWM0_1_Handler                           0x00000361   Thumb Code     2  startup_tm4c123.o(.text)
    PWM0_2_Handler                           0x00000363   Thumb Code     2  startup_tm4c123.o(.text)
    QEI0_Handler                             0x00000365   Thumb Code     2  startup_tm4c123.o(.text)
    ADC0SS0_Handler                          0x00000367   Thumb Code     2  startup_tm4c123.o(.text)
    ADC0SS1_Handler                          0x00000369   Thumb Code     2  startup_tm4c123.o(.text)
    ADC0SS2_Handler                          0x0000036b   Thumb Code     2  startup_tm4c123.o(.text)
    ADC0SS3_Handler                          0x0000036d   Thumb Code     2  startup_tm4c123.o(.text)
    WDT0_Handler                             0x0000036f   Thumb Code     2  startup_tm4c123.o(.text)
    TIMER0A_Handler                          0x00000371   Thumb Code     2  startup_tm4c123.o(.text)
    TIMER0B_Handler                          0x00000373   Thumb Code     2  startup_tm4c123.o(.text)
    TIMER1A_Handler                          0x00000375   Thumb Code     2  startup_tm4c123.o(.text)
    TIMER1B_Handler                          0x00000377   Thumb Code     2  startup_tm4c123.o(.text)
    TIMER2A_Handler                          0x00000379   Thumb Code     2  startup_tm4c123.o(.text)
    TIMER2B_Handler                          0x0000037b   Thumb Code     2  startup_tm4c123.o(.text)
    COMP0_Handler                            0x0000037d   Thumb Code     2  startup_tm4c123.o(.text)
    COMP1_Handler                            0x0000037f   Thumb Code     2  startup_tm4c123.o(.text)
    COMP2_Handler                            0x00000381   Thumb Code     2  startup_tm4c123.o(.text)
    SYSCTL_Handler                           0x00000383   Thumb Code     2  startup_tm4c123.o(.text)
    FLASH_Handler                            0x00000385   Thumb Code     2  startup_tm4c123.o(.text)
    GPIOF_Handler                            0x00000387   Thumb Code     2  startup_tm4c123.o(.text)
    GPIOG_Handler                            0x00000389   Thumb Code     2  startup_tm4c123.o(.text)
    GPIOH_Handler                            0x0000038b   Thumb Code     2  startup_tm4c123.o(.text)
    UART2_Handler                            0x0000038d   Thumb Code     2  startup_tm4c123.o(.text)
    SSI1_Handler                             0x0000038f   Thumb Code     2  startup_tm4c123.o(.text)
    TIMER3A_Handler                          0x00000391   Thumb Code     2  startup_tm4c123.o(.text)
    TIMER3B_Handler                          0x00000393   Thumb Code     2  startup_tm4c123.o(.text)
    I2C1_Handler                             0x00000395   Thumb Code     2  startup_tm4c123.o(.text)
    QEI1_Handler                             0x00000397   Thumb Code     2  startup_tm4c123.o(.text)
    CAN0_Handler                             0x00000399   Thumb Code     2  startup_tm4c123.o(.text)
    CAN1_Handler                             0x0000039b   Thumb Code     2  startup_tm4c123.o(.text)
    CAN2_Handler                             0x0000039d   Thumb Code     2  startup_tm4c123.o(.text)
    HIB_Handler                              0x0000039f   Thumb Code     2  startup_tm4c123.o(.text)
    USB0_Handler                             0x000003a1   Thumb Code     2  startup_tm4c123.o(.text)
    PWM0_3_Handler                           0x000003a3   Thumb Code     2  startup_tm4c123.o(.text)
    UDMA_Handler                             0x000003a5   Thumb Code     2  startup_tm4c123.o(.text)
    UDMAERR_Handler                          0x000003a7   Thumb Code     2  startup_tm4c123.o(.text)
    ADC1SS0_Handler                          0x000003a9   Thumb Code     2  startup_tm4c123.o(.text)
    ADC1SS1_Handler                          0x000003ab   Thumb Code     2  startup_tm4c123.o(.text)
    ADC1SS2_Handler                          0x000003ad   Thumb Code     2  startup_tm4c123.o(.text)
    ADC1SS3_Handler                          0x000003af   Thumb Code     2  startup_tm4c123.o(.text)
    GPIOJ_Handler                            0x000003b1   Thumb Code     2  startup_tm4c123.o(.text)
    GPIOK_Handler                            0x000003b3   Thumb Code     2  startup_tm4c123.o(.text)
    GPIOL_Handler                            0x000003b5   Thumb Code     2  startup_tm4c123.o(.text)
    SSI2_Handler                             0x000003b7   Thumb Code     2  startup_tm4c123.o(.text)
    SSI3_Handler                             0x000003b9   Thumb Code     2  startup_tm4c123.o(.text)
    UART3_Handler                            0x000003bb   Thumb Code     2  startup_tm4c123.o(.text)
    UART4_Handler                            0x000003bd   Thumb Code     2  startup_tm4c123.o(.text)
    UART5_Handler                            0x000003bf   Thumb Code     2  startup_tm4c123.o(.text)
    UART6_Handler                            0x000003c1   Thumb Code     2  startup_tm4c123.o(.text)
    UART7_Handler                            0x000003c3   Thumb Code     2  startup_tm4c123.o(.text)
    I2C2_Handler                             0x000003c5   Thumb Code     2  startup_tm4c123.o(.text)
    I2C3_Handler                             0x000003c7   Thumb Code     2  startup_tm4c123.o(.text)
    TIMER4A_Handler                          0x000003c9   Thumb Code     2  startup_tm4c123.o(.text)
    TIMER4B_Handler                          0x000003cb   Thumb Code     2  startup_tm4c123.o(.text)
    TIMER5A_Handler                          0x000003cd   Thumb Code     2  startup_tm4c123.o(.text)
    TIMER5B_Handler                          0x000003cf   Thumb Code     2  startup_tm4c123.o(.text)
    WTIMER0A_Handler                         0x000003d1   Thumb Code     2  startup_tm4c123.o(.text)
    WTIMER0B_Handler                         0x000003d3   Thumb Code     2  startup_tm4c123.o(.text)
    WTIMER1A_Handler                         0x000003d5   Thumb Code     2  startup_tm4c123.o(.text)
    WTIMER1B_Handler                         0x000003d7   Thumb Code     2  startup_tm4c123.o(.text)
    WTIMER2A_Handler                         0x000003d9   Thumb Code     2  startup_tm4c123.o(.text)
    WTIMER2B_Handler                         0x000003db   Thumb Code     2  startup_tm4c123.o(.text)
    WTIMER3A_Handler                         0x000003dd   Thumb Code     2  startup_tm4c123.o(.text)
    WTIMER3B_Handler                         0x000003df   Thumb Code     2  startup_tm4c123.o(.text)
    WTIMER4A_Handler                         0x000003e1   Thumb Code     2  startup_tm4c123.o(.text)
    WTIMER4B_Handler                         0x000003e3   Thumb Code     2  startup_tm4c123.o(.text)
    WTIMER5A_Handler                         0x000003e5   Thumb Code     2  startup_tm4c123.o(.text)
    WTIMER5B_Handler                         0x000003e7   Thumb Code     2  startup_tm4c123.o(.text)
    FPU_Handler                              0x000003e9   Thumb Code     2  startup_tm4c123.o(.text)
    I2C4_Handler                             0x000003eb   Thumb Code     2  startup_tm4c123.o(.text)
    I2C5_Handler                             0x000003ed   Thumb Code     2  startup_tm4c123.o(.text)
    GPIOM_Handler                            0x000003ef   Thumb Code     2  startup_tm4c123.o(.text)
    GPION_Handler                            0x000003f1   Thumb Code     2  startup_tm4c123.o(.text)
    QEI2_Handler                             0x000003f3   Thumb Code     2  startup_tm4c123.o(.text)
    GPIOP0_Handler                           0x000003f5   Thumb Code     2  startup_tm4c123.o(.text)
    GPIOP1_Handler                           0x000003f7   Thumb Code     2  startup_tm4c123.o(.text)
    GPIOP2_Handler                           0x000003f9   Thumb Code     2  startup_tm4c123.o(.text)
    GPIOP3_Handler                           0x000003fb   Thumb Code     2  startup_tm4c123.o(.text)
    GPIOP4_Handler                           0x000003fd   Thumb Code     2  startup_tm4c123.o(.text)
    GPIOP5_Handler                           0x000003ff   Thumb Code     2  startup_tm4c123.o(.text)
    GPIOP6_Handler                           0x00000401   Thumb Code     2  startup_tm4c123.o(.text)
    GPIOP7_Handler                           0x00000403   Thumb Code     2  startup_tm4c123.o(.text)
    GPIOQ0_Handler                           0x00000405   Thumb Code     2  startup_tm4c123.o(.text)
    GPIOQ1_Handler                           0x00000407   Thumb Code     2  startup_tm4c123.o(.text)
    GPIOQ2_Handler                           0x00000409   Thumb Code     2  startup_tm4c123.o(.text)
    GPIOQ3_Handler                           0x0000040b   Thumb Code     2  startup_tm4c123.o(.text)
    GPIOQ4_Handler                           0x0000040d   Thumb Code     2  startup_tm4c123.o(.text)
    GPIOQ5_Handler                           0x0000040f   Thumb Code     2  startup_tm4c123.o(.text)
    GPIOQ6_Handler                           0x00000411   Thumb Code     2  startup_tm4c123.o(.text)
    GPIOQ7_Handler                           0x00000413   Thumb Code     2  startup_tm4c123.o(.text)
    GPIOR_Handler                            0x00000415   Thumb Code     2  startup_tm4c123.o(.text)
    GPIOS_Handler                            0x00000417   Thumb Code     2  startup_tm4c123.o(.text)
    PMW1_0_Handler                           0x00000419   Thumb Code     2  startup_tm4c123.o(.text)
    PWM1_1_Handler                           0x0000041b   Thumb Code     2  startup_tm4c123.o(.text)
    PWM1_2_Handler                           0x0000041d   Thumb Code     2  startup_tm4c123.o(.text)
    PWM1_3_Handler                           0x0000041f   Thumb Code     2  startup_tm4c123.o(.text)
    PWM1_FAULT_Handler                       0x00000421   Thumb Code     2  startup_tm4c123.o(.text)
    __user_initial_stackheap                 0x00000425   Thumb Code     0  startup_tm4c123.o(.text)
    distance                                 0x00000441   Thumb Code    52  main.o(.text)
    rad                                      0x00000475   Thumb Code    96  main.o(.text)
    gps_distance                             0x000004d5   Thumb Code   308  main.o(.text)
    main                                     0x00000609   Thumb Code    52  main.o(.text)
    __2printf                                0x0000069d   Thumb Code    20  noretval__2printf.o(.text)
    __printf                                 0x000006b5   Thumb Code   184  __printf_ss.o(.text)
    __use_two_region_memory                  0x0000076d   Thumb Code     2  heapauxi.o(.text)
    __rt_heap_escrow                         0x0000076f   Thumb Code     2  heapauxi.o(.text)
    __rt_heap_expand                         0x00000771   Thumb Code     2  heapauxi.o(.text)
    __read_errno                             0x00000773   Thumb Code    10  _rserrno.o(.text)
    __set_errno                              0x0000077d   Thumb Code    12  _rserrno.o(.text)
    __lib_sel_fp_printf                      0x00000789   Thumb Code     2  _printf_fp_dec.o(.text)
    _printf_fp_dec_real                      0x00000935   Thumb Code   628  _printf_fp_dec.o(.text)
    _printf_char_file                        0x00000ba9   Thumb Code    32  _printf_char_file.o(.text)
    __rt_locale                              0x00000bcd   Thumb Code     8  rt_locale_intlibspace.o(.text)
    __aeabi_errno_addr                       0x00000bd5   Thumb Code     8  rt_errno_addr_intlibspace.o(.text)
    __errno$intlibspace                      0x00000bd5   Thumb Code     0  rt_errno_addr_intlibspace.o(.text)
    __rt_errno_addr$intlibspace              0x00000bd5   Thumb Code     0  rt_errno_addr_intlibspace.o(.text)
    _ll_udiv10                               0x00000bdd   Thumb Code   138  lludiv10.o(.text)
    _printf_char_common                      0x00000c73   Thumb Code    32  _printf_char_common.o(.text)
    _printf_fp_infnan                        0x00000c99   Thumb Code   112  _printf_fp_infnan.o(.text)
    _btod_etento                             0x00000d19   Thumb Code   222  bigflt0.o(.text)
    ferror                                   0x00000dfd   Thumb Code     8  ferror.o(.text)
    _initio                                  0x00000e05   Thumb Code   210  initio.o(.text)
    _terminateio                             0x00000ed7   Thumb Code    56  initio.o(.text)
    _sys_open                                0x00000f3d   Thumb Code    20  sys_io.o(.text)
    _sys_close                               0x00000f51   Thumb Code    12  sys_io.o(.text)
    _sys_write                               0x00000f5d   Thumb Code    16  sys_io.o(.text)
    _sys_read                                0x00000f6d   Thumb Code    14  sys_io.o(.text)
    _sys_istty                               0x00000f7b   Thumb Code    12  sys_io.o(.text)
    _sys_seek                                0x00000f87   Thumb Code    14  sys_io.o(.text)
    _sys_ensure                              0x00000f95   Thumb Code     2  sys_io.o(.text)
    _sys_flen                                0x00000f97   Thumb Code    12  sys_io.o(.text)
    __user_libspace                          0x00000fa5   Thumb Code     8  libspace.o(.text)
    __user_perproc_libspace                  0x00000fa5   Thumb Code     0  libspace.o(.text)
    __user_perthread_libspace                0x00000fa5   Thumb Code     0  libspace.o(.text)
    __user_setup_stackheap                   0x00000fad   Thumb Code    74  sys_stackheap_outer.o(.text)
    free                                     0x00000ff7   Thumb Code    78  h1_free.o(.text)
    __flsbuf                                 0x00001045   Thumb Code   478  flsbuf.o(.text)
    __flsbuf_byte                            0x00001045   Thumb Code     0  flsbuf.o(.text)
    __flsbuf_wide                            0x00001045   Thumb Code     0  flsbuf.o(.text)
    setvbuf                                  0x00001223   Thumb Code    70  setvbuf.o(.text)
    freopen                                  0x00001269   Thumb Code   158  fopen.o(.text)
    fopen                                    0x00001307   Thumb Code    74  fopen.o(.text)
    _fclose_internal                         0x00001355   Thumb Code    76  fclose.o(.text)
    fclose                                   0x00001355   Thumb Code     0  fclose.o(.text)
    exit                                     0x000013a1   Thumb Code    12  exit.o(.text)
    __rt_SIGRTRED                            0x000013ad   Thumb Code    14  defsig_rtred_outer.o(.text)
    __aeabi_memclr4                          0x000013bb   Thumb Code     0  rt_memclr_w.o(.text)
    __aeabi_memclr8                          0x000013bb   Thumb Code     0  rt_memclr_w.o(.text)
    __rt_memclr_w                            0x000013bb   Thumb Code    78  rt_memclr_w.o(.text)
    _memset_w                                0x000013bf   Thumb Code     0  rt_memclr_w.o(.text)
    strcmp                                   0x00001409   Thumb Code   128  strcmpv7m.o(.text)
    __I$use$semihosting                      0x00001489   Thumb Code     0  use_no_semi.o(.text)
    __use_no_semihosting_swi                 0x00001489   Thumb Code     2  use_no_semi.o(.text)
    __semihosting_library_function           0x0000148b   Thumb Code     0  indicate_semi.o(.text)
    __rt_heap_descriptor                     0x0000148d   Thumb Code     8  rt_heap_descriptor_intlibspace.o(.text)
    __use_no_heap                            0x00001495   Thumb Code     2  hguard.o(.text)
    __heap$guard                             0x00001497   Thumb Code     2  hguard.o(.text)
    _terminate_user_alloc                    0x00001499   Thumb Code     2  init_alloc.o(.text)
    _init_user_alloc                         0x0000149b   Thumb Code     2  init_alloc.o(.text)
    __Heap_Full                              0x0000149d   Thumb Code    34  init_alloc.o(.text)
    __Heap_Broken                            0x000014bf   Thumb Code     6  init_alloc.o(.text)
    _init_alloc                              0x000014c5   Thumb Code    94  init_alloc.o(.text)
    malloc                                   0x00001523   Thumb Code    94  h1_alloc.o(.text)
    _fseek                                   0x00001581   Thumb Code   242  fseek.o(.text)
    fseek                                    0x00001581   Thumb Code     0  fseek.o(.text)
    _seterr                                  0x00001679   Thumb Code    20  stdio.o(.text)
    _writebuf                                0x0000168d   Thumb Code    84  stdio.o(.text)
    _fflush                                  0x000016e1   Thumb Code    70  stdio.o(.text)
    _deferredlazyseek                        0x00001727   Thumb Code    60  stdio.o(.text)
    __sig_exit                               0x00001769   Thumb Code    10  defsig_exit.o(.text)
    __rt_SIGRTRED_inner                      0x00001775   Thumb Code    14  defsig_rtred_inner.o(.text)
    strlen                                   0x000017a9   Thumb Code    62  strlen.o(.text)
    _sys_exit                                0x000017e9   Thumb Code     8  sys_exit.o(.text)
    __Heap_Initialize                        0x000017f5   Thumb Code    10  h1_init.o(.text)
    __Heap_DescSize                          0x000017ff   Thumb Code     4  h1_init.o(.text)
    __Heap_ProvideMemory                     0x00001803   Thumb Code    52  h1_extend.o(.text)
    _ftell_internal                          0x00001837   Thumb Code    70  ftell.o(.text)
    ftell                                    0x00001837   Thumb Code     0  ftell.o(.text)
    __default_signal_display                 0x0000187d   Thumb Code    50  defsig_general.o(.text)
    __rt_SIGRTMEM                            0x000018af   Thumb Code    14  defsig_rtmem_outer.o(.text)
    _ttywrch                                 0x000018bd   Thumb Code    14  sys_wrch.o(.text)
    __rt_SIGRTMEM_inner                      0x000018cd   Thumb Code    22  defsig_rtmem_inner.o(.text)
    _btod_d2e                                0x0000191d   Thumb Code    62  btod.o(CL$$btod_d2e)
    _d2e_denorm_low                          0x0000195b   Thumb Code    70  btod.o(CL$$btod_d2e_denorm_low)
    _d2e_norm_op1                            0x000019a1   Thumb Code    96  btod.o(CL$$btod_d2e_norm_op1)
    __btod_div_common                        0x00001a01   Thumb Code   696  btod.o(CL$$btod_div_common)
    _e2e                                     0x00001d39   Thumb Code   198  btod.o(CL$$btod_e2e)
    _btod_ediv                               0x00001dff   Thumb Code    40  btod.o(CL$$btod_ediv)
    _btod_emul                               0x00001e27   Thumb Code    40  btod.o(CL$$btod_emul)
    __btod_mult_common                       0x00001e4f   Thumb Code   580  btod.o(CL$$btod_mult_common)
    __ARM_fpclassify                         0x00002093   Thumb Code    48  fpclassify.o(i.__ARM_fpclassify)
    __hardfp_cos                             0x000020c9   Thumb Code   200  cos.o(i.__hardfp_cos)
    __hardfp_sqrt                            0x000021a1   Thumb Code   122  sqrt.o(i.__hardfp_sqrt)
    __ieee754_rem_pio2                       0x00002221   Thumb Code   972  rred.o(i.__ieee754_rem_pio2)
    __kernel_cos                             0x00002679   Thumb Code   322  cos_i.o(i.__kernel_cos)
    __kernel_poly                            0x000027e9   Thumb Code   248  poly.o(i.__kernel_poly)
    __kernel_sin                             0x000028e1   Thumb Code   280  sin_i.o(i.__kernel_sin)
    __mathlib_dbl_underflow                  0x00002a11   Thumb Code    24  dunder.o(i.__mathlib_dbl_underflow)
    fabs                                     0x00002a31   Thumb Code    32  fabs.o(i.fabs)
    fputc                                    0x00002a51   Thumb Code    26  fputc.o(i.fputc)
    _get_lc_numeric                          0x00002a6d   Thumb Code    44  lc_numeric_c.o(locale$$code)
    __aeabi_dneg                             0x00002a99   Thumb Code     0  basic.o(x$fpl$basic)
    _dneg                                    0x00002a99   Thumb Code     6  basic.o(x$fpl$basic)
    __aeabi_fneg                             0x00002a9f   Thumb Code     0  basic.o(x$fpl$basic)
    _fneg                                    0x00002a9f   Thumb Code     6  basic.o(x$fpl$basic)
    _dabs                                    0x00002aa5   Thumb Code     6  basic.o(x$fpl$basic)
    _fabs                                    0x00002aab   Thumb Code     6  basic.o(x$fpl$basic)
    __aeabi_dadd                             0x00002ab1   Thumb Code     0  daddsub_clz.o(x$fpl$dadd)
    _dadd                                    0x00002ab1   Thumb Code   332  daddsub_clz.o(x$fpl$dadd)
    __aeabi_ddiv                             0x00002c01   Thumb Code     0  ddiv.o(x$fpl$ddiv)
    _ddiv                                    0x00002c01   Thumb Code   552  ddiv.o(x$fpl$ddiv)
    __aeabi_d2iz                             0x00002eb1   Thumb Code     0  dfix.o(x$fpl$dfix)
    _dfix                                    0x00002eb1   Thumb Code    94  dfix.o(x$fpl$dfix)
    __aeabi_i2d                              0x00002f0f   Thumb Code     0  dflt_clz.o(x$fpl$dflt)
    _dflt                                    0x00002f0f   Thumb Code    46  dflt_clz.o(x$fpl$dflt)
    __aeabi_ui2d                             0x00002f3d   Thumb Code     0  dflt_clz.o(x$fpl$dfltu)
    _dfltu                                   0x00002f3d   Thumb Code    38  dflt_clz.o(x$fpl$dfltu)
    __aeabi_dmul                             0x00002f65   Thumb Code     0  dmul.o(x$fpl$dmul)
    _dmul                                    0x00002f65   Thumb Code   332  dmul.o(x$fpl$dmul)
    __fpl_dnaninf                            0x000030b9   Thumb Code   156  dnaninf.o(x$fpl$dnaninf)
    __fpl_dretinf                            0x00003155   Thumb Code    12  dretinf.o(x$fpl$dretinf)
    __aeabi_drsub                            0x00003161   Thumb Code     0  daddsub_clz.o(x$fpl$drsb)
    _drsb                                    0x00003161   Thumb Code    22  daddsub_clz.o(x$fpl$drsb)
    _dsqrt                                   0x00003179   Thumb Code   404  dsqrt_umaal.o(x$fpl$dsqrt)
    __aeabi_dsub                             0x00003311   Thumb Code     0  daddsub_clz.o(x$fpl$dsub)
    _dsub                                    0x00003311   Thumb Code   464  daddsub_clz.o(x$fpl$dsub)
    _fp_init                                 0x000034e5   Thumb Code    10  fpinit.o(x$fpl$fpinit)
    __fplib_config_fpu_vfp                   0x000034ed   Thumb Code     0  fpinit.o(x$fpl$fpinit)
    __fplib_config_pureend_doubles           0x000034ed   Thumb Code     0  fpinit.o(x$fpl$fpinit)
    _printf_fp_dec                           0x000034ef   Thumb Code     4  printf1.o(x$fpl$printf1)
    __I$use$fp                               0x000034f2   Number         0  usenofp.o(x$fpl$usenofp)
    __stdin_name                             0x000036ac   Data           4  sys_io.o(.constdata)
    __stdout_name                            0x000036b0   Data           4  sys_io.o(.constdata)
    __stderr_name                            0x000036b4   Data           4  sys_io.o(.constdata)
    Region$$Table$$Base                      0x000036b8   Number         0  anon$$obj.o(Region$$Table)
    Region$$Table$$Limit                     0x000036d8   Number         0  anon$$obj.o(Region$$Table)
    __aeabi_stdin                            0x20000008   Data           4  stdio_streams.o(.data)
    __aeabi_stdout                           0x2000000c   Data           4  stdio_streams.o(.data)
    __aeabi_stderr                           0x20000010   Data           4  stdio_streams.o(.data)
    __stdin                                  0x20000014   Data          84  stdio_streams.o(.bss)
    __stdout                                 0x20000068   Data          84  stdio_streams.o(.bss)
    __stderr                                 0x200000bc   Data          84  stdio_streams.o(.bss)
    __libspace_start                         0x20000110   Data          96  libspace.o(.bss)
    __temporary_stack_top$libspace           0x20000170   Data           0  libspace.o(.bss)



==============================================================================

Memory Map of the image

  Image Entry point : 0x00000335

  Load Region LR_1 (Base: 0x00000000, Size: 0x00003708, Max: 0xffffffff, ABSOLUTE)

    Execution Region ER_RO (Base: 0x00000000, Size: 0x000036f4, Max: 0xffffffff, ABSOLUTE)

    Base Addr    Size         Type   Attr      Idx    E Section Name        Object

    0x00000000   0x0000026c   Data   RO            3    RESET               startup_tm4c123.o
    0x0000026c   0x00000008   Code   RO           95  * !!!main             c_w.l(__main.o)
    0x00000274   0x00000034   Code   RO          573    !!!scatter          c_w.l(__scatter.o)
    0x000002a8   0x0000001a   Code   RO          575    !!handler_copy      c_w.l(__scatter_copy.o)
    0x000002c2   0x00000002   PAD
    0x000002c4   0x0000001c   Code   RO          577    !!handler_zi        c_w.l(__scatter_zi.o)
    0x000002e0   0x00000000   Code   RO           92    .ARM.Collect$$_printf_percent$$00000000  c_w.l(_printf_percent.o)
    0x000002e0   0x00000006   Code   RO           91    .ARM.Collect$$_printf_percent$$00000003  c_w.l(_printf_f.o)
    0x000002e6   0x00000004   Code   RO          142    .ARM.Collect$$_printf_percent$$00000017  c_w.l(_printf_percent_end.o)
    0x000002ea   0x00000002   Code   RO          371    .ARM.Collect$$libinit$$00000000  c_w.l(libinit.o)
    0x000002ec   0x00000004   Code   RO          372    .ARM.Collect$$libinit$$00000001  c_w.l(libinit2.o)
    0x000002f0   0x00000008   Code   RO          374    .ARM.Collect$$libinit$$00000003  c_w.l(libinit2.o)
    0x000002f8   0x00000000   Code   RO          376    .ARM.Collect$$libinit$$00000008  c_w.l(libinit2.o)
    0x000002f8   0x00000000   Code   RO          378    .ARM.Collect$$libinit$$0000000A  c_w.l(libinit2.o)
    0x000002f8   0x00000000   Code   RO          380    .ARM.Collect$$libinit$$0000000C  c_w.l(libinit2.o)
    0x000002f8   0x00000006   Code   RO          381    .ARM.Collect$$libinit$$0000000D  c_w.l(libinit2.o)
    0x000002fe   0x00000000   Code   RO          383    .ARM.Collect$$libinit$$0000000F  c_w.l(libinit2.o)
    0x000002fe   0x00000000   Code   RO          385    .ARM.Collect$$libinit$$00000011  c_w.l(libinit2.o)
    0x000002fe   0x00000000   Code   RO          387    .ARM.Collect$$libinit$$00000013  c_w.l(libinit2.o)
    0x000002fe   0x0000000a   Code   RO          388    .ARM.Collect$$libinit$$00000014  c_w.l(libinit2.o)
    0x00000308   0x00000000   Code   RO          389    .ARM.Collect$$libinit$$00000015  c_w.l(libinit2.o)
    0x00000308   0x00000000   Code   RO          391    .ARM.Collect$$libinit$$00000017  c_w.l(libinit2.o)
    0x00000308   0x00000000   Code   RO          393    .ARM.Collect$$libinit$$00000019  c_w.l(libinit2.o)
    0x00000308   0x00000000   Code   RO          395    .ARM.Collect$$libinit$$0000001B  c_w.l(libinit2.o)
    0x00000308   0x00000000   Code   RO          397    .ARM.Collect$$libinit$$0000001D  c_w.l(libinit2.o)
    0x00000308   0x00000000   Code   RO          399    .ARM.Collect$$libinit$$0000001F  c_w.l(libinit2.o)
    0x00000308   0x00000000   Code   RO          401    .ARM.Collect$$libinit$$00000021  c_w.l(libinit2.o)
    0x00000308   0x00000004   Code   RO          402    .ARM.Collect$$libinit$$00000022  c_w.l(libinit2.o)
    0x0000030c   0x00000000   Code   RO          403    .ARM.Collect$$libinit$$00000023  c_w.l(libinit2.o)
    0x0000030c   0x00000000   Code   RO          407    .ARM.Collect$$libinit$$0000002A  c_w.l(libinit2.o)
    0x0000030c   0x00000000   Code   RO          409    .ARM.Collect$$libinit$$0000002C  c_w.l(libinit2.o)
    0x0000030c   0x00000000   Code   RO          411    .ARM.Collect$$libinit$$0000002E  c_w.l(libinit2.o)
    0x0000030c   0x00000000   Code   RO          413    .ARM.Collect$$libinit$$00000030  c_w.l(libinit2.o)
    0x0000030c   0x00000002   Code   RO          414    .ARM.Collect$$libinit$$00000031  c_w.l(libinit2.o)
    0x0000030e   0x00000002   Code   RO          552    .ARM.Collect$$libshutdown$$00000000  c_w.l(libshutdown.o)
    0x00000310   0x00000004   Code   RO          416    .ARM.Collect$$libshutdown$$00000002  c_w.l(libshutdown2.o)
    0x00000314   0x00000000   Code   RO          417    .ARM.Collect$$libshutdown$$00000003  c_w.l(libshutdown2.o)
    0x00000314   0x00000000   Code   RO          420    .ARM.Collect$$libshutdown$$00000006  c_w.l(libshutdown2.o)
    0x00000314   0x00000000   Code   RO          423    .ARM.Collect$$libshutdown$$00000009  c_w.l(libshutdown2.o)
    0x00000314   0x00000000   Code   RO          425    .ARM.Collect$$libshutdown$$0000000B  c_w.l(libshutdown2.o)
    0x00000314   0x00000000   Code   RO          428    .ARM.Collect$$libshutdown$$0000000E  c_w.l(libshutdown2.o)
    0x00000314   0x00000002   Code   RO          429    .ARM.Collect$$libshutdown$$0000000F  c_w.l(libshutdown2.o)
    0x00000316   0x00000000   Code   RO          135    .ARM.Collect$$rtentry$$00000000  c_w.l(rtentry.o)
    0x00000316   0x00000000   Code   RO          175    .ARM.Collect$$rtentry$$00000002  c_w.l(rtentry2.o)
    0x00000316   0x00000006   Code   RO          187    .ARM.Collect$$rtentry$$00000004  c_w.l(rtentry4.o)
    0x0000031c   0x00000000   Code   RO          177    .ARM.Collect$$rtentry$$00000009  c_w.l(rtentry2.o)
    0x0000031c   0x00000004   Code   RO          178    .ARM.Collect$$rtentry$$0000000A  c_w.l(rtentry2.o)
    0x00000320   0x00000000   Code   RO          180    .ARM.Collect$$rtentry$$0000000C  c_w.l(rtentry2.o)
    0x00000320   0x00000008   Code   RO          181    .ARM.Collect$$rtentry$$0000000D  c_w.l(rtentry2.o)
    0x00000328   0x00000002   Code   RO          435    .ARM.Collect$$rtexit$$00000000  c_w.l(rtexit.o)
    0x0000032a   0x00000000   Code   RO          493    .ARM.Collect$$rtexit$$00000002  c_w.l(rtexit2.o)
    0x0000032a   0x00000004   Code   RO          494    .ARM.Collect$$rtexit$$00000003  c_w.l(rtexit2.o)
    0x0000032e   0x00000006   Code   RO          495    .ARM.Collect$$rtexit$$00000004  c_w.l(rtexit2.o)
    0x00000334   0x00000000   Code   RO          499    .emb_text           c_w.l(maybetermalloc1.o)
    0x00000334   0x0000010c   Code   RO            4  * .text               startup_tm4c123.o
    0x00000440   0x0000025c   Code   RO           12    .text               main.o
    0x0000069c   0x00000018   Code   RO           67    .text               c_w.l(noretval__2printf.o)
    0x000006b4   0x000000b8   Code   RO           74    .text               c_w.l(__printf_ss.o)
    0x0000076c   0x00000006   Code   RO           93    .text               c_w.l(heapauxi.o)
    0x00000772   0x00000016   Code   RO          136    .text               c_w.l(_rserrno.o)
    0x00000788   0x00000420   Code   RO          138    .text               c_w.l(_printf_fp_dec.o)
    0x00000ba8   0x00000024   Code   RO          140    .text               c_w.l(_printf_char_file.o)
    0x00000bcc   0x00000008   Code   RO          192    .text               c_w.l(rt_locale_intlibspace.o)
    0x00000bd4   0x00000008   Code   RO          197    .text               c_w.l(rt_errno_addr_intlibspace.o)
    0x00000bdc   0x0000008a   Code   RO          199    .text               c_w.l(lludiv10.o)
    0x00000c66   0x00000002   PAD
    0x00000c68   0x00000030   Code   RO          201    .text               c_w.l(_printf_char_common.o)
    0x00000c98   0x00000080   Code   RO          203    .text               c_w.l(_printf_fp_infnan.o)
    0x00000d18   0x000000e4   Code   RO          205    .text               c_w.l(bigflt0.o)
    0x00000dfc   0x00000008   Code   RO          230    .text               c_w.l(ferror.o)
    0x00000e04   0x00000138   Code   RO          236    .text               c_w.l(initio.o)
    0x00000f3c   0x00000066   Code   RO          273    .text               c_w.l(sys_io.o)
    0x00000fa2   0x00000002   PAD
    0x00000fa4   0x00000008   Code   RO          278    .text               c_w.l(libspace.o)
    0x00000fac   0x0000004a   Code   RO          283    .text               c_w.l(sys_stackheap_outer.o)
    0x00000ff6   0x0000004e   Code   RO          287    .text               c_w.l(h1_free.o)
    0x00001044   0x000001de   Code   RO          343    .text               c_w.l(flsbuf.o)
    0x00001222   0x00000046   Code   RO          345    .text               c_w.l(setvbuf.o)
    0x00001268   0x000000ec   Code   RO          348    .text               c_w.l(fopen.o)
    0x00001354   0x0000004c   Code   RO          350    .text               c_w.l(fclose.o)
    0x000013a0   0x0000000c   Code   RO          356    .text               c_w.l(exit.o)
    0x000013ac   0x0000000e   Code   RO          358    .text               c_w.l(defsig_rtred_outer.o)
    0x000013ba   0x0000004e   Code   RO          362    .text               c_w.l(rt_memclr_w.o)
    0x00001408   0x00000080   Code   RO          364    .text               c_w.l(strcmpv7m.o)
    0x00001488   0x00000002   Code   RO          432    .text               c_w.l(use_no_semi.o)
    0x0000148a   0x00000000   Code   RO          434    .text               c_w.l(indicate_semi.o)
    0x0000148a   0x00000002   PAD
    0x0000148c   0x00000008   Code   RO          442    .text               c_w.l(rt_heap_descriptor_intlibspace.o)
    0x00001494   0x00000004   Code   RO          444    .text               c_w.l(hguard.o)
    0x00001498   0x0000008a   Code   RO          446    .text               c_w.l(init_alloc.o)
    0x00001522   0x0000005e   Code   RO          452    .text               c_w.l(h1_alloc.o)
    0x00001580   0x000000f8   Code   RO          468    .text               c_w.l(fseek.o)
    0x00001678   0x000000f0   Code   RO          470    .text               c_w.l(stdio.o)
    0x00001768   0x0000000a   Code   RO          476    .text               c_w.l(defsig_exit.o)
    0x00001772   0x00000002   PAD
    0x00001774   0x00000034   Code   RO          478    .text               c_w.l(defsig_rtred_inner.o)
    0x000017a8   0x0000003e   Code   RO          482    .text               c_w.l(strlen.o)
    0x000017e6   0x00000002   PAD
    0x000017e8   0x0000000c   Code   RO          490    .text               c_w.l(sys_exit.o)
    0x000017f4   0x0000000e   Code   RO          501    .text               c_w.l(h1_init.o)
    0x00001802   0x00000034   Code   RO          503    .text               c_w.l(h1_extend.o)
    0x00001836   0x00000046   Code   RO          513    .text               c_w.l(ftell.o)
    0x0000187c   0x00000032   Code   RO          521    .text               c_w.l(defsig_general.o)
    0x000018ae   0x0000000e   Code   RO          523    .text               c_w.l(defsig_rtmem_outer.o)
    0x000018bc   0x0000000e   Code   RO          538    .text               c_w.l(sys_wrch.o)
    0x000018ca   0x00000002   PAD
    0x000018cc   0x00000050   Code   RO          546    .text               c_w.l(defsig_rtmem_inner.o)
    0x0000191c   0x0000003e   Code   RO          208    CL$$btod_d2e        c_w.l(btod.o)
    0x0000195a   0x00000046   Code   RO          210    CL$$btod_d2e_denorm_low  c_w.l(btod.o)
    0x000019a0   0x00000060   Code   RO          209    CL$$btod_d2e_norm_op1  c_w.l(btod.o)
    0x00001a00   0x00000338   Code   RO          218    CL$$btod_div_common  c_w.l(btod.o)
    0x00001d38   0x000000c6   Code   RO          215    CL$$btod_e2e        c_w.l(btod.o)
    0x00001dfe   0x00000028   Code   RO          212    CL$$btod_ediv       c_w.l(btod.o)
    0x00001e26   0x00000028   Code   RO          211    CL$$btod_emul       c_w.l(btod.o)
    0x00001e4e   0x00000244   Code   RO          217    CL$$btod_mult_common  c_w.l(btod.o)
    0x00002092   0x00000030   Code   RO          269    i.__ARM_fpclassify  m_wm.l(fpclassify.o)
    0x000020c2   0x00000006   PAD
    0x000020c8   0x000000d8   Code   RO          111    i.__hardfp_cos      m_wm.l(cos.o)
    0x000021a0   0x0000007a   Code   RO          123    i.__hardfp_sqrt     m_wm.l(sqrt.o)
    0x0000221a   0x00000006   PAD
    0x00002220   0x00000458   Code   RO          163    i.__ieee754_rem_pio2  m_wm.l(rred.o)
    0x00002678   0x00000170   Code   RO          160    i.__kernel_cos      m_wm.l(cos_i.o)
    0x000027e8   0x000000f8   Code   RO          271    i.__kernel_poly     m_wm.l(poly.o)
    0x000028e0   0x00000130   Code   RO          168    i.__kernel_sin      m_wm.l(sin_i.o)
    0x00002a10   0x00000020   Code   RO          261    i.__mathlib_dbl_underflow  m_wm.l(dunder.o)
    0x00002a30   0x00000020   Code   RO          265    i.fabs              m_wm.l(fabs.o)
    0x00002a50   0x0000001a   Code   RO          233    i.fputc             c_w.l(fputc.o)
    0x00002a6a   0x00000002   PAD
    0x00002a6c   0x0000002c   Code   RO          245    locale$$code        c_w.l(lc_numeric_c.o)
    0x00002a98   0x00000018   Code   RO          149    x$fpl$basic         fz_wm.l(basic.o)
    0x00002ab0   0x00000150   Code   RO           97    x$fpl$dadd          fz_wm.l(daddsub_clz.o)
    0x00002c00   0x000002b0   Code   RO          104    x$fpl$ddiv          fz_wm.l(ddiv.o)
    0x00002eb0   0x0000005e   Code   RO          249    x$fpl$dfix          fz_wm.l(dfix.o)
    0x00002f0e   0x0000002e   Code   RO          254    x$fpl$dflt          fz_wm.l(dflt_clz.o)
    0x00002f3c   0x00000026   Code   RO          253    x$fpl$dfltu         fz_wm.l(dflt_clz.o)
    0x00002f62   0x00000002   PAD
    0x00002f64   0x00000154   Code   RO          107    x$fpl$dmul          fz_wm.l(dmul.o)
    0x000030b8   0x0000009c   Code   RO          153    x$fpl$dnaninf       fz_wm.l(dnaninf.o)
    0x00003154   0x0000000c   Code   RO          155    x$fpl$dretinf       fz_wm.l(dretinf.o)
    0x00003160   0x00000016   Code   RO           98    x$fpl$drsb          fz_wm.l(daddsub_clz.o)
    0x00003176   0x00000002   PAD
    0x00003178   0x00000198   Code   RO          157    x$fpl$dsqrt         fz_wm.l(dsqrt_umaal.o)
    0x00003310   0x000001d4   Code   RO           99    x$fpl$dsub          fz_wm.l(daddsub_clz.o)
    0x000034e4   0x0000000a   Code   RO          488    x$fpl$fpinit        fz_wm.l(fpinit.o)
    0x000034ee   0x00000004   Code   RO          109    x$fpl$printf1       fz_wm.l(printf1.o)
    0x000034f2   0x00000000   Code   RO          159    x$fpl$usenofp       fz_wm.l(usenofp.o)
    0x000034f2   0x00000006   PAD
    0x000034f8   0x00000030   Data   RO          161    .constdata          m_wm.l(cos_i.o)
    0x00003528   0x000000c8   Data   RO          165    .constdata          m_wm.l(rred.o)
    0x000035f0   0x00000028   Data   RO          169    .constdata          m_wm.l(sin_i.o)
    0x00003618   0x00000094   Data   RO          206    .constdata          c_w.l(bigflt0.o)
    0x000036ac   0x00000004   Data   RO          274    .constdata          c_w.l(sys_io.o)
    0x000036b0   0x00000004   Data   RO          275    .constdata          c_w.l(sys_io.o)
    0x000036b4   0x00000004   Data   RO          276    .constdata          c_w.l(sys_io.o)
    0x000036b8   0x00000020   Data   RO          571    Region$$Table       anon$$obj.o
    0x000036d8   0x0000001c   Data   RO          244    locale$$data        c_w.l(lc_numeric_c.o)


    Execution Region ER_RW (Base: 0x20000000, Size: 0x00000014, Max: 0xffffffff, ABSOLUTE)

    Base Addr    Size         Type   Attr      Idx    E Section Name        Object

    0x20000000   0x00000008   Data   RW           13    .data               main.o
    0x20000008   0x00000004   Data   RW          146    .data               c_w.l(stdio_streams.o)
    0x2000000c   0x00000004   Data   RW          147    .data               c_w.l(stdio_streams.o)
    0x20000010   0x00000004   Data   RW          148    .data               c_w.l(stdio_streams.o)


    Execution Region ER_ZI (Base: 0x20000014, Size: 0x0000035c, Max: 0xffffffff, ABSOLUTE)

    Base Addr    Size         Type   Attr      Idx    E Section Name        Object

    0x20000014   0x00000054   Zero   RW          143    .bss                c_w.l(stdio_streams.o)
    0x20000068   0x00000054   Zero   RW          144    .bss                c_w.l(stdio_streams.o)
    0x200000bc   0x00000054   Zero   RW          145    .bss                c_w.l(stdio_streams.o)
    0x20000110   0x00000060   Zero   RW          279    .bss                c_w.l(libspace.o)
    0x20000170   0x00000000   Zero   RW            2    HEAP                startup_tm4c123.o
    0x20000170   0x00000200   Zero   RW            1    STACK               startup_tm4c123.o


==============================================================================

Image component sizes


      Code (inc. data)   RO Data    RW Data    ZI Data      Debug   Object Name

       604         96          0          8          0       2801   main.o
       268         20        620          0        512       5380   startup_tm4c123.o

    ----------------------------------------------------------------------
       872        116        652          8        512       8181   Object Totals
         0          0         32          0          0          0   (incl. Generated)
         0          0          0          0          0          0   (incl. Padding)

    ----------------------------------------------------------------------

      Code (inc. data)   RO Data    RW Data    ZI Data      Debug   Library Member Name

         8          0          0          0          0         68   __main.o
       184          0          0          0          0         84   __printf_ss.o
        52          8          0          0          0          0   __scatter.o
        26          0          0          0          0          0   __scatter_copy.o
        28          0          0          0          0          0   __scatter_zi.o
        48          6          0          0          0         96   _printf_char_common.o
        36          4          0          0          0         80   _printf_char_file.o
         6          0          0          0          0          0   _printf_f.o
      1056          0          0          0          0        216   _printf_fp_dec.o
       128         16          0          0          0         84   _printf_fp_infnan.o
         0          0          0          0          0          0   _printf_percent.o
         4          0          0          0          0          0   _printf_percent_end.o
        22          0          0          0          0        100   _rserrno.o
       228          6        148          0          0         96   bigflt0.o
      1910        128          0          0          0        672   btod.o
        10          0          0          0          0         68   defsig_exit.o
        50          0          0          0          0         88   defsig_general.o
        80         58          0          0          0         76   defsig_rtmem_inner.o
        14          0          0          0          0         80   defsig_rtmem_outer.o
        52         38          0          0          0         76   defsig_rtred_inner.o
        14          0          0          0          0         80   defsig_rtred_outer.o
        12          0          0          0          0         72   exit.o
        76          0          0          0          0         88   fclose.o
         8          0          0          0          0         68   ferror.o
       478          0          0          0          0         88   flsbuf.o
       236          4          0          0          0        128   fopen.o
        26          0          0          0          0         68   fputc.o
       248          6          0          0          0         84   fseek.o
        70          0          0          0          0         76   ftell.o
        94          0          0          0          0         80   h1_alloc.o
        52          0          0          0          0         68   h1_extend.o
        78          0          0          0          0         80   h1_free.o
        14          0          0          0          0         84   h1_init.o
         6          0          0          0          0        152   heapauxi.o
         4          0          0          0          0        136   hguard.o
         0          0          0          0          0          0   indicate_semi.o
       138          0          0          0          0        168   init_alloc.o
       312         46          0          0          0        112   initio.o
        44         10         28          0          0         76   lc_numeric_c.o
         2          0          0          0          0          0   libinit.o
        34          0          0          0          0          0   libinit2.o
         2          0          0          0          0          0   libshutdown.o
         6          0          0          0          0          0   libshutdown2.o
         8          4          0          0         96         68   libspace.o
       138          0          0          0          0         80   lludiv10.o
         0          0          0          0          0          0   maybetermalloc1.o
        24          4          0          0          0         84   noretval__2printf.o
         8          4          0          0          0         68   rt_errno_addr_intlibspace.o
         8          4          0          0          0         68   rt_heap_descriptor_intlibspace.o
         8          4          0          0          0         68   rt_locale_intlibspace.o
        78          0          0          0          0         80   rt_memclr_w.o
         0          0          0          0          0          0   rtentry.o
        12          0          0          0          0          0   rtentry2.o
         6          0          0          0          0          0   rtentry4.o
         2          0          0          0          0          0   rtexit.o
        10          0          0          0          0          0   rtexit2.o
        70          0          0          0          0         80   setvbuf.o
       240          6          0          0          0        156   stdio.o
         0          0          0         12        252          0   stdio_streams.o
       128          0          0          0          0         68   strcmpv7m.o
        62          0          0          0          0         76   strlen.o
        12          4          0          0          0         68   sys_exit.o
       102          0         12          0          0        240   sys_io.o
        74          0          0          0          0         80   sys_stackheap_outer.o
        14          0          0          0          0         76   sys_wrch.o
         2          0          0          0          0         68   use_no_semi.o
        24          0          0          0          0        164   basic.o
       826         16          0          0          0        492   daddsub_clz.o
       688        140          0          0          0        256   ddiv.o
        94          4          0          0          0        140   dfix.o
        84          0          0          0          0        232   dflt_clz.o
       340         12          0          0          0        152   dmul.o
       156          4          0          0          0        140   dnaninf.o
        12          0          0          0          0        116   dretinf.o
       408         56          0          0          0        168   dsqrt_umaal.o
        10          0          0          0          0        116   fpinit.o
         4          0          0          0          0        116   printf1.o
         0          0          0          0          0          0   usenofp.o
       216         16          0          0          0        152   cos.o
       368         46         48          0          0        200   cos_i.o
        32          8          0          0          0        124   dunder.o
        32          0          0          0          0        124   fabs.o
        48          0          0          0          0        124   fpclassify.o
       248          0          0          0          0        152   poly.o
      1112        140        200          0          0        188   rred.o
       304         24         40          0          0        208   sin_i.o
       122          0          0          0          0        148   sqrt.o

    ----------------------------------------------------------------------
     12068        826        476         12        348       8532   Library Totals
        38          0          0          0          0          0   (incl. Padding)

    ----------------------------------------------------------------------

      Code (inc. data)   RO Data    RW Data    ZI Data      Debug   Library Name

      6902        360        188         12        348       5020   c_w.l
      2646        232          0          0          0       2092   fz_wm.l
      2482        234        288          0          0       1420   m_wm.l

    ----------------------------------------------------------------------
     12068        826        476         12        348       8532   Library Totals

    ----------------------------------------------------------------------

==============================================================================


      Code (inc. data)   RO Data    RW Data    ZI Data      Debug   

     12940        942       1128         20        860      11553   Grand Totals
     12940        942       1128         20        860      11553   ELF Image Totals
     12940        942       1128         20          0          0   ROM Totals

==============================================================================

    Total RO  Size (Code + RO Data)                14068 (  13.74kB)
    Total RW  Size (RW Data + ZI Data)               880 (   0.86kB)
    Total ROM Size (Code + RO Data + RW Data)      14088 (  13.76kB)

==============================================================================

